                                                                        Cells by Master                                                                         
┏━━━━━━━━━━━━━━━━━━━━━━━━━━━━━━━━━━━━━━━━━━━━━━━━━━━━━━━━━━━━━━━━━━━━━━━━━━━━━━━━━━━━━━━━━━━━━━━━━━━━━━━━━━━━━━━━━━┳━━━━━━━━━━━━━━━━━━━━━━━━━━━━━━━━━━━━━━━━━━━┓
┃ Cell                                                                                                             ┃ Count                                     ┃
┡━━━━━━━━━━━━━━━━━━━━━━━━━━━━━━━━━━━━━━━━━━━━━━━━━━━━━━━━━━━━━━━━━━━━━━━━━━━━━━━━━━━━━━━━━━━━━━━━━━━━━━━━━━━━━━━━━━╇━━━━━━━━━━━━━━━━━━━━━━━━━━━━━━━━━━━━━━━━━━━┩
│ sg13g2_a21o_1                                                                                                    │ 127                                       │
│ sg13g2_a21oi_1                                                                                                   │ 1065                                      │
│ sg13g2_a221oi_1                                                                                                  │ 161                                       │
│ sg13g2_a22oi_1                                                                                                   │ 118                                       │
│ sg13g2_and2_1                                                                                                    │ 142                                       │
│ sg13g2_and3_1                                                                                                    │ 19                                        │
│ sg13g2_and4_1                                                                                                    │ 7                                         │
│ sg13g2_antennanp                                                                                                 │ 5                                         │
│ sg13g2_buf_1                                                                                                     │ 1177                                      │
│ sg13g2_decap_4                                                                                                   │ 1819                                      │
│ sg13g2_decap_8                                                                                                   │ 7205                                      │
│ sg13g2_dfrbpq_1                                                                                                  │ 1051                                      │
│ sg13g2_ebufn_2                                                                                                   │ 1                                         │
│ sg13g2_fill_1                                                                                                    │ 2504                                      │
│ sg13g2_fill_2                                                                                                    │ 2476                                      │
│ sg13g2_inv_1                                                                                                     │ 685                                       │
│ sg13g2_mux2_1                                                                                                    │ 553                                       │
│ sg13g2_mux4_1                                                                                                    │ 117                                       │
│ sg13g2_nand2_1                                                                                                   │ 646                                       │
│ sg13g2_nand2b_1                                                                                                  │ 175                                       │
│ sg13g2_nand3_1                                                                                                   │ 75                                        │
│ sg13g2_nand3b_1                                                                                                  │ 8                                         │
│ sg13g2_nand4_1                                                                                                   │ 13                                        │
│ sg13g2_nor2_1                                                                                                    │ 744                                       │
│ sg13g2_nor2b_1                                                                                                   │ 120                                       │
│ sg13g2_nor3_1                                                                                                    │ 114                                       │
│ sg13g2_nor4_1                                                                                                    │ 24                                        │
│ sg13g2_o21ai_1                                                                                                   │ 1115                                      │
│ sg13g2_or2_1                                                                                                     │ 96                                        │
│ sg13g2_or3_1                                                                                                     │ 24                                        │
│ sg13g2_or4_1                                                                                                     │ 4                                         │
│ sg13g2_tiehi                                                                                                     │ 782                                       │
│ sg13g2_xnor2_1                                                                                                   │ 343                                       │
│ sg13g2_xor2_1                                                                                                    │ 213                                       │
└──────────────────────────────────────────────────────────────────────────────────────────────────────────────────┴───────────────────────────────────────────┘
