
===========================================================================
 report_power
============================================================================
======================= nom_fast_1p32V_m40C Corner ===================================

Group                    Internal    Switching      Leakage        Total
                            Power        Power        Power        Power (Watts)
------------------------------------------------------------------------
Sequential           3.152851e-04 2.874013e-05 3.356573e-08 3.440588e-04  80.3%
Combinational        5.573186e-05 2.848673e-05 3.268368e-08 8.425127e-05  19.7%
Clock                0.000000e+00 0.000000e+00 0.000000e+00 0.000000e+00   0.0%
Macro                0.000000e+00 0.000000e+00 0.000000e+00 0.000000e+00   0.0%
Pad                  0.000000e+00 0.000000e+00 0.000000e+00 0.000000e+00   0.0%
------------------------------------------------------------------------
Total                3.710171e-04 5.722685e-05 6.624941e-08 4.283102e-04 100.0%
                            86.6%        13.4%         0.0%

