
Cell sg13g2_decap_8 (0) disconnected node: VDD
Cell sg13g2_decap_8 (0) disconnected node: VSS

Subcircuit pins:
Circuit 1: sg13g2_decap_8                  |Circuit 2: sg13g2_decap_8                  
-------------------------------------------|-------------------------------------------
VDD                                        |VDD                                        
VSS                                        |VSS                                        
---------------------------------------------------------------------------------------
Cell pin lists are equivalent.
Device classes sg13g2_decap_8 and sg13g2_decap_8 are equivalent.

Cell sg13g2_xnor2_1 (0) disconnected node: Y
Cell sg13g2_xnor2_1 (0) disconnected node: A
Cell sg13g2_xnor2_1 (0) disconnected node: B
Cell sg13g2_xnor2_1 (0) disconnected node: VDD
Cell sg13g2_xnor2_1 (0) disconnected node: VSS

Subcircuit pins:
Circuit 1: sg13g2_xnor2_1                  |Circuit 2: sg13g2_xnor2_1                  
-------------------------------------------|-------------------------------------------
Y                                          |Y                                          
A                                          |A                                          
B                                          |B                                          
VDD                                        |VDD                                        
VSS                                        |VSS                                        
---------------------------------------------------------------------------------------
Cell pin lists are equivalent.
Device classes sg13g2_xnor2_1 and sg13g2_xnor2_1 are equivalent.

Cell sg13g2_o21ai_1 (0) disconnected node: B1
Cell sg13g2_o21ai_1 (0) disconnected node: VDD
Cell sg13g2_o21ai_1 (0) disconnected node: Y
Cell sg13g2_o21ai_1 (0) disconnected node: VSS
Cell sg13g2_o21ai_1 (0) disconnected node: A1
Cell sg13g2_o21ai_1 (0) disconnected node: A2

Subcircuit pins:
Circuit 1: sg13g2_o21ai_1                  |Circuit 2: sg13g2_o21ai_1                  
-------------------------------------------|-------------------------------------------
B1                                         |B1                                         
VDD                                        |VDD                                        
Y                                          |Y                                          
VSS                                        |VSS                                        
A1                                         |A1                                         
A2                                         |A2                                         
---------------------------------------------------------------------------------------
Cell pin lists are equivalent.
Device classes sg13g2_o21ai_1 and sg13g2_o21ai_1 are equivalent.

Cell sg13g2_nand2_1 (0) disconnected node: Y
Cell sg13g2_nand2_1 (0) disconnected node: A
Cell sg13g2_nand2_1 (0) disconnected node: B
Cell sg13g2_nand2_1 (0) disconnected node: VDD
Cell sg13g2_nand2_1 (0) disconnected node: VSS

Subcircuit pins:
Circuit 1: sg13g2_nand2_1                  |Circuit 2: sg13g2_nand2_1                  
-------------------------------------------|-------------------------------------------
Y                                          |Y                                          
A                                          |A                                          
B                                          |B                                          
VDD                                        |VDD                                        
VSS                                        |VSS                                        
---------------------------------------------------------------------------------------
Cell pin lists are equivalent.
Device classes sg13g2_nand2_1 and sg13g2_nand2_1 are equivalent.

Cell sg13g2_decap_4 (0) disconnected node: VDD
Cell sg13g2_decap_4 (0) disconnected node: VSS

Subcircuit pins:
Circuit 1: sg13g2_decap_4                  |Circuit 2: sg13g2_decap_4                  
-------------------------------------------|-------------------------------------------
VDD                                        |VDD                                        
VSS                                        |VSS                                        
---------------------------------------------------------------------------------------
Cell pin lists are equivalent.
Device classes sg13g2_decap_4 and sg13g2_decap_4 are equivalent.

Cell sg13g2_fill_2 (0) disconnected node: VDD
Cell sg13g2_fill_2 (0) disconnected node: VSS
Cell sg13g2_fill_2 (1) disconnected node: VDD
Cell sg13g2_fill_2 (1) disconnected node: VSS

Subcircuit pins:
Circuit 1: sg13g2_fill_2                   |Circuit 2: sg13g2_fill_2                   
-------------------------------------------|-------------------------------------------
VDD                                        |VDD                                        
VSS                                        |VSS                                        
---------------------------------------------------------------------------------------
Cell pin lists are equivalent.
Device classes sg13g2_fill_2 and sg13g2_fill_2 are equivalent.

Cell sg13g2_a21oi_1 (0) disconnected node: VSS
Cell sg13g2_a21oi_1 (0) disconnected node: VDD
Cell sg13g2_a21oi_1 (0) disconnected node: A1
Cell sg13g2_a21oi_1 (0) disconnected node: A2
Cell sg13g2_a21oi_1 (0) disconnected node: Y
Cell sg13g2_a21oi_1 (0) disconnected node: B1

Subcircuit pins:
Circuit 1: sg13g2_a21oi_1                  |Circuit 2: sg13g2_a21oi_1                  
-------------------------------------------|-------------------------------------------
VSS                                        |VSS                                        
VDD                                        |VDD                                        
A1                                         |A1                                         
A2                                         |A2                                         
Y                                          |Y                                          
B1                                         |B1                                         
---------------------------------------------------------------------------------------
Cell pin lists are equivalent.
Device classes sg13g2_a21oi_1 and sg13g2_a21oi_1 are equivalent.

Cell sg13g2_a22oi_1 (0) disconnected node: Y
Cell sg13g2_a22oi_1 (0) disconnected node: B1
Cell sg13g2_a22oi_1 (0) disconnected node: B2
Cell sg13g2_a22oi_1 (0) disconnected node: A2
Cell sg13g2_a22oi_1 (0) disconnected node: A1
Cell sg13g2_a22oi_1 (0) disconnected node: VDD
Cell sg13g2_a22oi_1 (0) disconnected node: VSS

Subcircuit pins:
Circuit 1: sg13g2_a22oi_1                  |Circuit 2: sg13g2_a22oi_1                  
-------------------------------------------|-------------------------------------------
Y                                          |Y                                          
B1                                         |B1                                         
B2                                         |B2                                         
A2                                         |A2                                         
A1                                         |A1                                         
VDD                                        |VDD                                        
VSS                                        |VSS                                        
---------------------------------------------------------------------------------------
Cell pin lists are equivalent.
Device classes sg13g2_a22oi_1 and sg13g2_a22oi_1 are equivalent.

Cell sg13g2_buf_1 (0) disconnected node: A
Cell sg13g2_buf_1 (0) disconnected node: X
Cell sg13g2_buf_1 (0) disconnected node: VDD
Cell sg13g2_buf_1 (0) disconnected node: VSS

Subcircuit pins:
Circuit 1: sg13g2_buf_1                    |Circuit 2: sg13g2_buf_1                    
-------------------------------------------|-------------------------------------------
A                                          |A                                          
X                                          |X                                          
VDD                                        |VDD                                        
VSS                                        |VSS                                        
---------------------------------------------------------------------------------------
Cell pin lists are equivalent.
Device classes sg13g2_buf_1 and sg13g2_buf_1 are equivalent.

Cell sg13g2_mux2_1 (0) disconnected node: A0
Cell sg13g2_mux2_1 (0) disconnected node: A1
Cell sg13g2_mux2_1 (0) disconnected node: S
Cell sg13g2_mux2_1 (0) disconnected node: X
Cell sg13g2_mux2_1 (0) disconnected node: VDD
Cell sg13g2_mux2_1 (0) disconnected node: VSS

Subcircuit pins:
Circuit 1: sg13g2_mux2_1                   |Circuit 2: sg13g2_mux2_1                   
-------------------------------------------|-------------------------------------------
A0                                         |A0                                         
A1                                         |A1                                         
S                                          |S                                          
X                                          |X                                          
VDD                                        |VDD                                        
VSS                                        |VSS                                        
---------------------------------------------------------------------------------------
Cell pin lists are equivalent.
Device classes sg13g2_mux2_1 and sg13g2_mux2_1 are equivalent.

Cell sg13g2_fill_1 (0) disconnected node: VDD
Cell sg13g2_fill_1 (0) disconnected node: VSS
Cell sg13g2_fill_1 (1) disconnected node: VDD
Cell sg13g2_fill_1 (1) disconnected node: VSS

Subcircuit pins:
Circuit 1: sg13g2_fill_1                   |Circuit 2: sg13g2_fill_1                   
-------------------------------------------|-------------------------------------------
VDD                                        |VDD                                        
VSS                                        |VSS                                        
---------------------------------------------------------------------------------------
Cell pin lists are equivalent.
Device classes sg13g2_fill_1 and sg13g2_fill_1 are equivalent.

Cell sg13g2_tiehi (0) disconnected node: VDD
Cell sg13g2_tiehi (0) disconnected node: VSS
Cell sg13g2_tiehi (0) disconnected node: L_HI

Subcircuit pins:
Circuit 1: sg13g2_tiehi                    |Circuit 2: sg13g2_tiehi                    
-------------------------------------------|-------------------------------------------
VDD                                        |VDD                                        
VSS                                        |VSS                                        
L_HI                                       |L_HI                                       
---------------------------------------------------------------------------------------
Cell pin lists are equivalent.
Device classes sg13g2_tiehi and sg13g2_tiehi are equivalent.

Cell sg13g2_nand2b_1 (0) disconnected node: Y
Cell sg13g2_nand2b_1 (0) disconnected node: B
Cell sg13g2_nand2b_1 (0) disconnected node: A_N
Cell sg13g2_nand2b_1 (0) disconnected node: VDD
Cell sg13g2_nand2b_1 (0) disconnected node: VSS

Subcircuit pins:
Circuit 1: sg13g2_nand2b_1                 |Circuit 2: sg13g2_nand2b_1                 
-------------------------------------------|-------------------------------------------
Y                                          |Y                                          
B                                          |B                                          
A_N                                        |A_N                                        
VDD                                        |VDD                                        
VSS                                        |VSS                                        
---------------------------------------------------------------------------------------
Cell pin lists are equivalent.
Device classes sg13g2_nand2b_1 and sg13g2_nand2b_1 are equivalent.

Cell sg13g2_dfrbpq_1 (0) disconnected node: RESET_B
Cell sg13g2_dfrbpq_1 (0) disconnected node: VSS
Cell sg13g2_dfrbpq_1 (0) disconnected node: VDD
Cell sg13g2_dfrbpq_1 (0) disconnected node: D
Cell sg13g2_dfrbpq_1 (0) disconnected node: Q
Cell sg13g2_dfrbpq_1 (0) disconnected node: CLK

Subcircuit pins:
Circuit 1: sg13g2_dfrbpq_1                 |Circuit 2: sg13g2_dfrbpq_1                 
-------------------------------------------|-------------------------------------------
RESET_B                                    |RESET_B                                    
VSS                                        |VSS                                        
VDD                                        |VDD                                        
D                                          |D                                          
Q                                          |Q                                          
CLK                                        |CLK                                        
---------------------------------------------------------------------------------------
Cell pin lists are equivalent.
Device classes sg13g2_dfrbpq_1 and sg13g2_dfrbpq_1 are equivalent.

Cell sg13g2_xor2_1 (0) disconnected node: B
Cell sg13g2_xor2_1 (0) disconnected node: A
Cell sg13g2_xor2_1 (0) disconnected node: X
Cell sg13g2_xor2_1 (0) disconnected node: VDD
Cell sg13g2_xor2_1 (0) disconnected node: VSS

Subcircuit pins:
Circuit 1: sg13g2_xor2_1                   |Circuit 2: sg13g2_xor2_1                   
-------------------------------------------|-------------------------------------------
B                                          |B                                          
A                                          |A                                          
X                                          |X                                          
VDD                                        |VDD                                        
VSS                                        |VSS                                        
---------------------------------------------------------------------------------------
Cell pin lists are equivalent.
Device classes sg13g2_xor2_1 and sg13g2_xor2_1 are equivalent.

Cell sg13g2_nor3_1 (0) disconnected node: A
Cell sg13g2_nor3_1 (0) disconnected node: B
Cell sg13g2_nor3_1 (0) disconnected node: C
Cell sg13g2_nor3_1 (0) disconnected node: Y
Cell sg13g2_nor3_1 (0) disconnected node: VDD
Cell sg13g2_nor3_1 (0) disconnected node: VSS

Subcircuit pins:
Circuit 1: sg13g2_nor3_1                   |Circuit 2: sg13g2_nor3_1                   
-------------------------------------------|-------------------------------------------
A                                          |A                                          
B                                          |B                                          
C                                          |C                                          
Y                                          |Y                                          
VDD                                        |VDD                                        
VSS                                        |VSS                                        
---------------------------------------------------------------------------------------
Cell pin lists are equivalent.
Device classes sg13g2_nor3_1 and sg13g2_nor3_1 are equivalent.

Cell sg13g2_a221oi_1 (0) disconnected node: VDD
Cell sg13g2_a221oi_1 (0) disconnected node: VSS
Cell sg13g2_a221oi_1 (0) disconnected node: B2
Cell sg13g2_a221oi_1 (0) disconnected node: C1
Cell sg13g2_a221oi_1 (0) disconnected node: B1
Cell sg13g2_a221oi_1 (0) disconnected node: A1
Cell sg13g2_a221oi_1 (0) disconnected node: Y
Cell sg13g2_a221oi_1 (0) disconnected node: A2

Subcircuit pins:
Circuit 1: sg13g2_a221oi_1                 |Circuit 2: sg13g2_a221oi_1                 
-------------------------------------------|-------------------------------------------
VDD                                        |VDD                                        
VSS                                        |VSS                                        
B2                                         |B2                                         
C1                                         |C1                                         
B1                                         |B1                                         
A1                                         |A1                                         
Y                                          |Y                                          
A2                                         |A2                                         
---------------------------------------------------------------------------------------
Cell pin lists are equivalent.
Device classes sg13g2_a221oi_1 and sg13g2_a221oi_1 are equivalent.

Cell sg13g2_nor2_1 (0) disconnected node: A
Cell sg13g2_nor2_1 (0) disconnected node: B
Cell sg13g2_nor2_1 (0) disconnected node: Y
Cell sg13g2_nor2_1 (0) disconnected node: VDD
Cell sg13g2_nor2_1 (0) disconnected node: VSS

Subcircuit pins:
Circuit 1: sg13g2_nor2_1                   |Circuit 2: sg13g2_nor2_1                   
-------------------------------------------|-------------------------------------------
A                                          |A                                          
B                                          |B                                          
Y                                          |Y                                          
VDD                                        |VDD                                        
VSS                                        |VSS                                        
---------------------------------------------------------------------------------------
Cell pin lists are equivalent.
Device classes sg13g2_nor2_1 and sg13g2_nor2_1 are equivalent.

Cell sg13g2_inv_1 (0) disconnected node: VDD
Cell sg13g2_inv_1 (0) disconnected node: Y
Cell sg13g2_inv_1 (0) disconnected node: A
Cell sg13g2_inv_1 (0) disconnected node: VSS

Subcircuit pins:
Circuit 1: sg13g2_inv_1                    |Circuit 2: sg13g2_inv_1                    
-------------------------------------------|-------------------------------------------
VDD                                        |VDD                                        
Y                                          |Y                                          
A                                          |A                                          
VSS                                        |VSS                                        
---------------------------------------------------------------------------------------
Cell pin lists are equivalent.
Device classes sg13g2_inv_1 and sg13g2_inv_1 are equivalent.

Cell sg13g2_nor2b_1 (0) disconnected node: A
Cell sg13g2_nor2b_1 (0) disconnected node: B_N
Cell sg13g2_nor2b_1 (0) disconnected node: Y
Cell sg13g2_nor2b_1 (0) disconnected node: VDD
Cell sg13g2_nor2b_1 (0) disconnected node: VSS

Subcircuit pins:
Circuit 1: sg13g2_nor2b_1                  |Circuit 2: sg13g2_nor2b_1                  
-------------------------------------------|-------------------------------------------
A                                          |A                                          
B_N                                        |B_N                                        
Y                                          |Y                                          
VDD                                        |VDD                                        
VSS                                        |VSS                                        
---------------------------------------------------------------------------------------
Cell pin lists are equivalent.
Device classes sg13g2_nor2b_1 and sg13g2_nor2b_1 are equivalent.

Cell sg13g2_nor4_1 (0) disconnected node: A
Cell sg13g2_nor4_1 (0) disconnected node: B
Cell sg13g2_nor4_1 (0) disconnected node: C
Cell sg13g2_nor4_1 (0) disconnected node: D
Cell sg13g2_nor4_1 (0) disconnected node: Y
Cell sg13g2_nor4_1 (0) disconnected node: VDD
Cell sg13g2_nor4_1 (0) disconnected node: VSS

Subcircuit pins:
Circuit 1: sg13g2_nor4_1                   |Circuit 2: sg13g2_nor4_1                   
-------------------------------------------|-------------------------------------------
A                                          |A                                          
B                                          |B                                          
C                                          |C                                          
D                                          |D                                          
Y                                          |Y                                          
VDD                                        |VDD                                        
VSS                                        |VSS                                        
---------------------------------------------------------------------------------------
Cell pin lists are equivalent.
Device classes sg13g2_nor4_1 and sg13g2_nor4_1 are equivalent.

Cell sg13g2_a21o_1 (0) disconnected node: A2
Cell sg13g2_a21o_1 (0) disconnected node: A1
Cell sg13g2_a21o_1 (0) disconnected node: B1
Cell sg13g2_a21o_1 (0) disconnected node: X
Cell sg13g2_a21o_1 (0) disconnected node: VDD
Cell sg13g2_a21o_1 (0) disconnected node: VSS

Subcircuit pins:
Circuit 1: sg13g2_a21o_1                   |Circuit 2: sg13g2_a21o_1                   
-------------------------------------------|-------------------------------------------
A2                                         |A2                                         
A1                                         |A1                                         
B1                                         |B1                                         
X                                          |X                                          
VDD                                        |VDD                                        
VSS                                        |VSS                                        
---------------------------------------------------------------------------------------
Cell pin lists are equivalent.
Device classes sg13g2_a21o_1 and sg13g2_a21o_1 are equivalent.

Cell sg13g2_mux4_1 (0) disconnected node: S0
Cell sg13g2_mux4_1 (0) disconnected node: A0
Cell sg13g2_mux4_1 (0) disconnected node: A1
Cell sg13g2_mux4_1 (0) disconnected node: A2
Cell sg13g2_mux4_1 (0) disconnected node: A3
Cell sg13g2_mux4_1 (0) disconnected node: S1
Cell sg13g2_mux4_1 (0) disconnected node: X
Cell sg13g2_mux4_1 (0) disconnected node: VDD
Cell sg13g2_mux4_1 (0) disconnected node: VSS

Subcircuit pins:
Circuit 1: sg13g2_mux4_1                   |Circuit 2: sg13g2_mux4_1                   
-------------------------------------------|-------------------------------------------
S0                                         |S0                                         
A0                                         |A0                                         
A1                                         |A1                                         
A2                                         |A2                                         
A3                                         |A3                                         
S1                                         |S1                                         
X                                          |X                                          
VDD                                        |VDD                                        
VSS                                        |VSS                                        
---------------------------------------------------------------------------------------
Cell pin lists are equivalent.
Device classes sg13g2_mux4_1 and sg13g2_mux4_1 are equivalent.

Cell sg13g2_nand3b_1 (0) disconnected node: B
Cell sg13g2_nand3b_1 (0) disconnected node: C
Cell sg13g2_nand3b_1 (0) disconnected node: Y
Cell sg13g2_nand3b_1 (0) disconnected node: VDD
Cell sg13g2_nand3b_1 (0) disconnected node: VSS
Cell sg13g2_nand3b_1 (0) disconnected node: A_N

Subcircuit pins:
Circuit 1: sg13g2_nand3b_1                 |Circuit 2: sg13g2_nand3b_1                 
-------------------------------------------|-------------------------------------------
B                                          |B                                          
C                                          |C                                          
Y                                          |Y                                          
VDD                                        |VDD                                        
VSS                                        |VSS                                        
A_N                                        |A_N                                        
---------------------------------------------------------------------------------------
Cell pin lists are equivalent.
Device classes sg13g2_nand3b_1 and sg13g2_nand3b_1 are equivalent.

Cell sg13g2_and2_1 (0) disconnected node: A
Cell sg13g2_and2_1 (0) disconnected node: B
Cell sg13g2_and2_1 (0) disconnected node: X
Cell sg13g2_and2_1 (0) disconnected node: VDD
Cell sg13g2_and2_1 (0) disconnected node: VSS

Subcircuit pins:
Circuit 1: sg13g2_and2_1                   |Circuit 2: sg13g2_and2_1                   
-------------------------------------------|-------------------------------------------
A                                          |A                                          
B                                          |B                                          
X                                          |X                                          
VDD                                        |VDD                                        
VSS                                        |VSS                                        
---------------------------------------------------------------------------------------
Cell pin lists are equivalent.
Device classes sg13g2_and2_1 and sg13g2_and2_1 are equivalent.

Cell sg13g2_or2_1 (0) disconnected node: VSS
Cell sg13g2_or2_1 (0) disconnected node: VDD
Cell sg13g2_or2_1 (0) disconnected node: X
Cell sg13g2_or2_1 (0) disconnected node: B
Cell sg13g2_or2_1 (0) disconnected node: A

Subcircuit pins:
Circuit 1: sg13g2_or2_1                    |Circuit 2: sg13g2_or2_1                    
-------------------------------------------|-------------------------------------------
VSS                                        |VSS                                        
VDD                                        |VDD                                        
X                                          |X                                          
B                                          |B                                          
A                                          |A                                          
---------------------------------------------------------------------------------------
Cell pin lists are equivalent.
Device classes sg13g2_or2_1 and sg13g2_or2_1 are equivalent.

Cell sg13g2_nand3_1 (0) disconnected node: B
Cell sg13g2_nand3_1 (0) disconnected node: C
Cell sg13g2_nand3_1 (0) disconnected node: A
Cell sg13g2_nand3_1 (0) disconnected node: Y
Cell sg13g2_nand3_1 (0) disconnected node: VDD
Cell sg13g2_nand3_1 (0) disconnected node: VSS

Subcircuit pins:
Circuit 1: sg13g2_nand3_1                  |Circuit 2: sg13g2_nand3_1                  
-------------------------------------------|-------------------------------------------
B                                          |B                                          
C                                          |C                                          
A                                          |A                                          
Y                                          |Y                                          
VDD                                        |VDD                                        
VSS                                        |VSS                                        
---------------------------------------------------------------------------------------
Cell pin lists are equivalent.
Device classes sg13g2_nand3_1 and sg13g2_nand3_1 are equivalent.

Cell sg13g2_antennanp (0) disconnected node: VDD
Cell sg13g2_antennanp (0) disconnected node: VSS
Cell sg13g2_antennanp (0) disconnected node: A

Subcircuit pins:
Circuit 1: sg13g2_antennanp                |Circuit 2: sg13g2_antennanp                
-------------------------------------------|-------------------------------------------
VDD                                        |VDD                                        
VSS                                        |VSS                                        
A                                          |A                                          
---------------------------------------------------------------------------------------
Cell pin lists are equivalent.
Device classes sg13g2_antennanp and sg13g2_antennanp are equivalent.

Cell sg13g2_and3_1 (0) disconnected node: X
Cell sg13g2_and3_1 (0) disconnected node: A
Cell sg13g2_and3_1 (0) disconnected node: B
Cell sg13g2_and3_1 (0) disconnected node: C
Cell sg13g2_and3_1 (0) disconnected node: VDD
Cell sg13g2_and3_1 (0) disconnected node: VSS

Subcircuit pins:
Circuit 1: sg13g2_and3_1                   |Circuit 2: sg13g2_and3_1                   
-------------------------------------------|-------------------------------------------
X                                          |X                                          
A                                          |A                                          
B                                          |B                                          
C                                          |C                                          
VDD                                        |VDD                                        
VSS                                        |VSS                                        
---------------------------------------------------------------------------------------
Cell pin lists are equivalent.
Device classes sg13g2_and3_1 and sg13g2_and3_1 are equivalent.

Cell sg13g2_or3_1 (0) disconnected node: A
Cell sg13g2_or3_1 (0) disconnected node: B
Cell sg13g2_or3_1 (0) disconnected node: C
Cell sg13g2_or3_1 (0) disconnected node: X
Cell sg13g2_or3_1 (0) disconnected node: VDD
Cell sg13g2_or3_1 (0) disconnected node: VSS

Subcircuit pins:
Circuit 1: sg13g2_or3_1                    |Circuit 2: sg13g2_or3_1                    
-------------------------------------------|-------------------------------------------
A                                          |A                                          
B                                          |B                                          
C                                          |C                                          
X                                          |X                                          
VDD                                        |VDD                                        
VSS                                        |VSS                                        
---------------------------------------------------------------------------------------
Cell pin lists are equivalent.
Device classes sg13g2_or3_1 and sg13g2_or3_1 are equivalent.

Cell sg13g2_nand4_1 (0) disconnected node: B
Cell sg13g2_nand4_1 (0) disconnected node: C
Cell sg13g2_nand4_1 (0) disconnected node: A
Cell sg13g2_nand4_1 (0) disconnected node: Y
Cell sg13g2_nand4_1 (0) disconnected node: VDD
Cell sg13g2_nand4_1 (0) disconnected node: VSS
Cell sg13g2_nand4_1 (0) disconnected node: D

Subcircuit pins:
Circuit 1: sg13g2_nand4_1                  |Circuit 2: sg13g2_nand4_1                  
-------------------------------------------|-------------------------------------------
B                                          |B                                          
C                                          |C                                          
A                                          |A                                          
Y                                          |Y                                          
VDD                                        |VDD                                        
VSS                                        |VSS                                        
D                                          |D                                          
---------------------------------------------------------------------------------------
Cell pin lists are equivalent.
Device classes sg13g2_nand4_1 and sg13g2_nand4_1 are equivalent.

Cell sg13g2_and4_1 (0) disconnected node: A
Cell sg13g2_and4_1 (0) disconnected node: B
Cell sg13g2_and4_1 (0) disconnected node: C
Cell sg13g2_and4_1 (0) disconnected node: D
Cell sg13g2_and4_1 (0) disconnected node: X
Cell sg13g2_and4_1 (0) disconnected node: VDD
Cell sg13g2_and4_1 (0) disconnected node: VSS

Subcircuit pins:
Circuit 1: sg13g2_and4_1                   |Circuit 2: sg13g2_and4_1                   
-------------------------------------------|-------------------------------------------
A                                          |A                                          
B                                          |B                                          
C                                          |C                                          
D                                          |D                                          
X                                          |X                                          
VDD                                        |VDD                                        
VSS                                        |VSS                                        
---------------------------------------------------------------------------------------
Cell pin lists are equivalent.
Device classes sg13g2_and4_1 and sg13g2_and4_1 are equivalent.

Cell sg13g2_or4_1 (0) disconnected node: A
Cell sg13g2_or4_1 (0) disconnected node: B
Cell sg13g2_or4_1 (0) disconnected node: C
Cell sg13g2_or4_1 (0) disconnected node: D
Cell sg13g2_or4_1 (0) disconnected node: X
Cell sg13g2_or4_1 (0) disconnected node: VDD
Cell sg13g2_or4_1 (0) disconnected node: VSS

Subcircuit pins:
Circuit 1: sg13g2_or4_1                    |Circuit 2: sg13g2_or4_1                    
-------------------------------------------|-------------------------------------------
A                                          |A                                          
B                                          |B                                          
C                                          |C                                          
D                                          |D                                          
X                                          |X                                          
VDD                                        |VDD                                        
VSS                                        |VSS                                        
---------------------------------------------------------------------------------------
Cell pin lists are equivalent.
Device classes sg13g2_or4_1 and sg13g2_or4_1 are equivalent.

Cell sg13g2_ebufn_2 (0) disconnected node: TE_B
Cell sg13g2_ebufn_2 (0) disconnected node: A
Cell sg13g2_ebufn_2 (0) disconnected node: Z
Cell sg13g2_ebufn_2 (0) disconnected node: VDD
Cell sg13g2_ebufn_2 (0) disconnected node: VSS

Subcircuit pins:
Circuit 1: sg13g2_ebufn_2                  |Circuit 2: sg13g2_ebufn_2                  
-------------------------------------------|-------------------------------------------
TE_B                                       |TE_B                                       
A                                          |A                                          
Z                                          |Z                                          
VDD                                        |VDD                                        
VSS                                        |VSS                                        
---------------------------------------------------------------------------------------
Cell pin lists are equivalent.
Device classes sg13g2_ebufn_2 and sg13g2_ebufn_2 are equivalent.

Class CNNver2 (0):  Merged 14000 parallel devices.
Class CNNver2 (1):  Merged 14000 parallel devices.
Subcircuit summary:
Circuit 1: CNNver2                         |Circuit 2: CNNver2                         
-------------------------------------------|-------------------------------------------
sg13g2_decap_8 (7205->1)                   |sg13g2_decap_8 (7205->1)                   
sg13g2_xnor2_1 (343)                       |sg13g2_xnor2_1 (343)                       
sg13g2_o21ai_1 (1115)                      |sg13g2_o21ai_1 (1115)                      
sg13g2_nand2_1 (646)                       |sg13g2_nand2_1 (646)                       
sg13g2_decap_4 (1819->1)                   |sg13g2_decap_4 (1819->1)                   
sg13g2_fill_2 (2476->1)                    |sg13g2_fill_2 (2476->1)                    
sg13g2_a21oi_1 (1065)                      |sg13g2_a21oi_1 (1065)                      
sg13g2_a22oi_1 (118)                       |sg13g2_a22oi_1 (118)                       
sg13g2_buf_1 (1177)                        |sg13g2_buf_1 (1177)                        
sg13g2_mux2_1 (553)                        |sg13g2_mux2_1 (553)                        
sg13g2_fill_1 (2504->1)                    |sg13g2_fill_1 (2504->1)                    
sg13g2_tiehi (782)                         |sg13g2_tiehi (782)                         
sg13g2_nand2b_1 (175)                      |sg13g2_nand2b_1 (175)                      
sg13g2_dfrbpq_1 (1051)                     |sg13g2_dfrbpq_1 (1051)                     
sg13g2_xor2_1 (213)                        |sg13g2_xor2_1 (213)                        
sg13g2_nor3_1 (114)                        |sg13g2_nor3_1 (114)                        
sg13g2_a221oi_1 (161)                      |sg13g2_a221oi_1 (161)                      
sg13g2_nor2_1 (744)                        |sg13g2_nor2_1 (744)                        
sg13g2_inv_1 (685)                         |sg13g2_inv_1 (685)                         
sg13g2_nor2b_1 (120)                       |sg13g2_nor2b_1 (120)                       
sg13g2_nor4_1 (24)                         |sg13g2_nor4_1 (24)                         
sg13g2_a21o_1 (127)                        |sg13g2_a21o_1 (127)                        
sg13g2_mux4_1 (117)                        |sg13g2_mux4_1 (117)                        
sg13g2_nand3b_1 (8)                        |sg13g2_nand3b_1 (8)                        
sg13g2_and2_1 (142)                        |sg13g2_and2_1 (142)                        
sg13g2_or2_1 (96)                          |sg13g2_or2_1 (96)                          
sg13g2_nand3_1 (75)                        |sg13g2_nand3_1 (75)                        
sg13g2_antennanp (5)                       |sg13g2_antennanp (5)                       
sg13g2_and3_1 (19)                         |sg13g2_and3_1 (19)                         
sg13g2_or3_1 (24)                          |sg13g2_or3_1 (24)                          
sg13g2_nand4_1 (13)                        |sg13g2_nand4_1 (13)                        
sg13g2_and4_1 (7)                          |sg13g2_and4_1 (7)                          
sg13g2_or4_1 (4)                           |sg13g2_or4_1 (4)                           
sg13g2_ebufn_2 (1)                         |sg13g2_ebufn_2 (1)                         
Number of devices: 9728                    |Number of devices: 9728                    
Number of nets: 9726                       |Number of nets: 9726                       
---------------------------------------------------------------------------------------
Resolving symmetries by property value.
Resolving symmetries by pin name.
Resolving symmetries by net name.
Netlists match with 1 symmetry.

Subcircuit pins:
Circuit 1: CNNver2                         |Circuit 2: CNNver2                         
-------------------------------------------|-------------------------------------------
CNNver2_MISO                               |CNNver2_MISO                               
CNNver2_MOSI                               |CNNver2_MOSI                               
CNNver2_SPICLOCK_50                        |CNNver2_SPICLOCK_50                        
CNNver2_Reset_InHigh                       |CNNver2_Reset_InHigh                       
CNNver2_CMD_Reset                          |CNNver2_CMD_Reset                          
CNNver2_SS_N                               |CNNver2_SS_N                               
CNNver2_MR1_Load                           |CNNver2_MR1_Load                           
CNNver2_MR2_Load                           |CNNver2_MR2_Load                           
VPWR                                       |VPWR                                       
VGND                                       |VGND                                       
---------------------------------------------------------------------------------------
Cell pin lists are equivalent.
Device classes CNNver2 and CNNver2 are equivalent.

Final result: Circuits match uniquely.
.
