Clock: clk_i
Sources: clk_i 
Generated: no
Virtual: yes
Propagated: no
Period: 10.000000

===========================================================================
report_clock_properties
============================================================================
Clock                   Period          Waveform
----------------------------------------------------
clk_i                10.000000    0.000000  5.000000

===========================================================================
report_clock_latency
============================================================================
Clock clk_i
rise -> rise
    min     max
0.000000 0.000000 source latency
3.403280         network latency _15371_/CLK
        5.189888 network latency _14916_/CLK
---------------
3.403280 5.189888 latency
        1.786607 skew

rise -> fall
    min     max
0.000000 0.000000 source latency
3.239521         network latency _15333_/CLK
        4.798178 network latency _14916_/CLK
---------------
3.239521 4.798178 latency
        1.558656 skew



===========================================================================
report_clock_min_period
============================================================================
clk_i period_min = 0.00 fmax = inf
