Starting…
Running 'Verilator.Lint' at 'user_project_example/runs/user_project_run/01-verilator-lint'…
Logging subprocess to [repr.filename]'user_project_example/runs/user_project_run/01-verilator-lint/verilator-lint.log'[/repr.filename]…
Running 'Checker.LintTimingConstructs' at 'user_project_example/runs/user_project_run/02-checker-linttimingconstructs'…
Check for Lint Timing Errors clear.
Running 'Checker.LintErrors' at 'user_project_example/runs/user_project_run/03-checker-linterrors'…
Check for Lint errors clear.
Running 'Checker.LintWarnings' at 'user_project_example/runs/user_project_run/04-checker-lintwarnings'…
1 Lint warnings found.
Running 'Yosys.JsonHeader' at 'user_project_example/runs/user_project_run/05-yosys-jsonheader'…
Logging subprocess to [repr.filename]'user_project_example/runs/user_project_run/05-yosys-jsonheader/yosys-jsonheader.log'[/repr.filename]…
Running 'Yosys.Synthesis' at 'user_project_example/runs/user_project_run/06-yosys-synthesis'…
Logging subprocess to [repr.filename]'user_project_example/runs/user_project_run/06-yosys-synthesis/yosys-synthesis.log'[/repr.filename]…
Parsing synthesis checks…
Running 'Checker.YosysUnmappedCells' at 'user_project_example/runs/user_project_run/07-checker-yosysunmappedcells'…
Check for Unmapped Yosys instances clear.
Running 'Checker.YosysSynthChecks' at 'user_project_example/runs/user_project_run/08-checker-yosyssynthchecks'…
Check for Yosys check errors clear.
Running 'Checker.NetlistAssignStatements' at 'user_project_example/runs/user_project_run/09-checker-netlistassignstatements'…
Running 'OpenROAD.CheckSDCFiles' at 'user_project_example/runs/user_project_run/10-openroad-checksdcfiles'…
'PNR_SDC_FILE' is not defined. Using generic fallback SDC for OpenROAD PnR steps.
'SIGNOFF_SDC_FILE' is not defined. Using generic fallback SDC for OpenROAD PnR steps.
Running 'OpenROAD.CheckMacroInstances' at 'user_project_example/runs/user_project_run/11-openroad-checkmacroinstances'…
No macros found, skipping instance check…
Running 'OpenROAD.STAPrePNR' at 'user_project_example/runs/user_project_run/12-openroad-staprepnr'…
Starting STA for the nom_fast_1p32V_m40C timing corner…
Starting STA for the nom_slow_1p08V_125C timing corner…
Starting STA for the nom_typ_1p20V_25C timing corner…
Logging subprocess to [repr.filename]'user_project_example/runs/user_project_run/12-openroad-staprepnr/nom_slow_1p08V_125C/sta.log'[/repr.filename]…
Logging subprocess to [repr.filename]'user_project_example/runs/user_project_run/12-openroad-staprepnr/nom_fast_1p32V_m40C/sta.log'[/repr.filename]…
Logging subprocess to [repr.filename]'user_project_example/runs/user_project_run/12-openroad-staprepnr/nom_typ_1p20V_25C/sta.log'[/repr.filename]…
Finished STA for the nom_slow_1p08V_125C timing corner.
Finished STA for the nom_typ_1p20V_25C timing corner.
Finished STA for the nom_fast_1p32V_m40C timing corner.
Running 'OpenROAD.Floorplan' at 'user_project_example/runs/user_project_run/13-openroad-floorplan'…
Logging subprocess to [repr.filename]'user_project_example/runs/user_project_run/13-openroad-floorplan/openroad-floorplan.log'[/repr.filename]…
Running 'OpenROAD.DumpRCValues' at 'user_project_example/runs/user_project_run/14-openroad-dumprcvalues'…
Logging subprocess to [repr.filename]'user_project_example/runs/user_project_run/14-openroad-dumprcvalues/openroad-dumprcvalues.log'[/repr.filename]…
Running 'Odb.CheckMacroAntennaProperties' at 'user_project_example/runs/user_project_run/15-odb-checkmacroantennaproperties'…
No cells provided, skipping 'Odb.CheckMacroAntennaProperties'…
Running 'Odb.SetPowerConnections' at 'user_project_example/runs/user_project_run/16-odb-setpowerconnections'…
Logging subprocess to [repr.filename]'user_project_example/runs/user_project_run/16-odb-setpowerconnections/odb-setpowerconnections.log'[/repr.filename]…
Running 'Odb.ManualMacroPlacement' at 'user_project_example/runs/user_project_run/17-odb-manualmacroplacement'…
No instances found, skipping 'Odb.ManualMacroPlacement'…
Running 'OpenROAD.CutRows' at 'user_project_example/runs/user_project_run/18-openroad-cutrows'…
Logging subprocess to [repr.filename]'user_project_example/runs/user_project_run/18-openroad-cutrows/openroad-cutrows.log'[/repr.filename]…
Running 'OpenROAD.TapEndcapInsertion' at 'user_project_example/runs/user_project_run/19-openroad-tapendcapinsertion'…
Logging subprocess to [repr.filename]'user_project_example/runs/user_project_run/19-openroad-tapendcapinsertion/openroad-tapendcapinsertion.log'[/repr.filename]…
Running 'Odb.AddPDNObstructions' at 'user_project_example/runs/user_project_run/20-odb-addpdnobstructions'…
'PDN_OBSTRUCTIONS' is not defined. Skipping 'Odb.AddPDNObstructions'…
Running 'OpenROAD.GeneratePDN' at 'user_project_example/runs/user_project_run/21-openroad-generatepdn'…
'PDN_CFG' not explicitly set, setting it to /nix/store/w99sjyq5j8hvscxr5zh2x597anf2hadx-python3-3.13.9-env/lib/python3.13/site-packages/librelane/scripts/openroad/common/pdn_cfg.tcl…
Logging subprocess to [repr.filename]'user_project_example/runs/user_project_run/21-openroad-generatepdn/openroad-generatepdn.log'[/repr.filename]…
Running 'Odb.RemovePDNObstructions' at 'user_project_example/runs/user_project_run/22-odb-removepdnobstructions'…
'PDN_OBSTRUCTIONS' is not defined. Skipping 'Odb.RemovePDNObstructions'…
Running 'Odb.AddRoutingObstructions' at 'user_project_example/runs/user_project_run/23-odb-addroutingobstructions'…
'ROUTING_OBSTRUCTIONS' is not defined. Skipping 'Odb.AddRoutingObstructions'…
Running 'OpenROAD.GlobalPlacementSkipIO' at 'user_project_example/runs/user_project_run/24-openroad-globalplacementskipio'…
'PL_TARGET_DENSITY_PCT' not explicitly set, using dynamically calculated target density: 60.666700…
Logging subprocess to [repr.filename]'user_project_example/runs/user_project_run/24-openroad-globalplacementskipio/openroad-globalplacementskipio.log'[/repr.filename]…
Running 'OpenROAD.IOPlacement' at 'user_project_example/runs/user_project_run/25-openroad-ioplacement'…
Logging subprocess to [repr.filename]'user_project_example/runs/user_project_run/25-openroad-ioplacement/openroad-ioplacement.log'[/repr.filename]…
Running 'Odb.CustomIOPlacement' at 'user_project_example/runs/user_project_run/26-odb-customioplacement'…
No custom I/O placement file configured, skipping 'Odb.CustomIOPlacement'…
Running 'Odb.ApplyDEFTemplate' at 'user_project_example/runs/user_project_run/27-odb-applydeftemplate'…
No DEF template provided, skipping 'Odb.ApplyDEFTemplate'…
Running 'OpenROAD.GlobalPlacement' at 'user_project_example/runs/user_project_run/28-openroad-globalplacement'…
'PL_TARGET_DENSITY_PCT' not explicitly set, using dynamically calculated target density: 60.666700…
Logging subprocess to [repr.filename]'user_project_example/runs/user_project_run/28-openroad-globalplacement/openroad-globalplacement.log'[/repr.filename]…
Running 'Odb.WriteVerilogHeader' at 'user_project_example/runs/user_project_run/29-odb-writeverilogheader'…
Logging subprocess to [repr.filename]'user_project_example/runs/user_project_run/29-odb-writeverilogheader/odb-writeverilogheader.log'[/repr.filename]…
Running 'Checker.PowerGridViolations' at 'user_project_example/runs/user_project_run/30-checker-powergridviolations'…
Check for power grid violations (as reported by OpenROAD PSM- you may ignore these if LVS passes) clear.
Running 'OpenROAD.STAMidPNR' at 'user_project_example/runs/user_project_run/31-openroad-stamidpnr'…
Logging subprocess to [repr.filename]'user_project_example/runs/user_project_run/31-openroad-stamidpnr/openroad-stamidpnr.log'[/repr.filename]…
Running 'OpenROAD.RepairDesignPostGPL' at 'user_project_example/runs/user_project_run/32-openroad-repairdesignpostgpl'…
Logging subprocess to [repr.filename]'user_project_example/runs/user_project_run/32-openroad-repairdesignpostgpl/openroad-repairdesignpostgpl.log'[/repr.filename]…
Running 'Odb.ManualGlobalPlacement' at 'user_project_example/runs/user_project_run/33-odb-manualglobalplacement'…
'MANUAL_GLOBAL_PLACEMENTS' not set. Skipping 'Odb.ManualGlobalPlacement'…
Running 'OpenROAD.DetailedPlacement' at 'user_project_example/runs/user_project_run/34-openroad-detailedplacement'…
Logging subprocess to [repr.filename]'user_project_example/runs/user_project_run/34-openroad-detailedplacement/openroad-detailedplacement.log'[/repr.filename]…
Running 'OpenROAD.CTS' at 'user_project_example/runs/user_project_run/35-openroad-cts'…
Logging subprocess to [repr.filename]'user_project_example/runs/user_project_run/35-openroad-cts/openroad-cts.log'[/repr.filename]…
Running 'OpenROAD.STAMidPNR-1' at 'user_project_example/runs/user_project_run/36-openroad-stamidpnr-1'…
Logging subprocess to [repr.filename]'user_project_example/runs/user_project_run/36-openroad-stamidpnr-1/openroad-stamidpnr-1.log'[/repr.filename]…
Running 'OpenROAD.ResizerTimingPostCTS' at 'user_project_example/runs/user_project_run/37-openroad-resizertimingpostcts'…
Logging subprocess to [repr.filename]'user_project_example/runs/user_project_run/37-openroad-resizertimingpostcts/openroad-resizertimingpostcts.log'[/repr.filename]…
Running 'OpenROAD.STAMidPNR-2' at 'user_project_example/runs/user_project_run/38-openroad-stamidpnr-2'…
Logging subprocess to [repr.filename]'user_project_example/runs/user_project_run/38-openroad-stamidpnr-2/openroad-stamidpnr-2.log'[/repr.filename]…
Running 'OpenROAD.GlobalRouting' at 'user_project_example/runs/user_project_run/39-openroad-globalrouting'…
Logging subprocess to [repr.filename]'user_project_example/runs/user_project_run/39-openroad-globalrouting/openroad-globalrouting.log'[/repr.filename]…
Running 'OpenROAD.CheckAntennas' at 'user_project_example/runs/user_project_run/40-openroad-checkantennas'…
Logging subprocess to [repr.filename]'user_project_example/runs/user_project_run/40-openroad-checkantennas/openroad-checkantennas.log'[/repr.filename]…
Gating variable for step 'OpenROAD.RepairDesignPostGRT' set to 'False'- the step will be skipped.
Skipping step 'Repair Design (Post-Global Routing)'…
Running 'Odb.DiodesOnPorts' at 'user_project_example/runs/user_project_run/41-odb-diodesonports'…
'DIODE_ON_PORTS' is set to 'none': skipping 'Odb.DiodesOnPorts'…
Gating variable for step 'Odb.HeuristicDiodeInsertion' set to 'False'- the step will be skipped.
Skipping step 'Heuristic Diode Insertion'…
Running 'OpenROAD.RepairAntennas' at 'user_project_example/runs/user_project_run/42-openroad-repairantennas'…
Running 'DiodeInsertion' at 'user_project_example/runs/user_project_run/42-openroad-repairantennas/1-diodeinsertion'…
Logging subprocess to [repr.filename]'user_project_example/runs/user_project_run/42-openroad-repairantennas/1-diodeinsertion/diodeinsertion.log'[/repr.filename]…
Running 'OpenROAD.CheckAntennas' at 'user_project_example/runs/user_project_run/42-openroad-repairantennas/2-openroad-checkantennas'…
Logging subprocess to [repr.filename]'user_project_example/runs/user_project_run/42-openroad-repairantennas/2-openroad-checkantennas/openroad-checkantennas.log'[/repr.filename]…
Gating variable for step 'OpenROAD.ResizerTimingPostGRT' set to 'False'- the step will be skipped.
Skipping step 'Resizer Timing Optimizations (Post-Global Routing)'…
Running 'OpenROAD.STAMidPNR-3' at 'user_project_example/runs/user_project_run/43-openroad-stamidpnr-3'…
Logging subprocess to [repr.filename]'user_project_example/runs/user_project_run/43-openroad-stamidpnr-3/openroad-stamidpnr-3.log'[/repr.filename]…
Running 'OpenROAD.DetailedRouting' at 'user_project_example/runs/user_project_run/44-openroad-detailedrouting'…
Running TritonRoute with 16 threads…
Logging subprocess to [repr.filename]'user_project_example/runs/user_project_run/44-openroad-detailedrouting/openroad-detailedrouting.log'[/repr.filename]…
[DRT-0349] LEF58_ENCLOSURE with no CUTCLASS is not supported. Skipping for layer Cont
[DRT-0349] LEF58_ENCLOSURE with no CUTCLASS is not supported. Skipping for layer Via1
[DRT-0349] LEF58_ENCLOSURE with no CUTCLASS is not supported. Skipping for layer Via1
[DRT-0349] LEF58_ENCLOSURE with no CUTCLASS is not supported. Skipping for layer Via2
[DRT-0349] LEF58_ENCLOSURE with no CUTCLASS is not supported. Skipping for layer Via3
[DRT-0349] LEF58_ENCLOSURE with no CUTCLASS is not supported. Skipping for layer Via4
[DRT-0349] LEF58_ENCLOSURE with no CUTCLASS is not supported. Skipping for layer TopVia1
[DRT-0349] LEF58_ENCLOSURE with no CUTCLASS is not supported. Skipping for layer TopVia1
[DRT-0349] LEF58_ENCLOSURE with no CUTCLASS is not supported. Skipping for layer TopVia2
[DRT-0349] LEF58_ENCLOSURE with no CUTCLASS is not supported. Skipping for layer TopVia2
Running 'Odb.RemoveRoutingObstructions' at 'user_project_example/runs/user_project_run/45-odb-removeroutingobstructions'…
'ROUTING_OBSTRUCTIONS' is not defined. Skipping 'Odb.RemoveRoutingObstructions'…
Running 'OpenROAD.CheckAntennas-1' at 'user_project_example/runs/user_project_run/46-openroad-checkantennas-1'…
Logging subprocess to [repr.filename]'user_project_example/runs/user_project_run/46-openroad-checkantennas-1/openroad-checkantennas-1.log'[/repr.filename]…
Running 'Checker.TrDRC' at 'user_project_example/runs/user_project_run/47-checker-trdrc'…
Check for Routing DRC errors clear.
Running 'Odb.ReportDisconnectedPins' at 'user_project_example/runs/user_project_run/48-odb-reportdisconnectedpins'…
Logging subprocess to [repr.filename]'user_project_example/runs/user_project_run/48-odb-reportdisconnectedpins/odb-reportdisconnectedpins.log'[/repr.filename]…
Running 'Checker.DisconnectedPins' at 'user_project_example/runs/user_project_run/49-checker-disconnectedpins'…
Check for critical disconnected pins clear.
Running 'Odb.ReportWireLength' at 'user_project_example/runs/user_project_run/50-odb-reportwirelength'…
Logging subprocess to [repr.filename]'user_project_example/runs/user_project_run/50-odb-reportwirelength/odb-reportwirelength.log'[/repr.filename]…
Running 'Checker.WireLength' at 'user_project_example/runs/user_project_run/51-checker-wirelength'…
Threshold for Threshold-surpassing long wires is not set. The checker will be skipped.
Running 'OpenROAD.FillInsertion' at 'user_project_example/runs/user_project_run/52-openroad-fillinsertion'…
Logging subprocess to [repr.filename]'user_project_example/runs/user_project_run/52-openroad-fillinsertion/openroad-fillinsertion.log'[/repr.filename]…
Running 'Odb.CellFrequencyTables' at 'user_project_example/runs/user_project_run/53-odb-cellfrequencytables'…
Logging subprocess to [repr.filename]'user_project_example/runs/user_project_run/53-odb-cellfrequencytables/buffer_list.txt'[/repr.filename]…
Logging subprocess to [repr.filename]'user_project_example/runs/user_project_run/53-odb-cellfrequencytables/odb-cellfrequencytables.log'[/repr.filename]…
Running 'OpenROAD.RCX' at 'user_project_example/runs/user_project_run/54-openroad-rcx'…
Running RCX for corners matching nom_* (/home/designer/projects/CNN4IC/unic_cass_wrapper_user_project/user_project_example/runs/user_project_run/54-openroad-rcx/nom/rcx.log)…
Logging subprocess to [repr.filename]'user_project_example/runs/user_project_run/54-openroad-rcx/nom/rcx.log'[/repr.filename]…
Finished RCX for corners matching nom_*.
Running 'OpenROAD.STAPostPNR' at 'user_project_example/runs/user_project_run/55-openroad-stapostpnr'…
Starting STA for the nom_fast_1p32V_m40C timing corner…
Starting STA for the nom_slow_1p08V_125C timing corner…
Starting STA for the nom_typ_1p20V_25C timing corner…
Logging subprocess to [repr.filename]'user_project_example/runs/user_project_run/55-openroad-stapostpnr/nom_fast_1p32V_m40C/sta.log'[/repr.filename]…
Logging subprocess to [repr.filename]'user_project_example/runs/user_project_run/55-openroad-stapostpnr/nom_slow_1p08V_125C/sta.log'[/repr.filename]…
Logging subprocess to [repr.filename]'user_project_example/runs/user_project_run/55-openroad-stapostpnr/nom_typ_1p20V_25C/sta.log'[/repr.filename]…
Finished STA for the nom_fast_1p32V_m40C timing corner.
Finished STA for the nom_slow_1p08V_125C timing corner.
Finished STA for the nom_typ_1p20V_25C timing corner.
Logging subprocess to [repr.filename]'user_project_example/runs/user_project_run/55-openroad-stapostpnr/nom_fast_1p32V_m40C/filter_unannotated.log'[/repr.filename]…
Logging subprocess to [repr.filename]'user_project_example/runs/user_project_run/55-openroad-stapostpnr/nom_typ_1p20V_25C/filter_unannotated.log'[/repr.filename]…
Logging subprocess to [repr.filename]'user_project_example/runs/user_project_run/55-openroad-stapostpnr/nom_slow_1p08V_125C/filter_unannotated.log'[/repr.filename]…
Running 'OpenROAD.IRDropReport' at 'user_project_example/runs/user_project_run/56-openroad-irdropreport'…
'VSRC_LOC_FILES' was not given a value, which may make the results of IR drop analysis inaccurate. If you are not integrating a top-level chip for manufacture, you may ignore this warning, otherwise, see the documentation for 'VSRC_LOC_FILES'.
Logging subprocess to [repr.filename]'user_project_example/runs/user_project_run/56-openroad-irdropreport/openroad-irdropreport.log'[/repr.filename]…
+ analyze_power_grid -net VPWR -voltage_file /home/designer/projects/CNN4IC/unic_cass_wrapper_user_project/user_project_example/runs/user_project_run/56-openroad-irdropreport/net-VPWR.csv
[INFO PSM-0040] All shapes on net VPWR are connected.
########## IR report #################
Net              : VPWR
Corner           : nom_typ_1p20V_25C
Total power      : 6.48e-04 W
Supply voltage   : 1.20e+00 V
Worstcase voltage: 1.19e+00 V
Average voltage  : 1.20e+00 V
Average IR drop  : 1.74e-03 V
Worstcase IR drop: 8.83e-03 V
Percentage drop  : 0.74 %
######################################
+ analyze_power_grid -net VGND -voltage_file /home/designer/projects/CNN4IC/unic_cass_wrapper_user_project/user_project_example/runs/user_project_run/56-openroad-irdropreport/net-VGND.csv
[INFO PSM-0040] All shapes on net VGND are connected.
########## IR report #################
Net              : VGND
Corner           : nom_typ_1p20V_25C
Total power      : 6.48e-04 W
Supply voltage   : 0.00e+00 V
Worstcase voltage: 2.09e-03 V
Average voltage  : 5.25e-04 V
Average IR drop  : 5.25e-04 V
Worstcase IR drop: 2.09e-03 V
Percentage drop  : 0.17 %
######################################

Running 'Magic.StreamOut' at 'user_project_example/runs/user_project_run/57-magic-streamout'…
Logging subprocess to [repr.filename]'user_project_example/runs/user_project_run/57-magic-streamout/magic-streamout.log'[/repr.filename]…
Running 'KLayout.StreamOut' at 'user_project_example/runs/user_project_run/58-klayout-streamout'…
Logging subprocess to [repr.filename]'user_project_example/runs/user_project_run/58-klayout-streamout/klayout-streamout.log'[/repr.filename]…
Running 'Magic.WriteLEF' at 'user_project_example/runs/user_project_run/59-magic-writelef'…
Logging subprocess to [repr.filename]'user_project_example/runs/user_project_run/59-magic-writelef/magic-writelef.log'[/repr.filename]…
Running 'Odb.CheckDesignAntennaProperties' at 'user_project_example/runs/user_project_run/60-odb-checkdesignantennaproperties'…
Logging subprocess to [repr.filename]'user_project_example/runs/user_project_run/60-odb-checkdesignantennaproperties/odb-checkdesignantennaproperties.log'[/repr.filename]…
Running 'KLayout.XOR' at 'user_project_example/runs/user_project_run/61-klayout-xor'…
Running XOR with 16 threads…
Logging subprocess to [repr.filename]'user_project_example/runs/user_project_run/61-klayout-xor/klayout-xor.log'[/repr.filename]…
Running 'Checker.XOR' at 'user_project_example/runs/user_project_run/62-checker-xor'…
Check for XOR differences clear.
Running 'Checker.MagicDRC' at 'user_project_example/runs/user_project_run/63-checker-magicdrc'…
The Magic DRC errors metric was not found. Are you sure the relevant step was run?
Running 'Checker.KLayoutDRC' at 'user_project_example/runs/user_project_run/64-checker-klayoutdrc'…
The KLayout DRC errors metric was not found. Are you sure the relevant step was run?
Running 'Magic.SpiceExtraction' at 'user_project_example/runs/user_project_run/65-magic-spiceextraction'…
Logging subprocess to [repr.filename]'user_project_example/runs/user_project_run/65-magic-spiceextraction/magic-spiceextraction.log'[/repr.filename]…
Running 'Checker.IllegalOverlap' at 'user_project_example/runs/user_project_run/66-checker-illegaloverlap'…
Check for Magic Illegal Overlap errors clear.
Running 'Netgen.LVS' at 'user_project_example/runs/user_project_run/67-netgen-lvs'…
Logging subprocess to [repr.filename]'user_project_example/runs/user_project_run/67-netgen-lvs/netgen-lvs.log'[/repr.filename]…
Running 'Checker.LVS' at 'user_project_example/runs/user_project_run/68-checker-lvs'…
Check for LVS errors clear.
Gating variable for step 'Yosys.EQY' set to 'False'- the step will be skipped.
Skipping step 'Equivalence Check'…
Running 'Checker.SetupViolations' at 'user_project_example/runs/user_project_run/69-checker-setupviolations'…
No setup violations found
Running 'Checker.HoldViolations' at 'user_project_example/runs/user_project_run/70-checker-holdviolations'…
No hold violations found
Running 'Checker.MaxSlewViolations' at 'user_project_example/runs/user_project_run/71-checker-maxslewviolations'…
No max slew violations found
Running 'Checker.MaxCapViolations' at 'user_project_example/runs/user_project_run/72-checker-maxcapviolations'…
No max cap violations found
Running 'Misc.ReportManufacturability' at 'user_project_example/runs/user_project_run/73-misc-reportmanufacturability'…
klayout__drc_error__count not reported. KLayout.DRC may have been skipped.
magic__drc_error__count not reported. Magic.DRC may have been skipped.
Saving views to '/home/designer/projects/CNN4IC/unic_cass_wrapper_user_project/user_project_example/runs/user_project_run/final'…
Flow complete.
Starting…
Running 'OpenROAD.OpenGUI' at 'user_project_example/runs/user_project_run/74-openroad-opengui'…
Logging subprocess to [repr.filename]'user_project_example/runs/user_project_run/74-openroad-opengui/openroad-opengui.log'[/repr.filename]…
