Clock: clk_i
Sources: clk_i 
Generated: no
Virtual: yes
Propagated: no
Period: 10.000000

===========================================================================
report_clock_properties
============================================================================
Clock                   Period          Waveform
----------------------------------------------------
clk_i                10.000000    0.000000  5.000000

===========================================================================
report_clock_latency
============================================================================
Clock clk_i
rise -> rise
    min     max
0.000000 0.000000 source latency
0.194082         network latency _173_/CLK
        0.196096 network latency _190_/CLK
---------------
0.194082 0.196096 latency
        0.002014 skew

fall -> fall
    min     max
0.000000 0.000000 source latency
0.192393         network latency _173_/CLK
        0.194253 network latency _190_/CLK
---------------
0.192393 0.194253 latency
        0.001859 skew



===========================================================================
report_clock_min_period
============================================================================
clk_i period_min = 1.84 fmax = 542.96
