+ analyze_power_grid -net VPWR -voltage_file /home/designer/shared/CNN4IC/cnnver3_tests/librelane/CNNver3/runs/RUN_2026-03-06_05-17-31/56-openroad-irdropreport/net-VPWR.csv
[INFO PSM-0040] All shapes on net VPWR are connected.
########## IR report #################
Net              : VPWR
Corner           : nom_typ_1p20V_25C
Total power      : 2.19e-03 W
Supply voltage   : 1.20e+00 V
Worstcase voltage: 1.20e+00 V
Average voltage  : 1.20e+00 V
Average IR drop  : 4.18e-05 V
Worstcase IR drop: 1.95e-03 V
Percentage drop  : 0.16 %
######################################
+ analyze_power_grid -net VGND -voltage_file /home/designer/shared/CNN4IC/cnnver3_tests/librelane/CNNver3/runs/RUN_2026-03-06_05-17-31/56-openroad-irdropreport/net-VGND.csv
[INFO PSM-0040] All shapes on net VGND are connected.
########## IR report #################
Net              : VGND
Corner           : nom_typ_1p20V_25C
Total power      : 2.19e-03 W
Supply voltage   : 0.00e+00 V
Worstcase voltage: 2.20e-03 V
Average voltage  : 4.94e-05 V
Average IR drop  : 4.94e-05 V
Worstcase IR drop: 2.20e-03 V
Percentage drop  : 0.18 %
######################################
