Clock: clk_i
Sources: clk_i 
Generated: no
Virtual: yes
Propagated: no
Period: 10.000000

===========================================================================
report_clock_properties
============================================================================
Clock                   Period          Waveform
----------------------------------------------------
clk_i                10.000000    0.000000  5.000000

===========================================================================
report_clock_latency
============================================================================
Clock clk_i
rise -> rise
    min     max
0.000000 0.000000 source latency
0.097170         network latency _200_/CLK
        0.101430 network latency _202_/CLK
---------------
0.097170 0.101430 latency
        0.004260 skew

fall -> fall
    min     max
0.000000 0.000000 source latency
0.073544         network latency _200_/CLK
        0.077312 network latency _202_/CLK
---------------
0.073544 0.077312 latency
        0.003768 skew



===========================================================================
report_clock_min_period
============================================================================
clk_i period_min = 0.82 fmax = 1217.26
