Clock: clk_i
Sources: clk_i 
Generated: no
Virtual: yes
Propagated: no
Period: 10.000000

===========================================================================
report_clock_properties
============================================================================
Clock                   Period          Waveform
----------------------------------------------------
clk_i                10.000000    0.000000  5.000000

===========================================================================
report_clock_latency
============================================================================
Clock clk_i
rise -> rise
    min     max
0.000000 0.000000 source latency
4.636063         network latency _14438_/CLK
        5.392556 network latency _15124_/CLK
---------------
4.636063 5.392556 latency
        0.756493 skew

rise -> fall
    min     max
0.000000 0.000000 source latency
3.764681         network latency _14438_/CLK
        4.439464 network latency _15124_/CLK
---------------
3.764681 4.439464 latency
        0.674783 skew



===========================================================================
report_clock_min_period
============================================================================
clk_i period_min = 0.00 fmax = inf
