Clock: clk
Sources: 
Generated: no
Virtual: yes
Propagated: no
Period: 10.000000

===========================================================================
report_clock_properties
============================================================================
Clock                   Period          Waveform
----------------------------------------------------
clk                  10.000000    0.000000  5.000000

===========================================================================
report_clock_latency
============================================================================
Clock clk
rise -> rise
    min     max
0.000000 0.000000 source latency
2.693418         network latency _15261_/CLK
        4.086735 network latency _15074_/CLK
---------------
2.693418 4.086735 latency
        1.393317 skew

rise -> fall
    min     max
0.000000 0.000000 source latency
2.590034         network latency _15261_/CLK
        3.760342 network latency _15074_/CLK
---------------
2.590034 3.760342 latency
        1.170307 skew



===========================================================================
report_clock_min_period
============================================================================
clk period_min = 0.00 fmax = inf
