+ analyze_power_grid -net VPWR -voltage_file /home/designer/projects/CNN4IC/unic_cass_wrapper_user_project/user_project_example/runs/user_project_run/56-openroad-irdropreport/net-VPWR.csv
[INFO PSM-0040] All shapes on net VPWR are connected.
########## IR report #################
Net              : VPWR
Corner           : nom_typ_1p20V_25C
Total power      : 6.48e-04 W
Supply voltage   : 1.20e+00 V
Worstcase voltage: 1.19e+00 V
Average voltage  : 1.20e+00 V
Average IR drop  : 1.74e-03 V
Worstcase IR drop: 8.83e-03 V
Percentage drop  : 0.74 %
######################################
+ analyze_power_grid -net VGND -voltage_file /home/designer/projects/CNN4IC/unic_cass_wrapper_user_project/user_project_example/runs/user_project_run/56-openroad-irdropreport/net-VGND.csv
[INFO PSM-0040] All shapes on net VGND are connected.
########## IR report #################
Net              : VGND
Corner           : nom_typ_1p20V_25C
Total power      : 6.48e-04 W
Supply voltage   : 0.00e+00 V
Worstcase voltage: 2.09e-03 V
Average voltage  : 5.25e-04 V
Average IR drop  : 5.25e-04 V
Worstcase IR drop: 2.09e-03 V
Percentage drop  : 0.17 %
######################################
