15 Lint warnings found.
'PNR_SDC_FILE' is not defined. Using generic fallback SDC for OpenROAD PnR steps.
'SIGNOFF_SDC_FILE' is not defined. Using generic fallback SDC for OpenROAD PnR steps.
[GRT-0281] Net ui_PAD2CORE[0] has a large fanout of 1052 terminals.
[GRT-0281] Net ui_PAD2CORE[0] has a large fanout of 1052 terminals.
[CTS-0041] Net "clk_i" has 0 sinks. Skipping...
[CTS-0083] No clock nets have been found.
[CTS-0082] No valid clock nets in the design.
[DRT-0349] LEF58_ENCLOSURE with no CUTCLASS is not supported. Skipping for layer Cont
[DRT-0349] LEF58_ENCLOSURE with no CUTCLASS is not supported. Skipping for layer Via1
[DRT-0349] LEF58_ENCLOSURE with no CUTCLASS is not supported. Skipping for layer Via1
[DRT-0349] LEF58_ENCLOSURE with no CUTCLASS is not supported. Skipping for layer Via2
[DRT-0349] LEF58_ENCLOSURE with no CUTCLASS is not supported. Skipping for layer Via3
[DRT-0349] LEF58_ENCLOSURE with no CUTCLASS is not supported. Skipping for layer Via4
[DRT-0349] LEF58_ENCLOSURE with no CUTCLASS is not supported. Skipping for layer TopVia1
[DRT-0349] LEF58_ENCLOSURE with no CUTCLASS is not supported. Skipping for layer TopVia1
[DRT-0349] LEF58_ENCLOSURE with no CUTCLASS is not supported. Skipping for layer TopVia2
[DRT-0349] LEF58_ENCLOSURE with no CUTCLASS is not supported. Skipping for layer TopVia2
Threshold for Threshold-surpassing long wires is not set. The checker will be skipped.
'VSRC_LOC_FILES' was not given a value, which may make the results of IR drop analysis inaccurate. If you are not integrating a top-level chip for manufacture, you may ignore this warning, otherwise, see the documentation for 'VSRC_LOC_FILES'.
Cell 'CLASSIFIER_plus_cross_TOP' has (14) input pin(s) without antenna gate information. They might not be connected to a gate.
The Magic DRC errors metric was not found. Are you sure the relevant step was run?
The KLayout DRC errors metric was not found. Are you sure the relevant step was run?
klayout__drc_error__count not reported. KLayout.DRC may have been skipped.
magic__drc_error__count not reported. Magic.DRC may have been skipped.
