Clock: clk
Sources: 
Generated: no
Virtual: yes
Propagated: no
Period: 10.000000

===========================================================================
report_clock_properties
============================================================================
Clock                   Period          Waveform
----------------------------------------------------
clk                  10.000000    0.000000  5.000000

===========================================================================
report_clock_latency
============================================================================
Clock clk
rise -> rise
    min     max
0.000000 0.000000 source latency
2.973036         network latency _15261_/CLK
        4.981178 network latency _15085_/CLK
---------------
2.973036 4.981178 latency
        2.008142 skew

rise -> fall
    min     max
0.000000 0.000000 source latency
2.860640         network latency _15261_/CLK
        4.614451 network latency _14615_/CLK
---------------
2.860640 4.614451 latency
        1.753812 skew



===========================================================================
report_clock_min_period
============================================================================
clk period_min = 0.00 fmax = inf
