%Warning-PINCONNECTEMPTY: /home/designer/shared/CNN4IC/cnnver3_tests/librelane/CNNver3/src/CNNver2_top.v:140:10: Instance pin connected by name with empty reference: 'o_done'
  140 |         .o_done()
      |          ^~~~~~
                          ... For warning description see https://verilator.org/warn/PINCONNECTEMPTY?v=5.042
                          ... Use "/* verilator lint_off PINCONNECTEMPTY */" and lint_on around source to disable this message.
%Warning-PINCONNECTEMPTY: /home/designer/shared/CNN4IC/cnnver3_tests/librelane/CNNver3/src/comm_mem_top.v:124:10: Instance pin connected by name with empty reference: 'o_mp_data'
  124 |         .o_mp_data(), .o_mp_load()
      |          ^~~~~~~~~
%Warning-PINCONNECTEMPTY: /home/designer/shared/CNN4IC/cnnver3_tests/librelane/CNNver3/src/comm_mem_top.v:124:24: Instance pin connected by name with empty reference: 'o_mp_load'
  124 |         .o_mp_data(), .o_mp_load()
      |                        ^~~~~~~~~
%Warning-WIDTHEXPAND: /home/designer/shared/CNN4IC/cnnver3_tests/librelane/CNNver3/src/SC_STATEMACHINE_IMAGE_LOADER.v:52:38: Operator SUB expects 32 bits on the RHS, but RHS's CONST '7'h1' generates 7 bits.
                                                                                                                           : ... note: In instance 'CNNver2.comm_mem_u0.spi_u0.loader_image_sm'
   52 | localparam [6:0] LAST_BIT = ROW_BITS - 7'd1;   
      |                                      ^
                      ... For warning description see https://verilator.org/warn/WIDTHEXPAND?v=5.042
                      ... Use "/* verilator lint_off WIDTHEXPAND */" and lint_on around source to disable this message.
%Warning-WIDTHTRUNC: /home/designer/shared/CNN4IC/cnnver3_tests/librelane/CNNver3/src/SC_STATEMACHINE_IMAGE_LOADER.v:52:18: Operator VAR 'LAST_BIT' expects 7 bits on the Initial value, but Initial value's SUB generates 32 bits.
                                                                                                                          : ... note: In instance 'CNNver2.comm_mem_u0.spi_u0.loader_image_sm'
   52 | localparam [6:0] LAST_BIT = ROW_BITS - 7'd1;   
      |                  ^~~~~~~~
                     ... For warning description see https://verilator.org/warn/WIDTHTRUNC?v=5.042
                     ... Use "/* verilator lint_off WIDTHTRUNC */" and lint_on around source to disable this message.
%Warning-WIDTHEXPAND: /home/designer/shared/CNN4IC/cnnver3_tests/librelane/CNNver3/src/SC_STATEMACHINE_WEIGHT_LOADER.v:42:38: Operator SUB expects 32 bits on the RHS, but RHS's CONST '7'h1' generates 7 bits.
                                                                                                                            : ... note: In instance 'CNNver2.comm_mem_u0.spi_u0.loader_weight_sm'
   42 | localparam [6:0] LAST_BIT = ROW_BITS - 7'd1;   
      |                                      ^
%Warning-WIDTHTRUNC: /home/designer/shared/CNN4IC/cnnver3_tests/librelane/CNNver3/src/SC_STATEMACHINE_WEIGHT_LOADER.v:42:18: Operator VAR 'LAST_BIT' expects 7 bits on the Initial value, but Initial value's SUB generates 32 bits.
                                                                                                                           : ... note: In instance 'CNNver2.comm_mem_u0.spi_u0.loader_weight_sm'
   42 | localparam [6:0] LAST_BIT = ROW_BITS - 7'd1;   
      |                  ^~~~~~~~
%Warning-UNUSEDPARAM: /home/designer/shared/CNN4IC/cnnver3_tests/librelane/CNNver3/src/spi_cnn_slave_8.v:29:15: Parameter is not used: 'DATAWIDTH_BUS'
                                                                                                              : ... note: In instance 'CNNver2.comm_mem_u0.spi_u0'
   29 |     parameter DATAWIDTH_BUS        = 8,
      |               ^~~~~~~~~~~~~
                      ... For warning description see https://verilator.org/warn/UNUSEDPARAM?v=5.042
                      ... Use "/* verilator lint_off UNUSEDPARAM */" and lint_on around source to disable this message.
%Warning-UNUSEDSIGNAL: /home/designer/shared/CNN4IC/cnnver3_tests/librelane/CNNver3/src/spi_cnn_slave_8.v:91:35: Bits of signal are not used: 'image_shift'[29]
                                                                                                               : ... note: In instance 'CNNver2.comm_mem_u0.spi_u0'
   91 |     reg [DATAWIDTH_IMG_FULL-1:0]  image_shift;
      |                                   ^~~~~~~~~~~
                       ... For warning description see https://verilator.org/warn/UNUSEDSIGNAL?v=5.042
                       ... Use "/* verilator lint_off UNUSEDSIGNAL */" and lint_on around source to disable this message.
%Warning-UNUSEDSIGNAL: /home/designer/shared/CNN4IC/cnnver3_tests/librelane/CNNver3/src/spi_cnn_slave_8.v:92:35: Bits of signal are not used: 'weight_shift'[14]
                                                                                                               : ... note: In instance 'CNNver2.comm_mem_u0.spi_u0'
   92 |     reg [DATAWIDTH_WGT_FULL-1:0]  weight_shift;
      |                                   ^~~~~~~~~~~~
%Warning-UNUSEDSIGNAL: /home/designer/shared/CNN4IC/cnnver3_tests/librelane/CNNver3/src/fragment_mux_10x10_6x6.v:7:39: Bits of signal are not used: 'flat_idx'[31:9]
                                                                                                                     : ... note: In instance 'CNNver2.proc_u0.cnn_ctrl_u0.cnn_inst.frag_mux'
    7 |     integer r, c, base_row, base_col, flat_idx;
      |                                       ^~~~~~~~
%Warning-SYNCASYNCNET: /home/designer/shared/CNN4IC/cnnver3_tests/librelane/CNNver3/src/CNNver2_top.v:46:17: Signal flopped as both synchronous and async: 'CNNver2_Reset_InHigh'
                       /home/designer/shared/CNN4IC/cnnver3_tests/librelane/CNNver3/src/spi_cnn_slave_8.v:148:13: ... Location of async usage
  148 |         if (i_RESET)
      |             ^~~~~~~
                       /home/designer/shared/CNN4IC/cnnver3_tests/librelane/CNNver3/src/Register_Imag.v:17:13: ... Location of sync usage
   17 |         if (Register_Imag_Reset_InHigh == 1'b1)
      |             ^~~~~~~~~~~~~~~~~~~~~~~~~~
                       ... For warning description see https://verilator.org/warn/SYNCASYNCNET?v=5.042
                       ... Use "/* verilator lint_off SYNCASYNCNET */" and lint_on around source to disable this message.
- V e r i l a t i o n   R e p o r t: Verilator 5.042 2025-11-02 rev v5.040
- Verilator: Built from 1.479 MB sources in 123 modules, into 0.296 MB in 3 C++ files needing 0.000 MB
- Verilator: Walltime 0.110 s (elab=0.021, cvt=0.053, bld=0.000); cpu 0.080 s on 1 threads; alloced 23.996 MB
