Reading timing models for corner nom_fast_1p32V_m40C…
Reading timing library for the 'nom_fast_1p32V_m40C' corner at '/opt/pdks/ciel/ihp-sg13g2/versions/c4b8b4e5e7a05f375cca3815d51b3a37721fbf5c/ihp-sg13g2/libs.ref/sg13g2_stdcell/lib/sg13g2_stdcell_fast_1p32V_m40C.lib'…
Reading timing library for the 'nom_fast_1p32V_m40C' corner at '/opt/pdks/ciel/ihp-sg13g2/versions/c4b8b4e5e7a05f375cca3815d51b3a37721fbf5c/ihp-sg13g2/libs.ref/sg13g2_io/lib/sg13g2_io_fast_1p32V_3p6V_m40C.lib'…
Reading timing models for corner nom_slow_1p08V_125C…
Reading timing library for the 'nom_slow_1p08V_125C' corner at '/opt/pdks/ciel/ihp-sg13g2/versions/c4b8b4e5e7a05f375cca3815d51b3a37721fbf5c/ihp-sg13g2/libs.ref/sg13g2_stdcell/lib/sg13g2_stdcell_slow_1p08V_125C.lib'…
Reading timing library for the 'nom_slow_1p08V_125C' corner at '/opt/pdks/ciel/ihp-sg13g2/versions/c4b8b4e5e7a05f375cca3815d51b3a37721fbf5c/ihp-sg13g2/libs.ref/sg13g2_io/lib/sg13g2_io_slow_1p08V_3p0V_125C.lib'…
Reading timing models for corner nom_typ_1p20V_25C…
Reading timing library for the 'nom_typ_1p20V_25C' corner at '/opt/pdks/ciel/ihp-sg13g2/versions/c4b8b4e5e7a05f375cca3815d51b3a37721fbf5c/ihp-sg13g2/libs.ref/sg13g2_stdcell/lib/sg13g2_stdcell_typ_1p20V_25C.lib'…
Reading timing library for the 'nom_typ_1p20V_25C' corner at '/opt/pdks/ciel/ihp-sg13g2/versions/c4b8b4e5e7a05f375cca3815d51b3a37721fbf5c/ihp-sg13g2/libs.ref/sg13g2_io/lib/sg13g2_io_typ_1p2V_3p3V_25C.lib'…
Reading OpenROAD database at '/home/designer/shared/CNN4IC/cnnver3_tests/librelane/CNNver3/runs/RUN_2026-03-06_05-17-31/34-openroad-detailedplacement/CNNver2.odb'…
Reading design constraints file at '/nix/store/8h87vsa3wlidvqi062p0312chxkh8ihd-python3.13-librelane-3.0.0.dev47/lib/python3.13/site-packages/librelane/scripts/base.sdc'…
[WARNING STA-0366] port 'clk' not found.
[INFO] Using clock clk…
[INFO] Setting output delay to: 2
[INFO] Setting input delay to: 2
[WARNING STA-0366] port 'clk' not found.
[INFO] Setting load to: 0.006
[INFO] Setting clock uncertainty to: 0.25
[INFO] Setting clock transition to: 0.15
[WARNING STA-0419] transition time can not be specified for virtual clocks.
[INFO] Setting timing derate to: 5%
[WARNING STA-0450] virtual clock clk can not be propagated.
[INFO] Configuring cts characterization…
+ configure_cts_characterization 
[INFO] Performing clock tree synthesis…
[INFO] Looking for the following net(s): clk
[INFO] Running Clock Tree Synthesis…
+ clock_tree_synthesis -buf_list sg13g2_buf_8 sg13g2_buf_4 sg13g2_buf_2 -root_buf sg13g2_buf_16 -sink_clustering_enable
[INFO CTS-0050] Root buffer is sg13g2_buf_16.
[INFO CTS-0051] Sink buffer is sg13g2_buf_8.
[INFO CTS-0052] The following clock buffers will be used for CTS:
                    sg13g2_buf_2
                    sg13g2_buf_4
                    sg13g2_buf_8
[INFO CTS-0049] Characterization buffer is sg13g2_buf_8.
[WARNING CTS-0083] No clock nets have been found.
[INFO CTS-0008] TritonCTS found 0 clock nets.
[WARNING CTS-0082] No valid clock nets in the design.
[WARNING STA-0450] virtual clock clk can not be propagated.
[INFO] Repairing long wires on clock nets…
[INFO RSZ-0058] Using max wire length 2937um.
Setting global connections for newly added cells…
[INFO] Setting global connections...
[INFO ODB-0403] 0 connections made, 0 conflicts skipped.
Updating metrics…
Cell type report:                       Count       Area
  Buffer                                   63     457.23
  Timing Repair Buffer                   1114    8084.97
  Inverter                                685    3728.59
  Sequential cell                        1051   51487.23
  Multi-Input combinational cell         6806   71115.41
  Total                                  9719  134873.42
Writing OpenROAD database to '/home/designer/shared/CNN4IC/cnnver3_tests/librelane/CNNver3/runs/RUN_2026-03-06_05-17-31/35-openroad-cts/CNNver2.odb'…
Writing netlist to '/home/designer/shared/CNN4IC/cnnver3_tests/librelane/CNNver3/runs/RUN_2026-03-06_05-17-31/35-openroad-cts/CNNver2.nl.v'…
Writing powered netlist to '/home/designer/shared/CNN4IC/cnnver3_tests/librelane/CNNver3/runs/RUN_2026-03-06_05-17-31/35-openroad-cts/CNNver2.pnl.v'…
Writing layout to '/home/designer/shared/CNN4IC/cnnver3_tests/librelane/CNNver3/runs/RUN_2026-03-06_05-17-31/35-openroad-cts/CNNver2.def'…
Writing timing constraints to '/home/designer/shared/CNN4IC/cnnver3_tests/librelane/CNNver3/runs/RUN_2026-03-06_05-17-31/35-openroad-cts/CNNver2.sdc'…
[INFO] Legalizing…
+ detailed_placement -max_displacement  500 100 
Placement Analysis
---------------------------------
total displacement          0.0 u
average displacement        0.0 u
max displacement            0.0 u
original HPWL          348292.5 u
legalized HPWL         353703.8 u
delta HPWL                    2 %

[INFO DPL-0020] Mirrored 4202 instances
[INFO DPL-0021] HPWL before          353703.8 u
[INFO DPL-0022] HPWL after           348292.5 u
[INFO DPL-0023] HPWL delta               -1.5 %
Setting global connections for newly added cells…
[INFO] Setting global connections...
[INFO ODB-0403] 0 connections made, 0 conflicts skipped.
Updating metrics…
Cell type report:                       Count       Area
  Buffer                                   63     457.23
  Timing Repair Buffer                   1114    8084.97
  Inverter                                685    3728.59
  Sequential cell                        1051   51487.23
  Multi-Input combinational cell         6806   71115.41
  Total                                  9719  134873.42
Writing OpenROAD database to '/home/designer/shared/CNN4IC/cnnver3_tests/librelane/CNNver3/runs/RUN_2026-03-06_05-17-31/35-openroad-cts/CNNver2.odb'…
Writing netlist to '/home/designer/shared/CNN4IC/cnnver3_tests/librelane/CNNver3/runs/RUN_2026-03-06_05-17-31/35-openroad-cts/CNNver2.nl.v'…
Writing powered netlist to '/home/designer/shared/CNN4IC/cnnver3_tests/librelane/CNNver3/runs/RUN_2026-03-06_05-17-31/35-openroad-cts/CNNver2.pnl.v'…
Writing layout to '/home/designer/shared/CNN4IC/cnnver3_tests/librelane/CNNver3/runs/RUN_2026-03-06_05-17-31/35-openroad-cts/CNNver2.def'…
Writing timing constraints to '/home/designer/shared/CNN4IC/cnnver3_tests/librelane/CNNver3/runs/RUN_2026-03-06_05-17-31/35-openroad-cts/CNNver2.sdc'…
%OL_CREATE_REPORT cts.rpt
Total number of Clock Roots: 0.
Total number of Buffers Inserted: 0.
Total number of Clock Subnets: 0.
Total number of Sinks: 0.
Cells used:
%OL_END_REPORT
