Clock: clk_i
Sources: clk_i 
Generated: no
Virtual: yes
Propagated: no
Period: 10.000000

===========================================================================
report_clock_properties
============================================================================
Clock                   Period          Waveform
----------------------------------------------------
clk_i                10.000000    0.000000  5.000000

===========================================================================
report_clock_latency
============================================================================
Clock clk_i
rise -> rise
    min     max
0.000000 0.000000 source latency
2.570172         network latency _15333_/CLK
        3.292442 network latency _14916_/CLK
---------------
2.570172 3.292442 latency
        0.722269 skew

rise -> fall
    min     max
0.000000 0.000000 source latency
2.495140         network latency _15333_/CLK
        3.128628 network latency _14916_/CLK
---------------
2.495140 3.128628 latency
        0.633488 skew



===========================================================================
report_clock_min_period
============================================================================
clk_i period_min = 0.00 fmax = inf
