12 Lint warnings found.
'PNR_SDC_FILE' is not defined. Using generic fallback SDC for OpenROAD PnR steps.
'SIGNOFF_SDC_FILE' is not defined. Using generic fallback SDC for OpenROAD PnR steps.
[STA-0366] port 'clk' not found.
[STA-0366] port 'clk' not found.
[STA-0419] transition time can not be specified for virtual clocks.
[STA-0450] virtual clock clk can not be propagated.
[STA-0366] port 'clk' not found.
[STA-0366] port 'clk' not found.
[STA-0419] transition time can not be specified for virtual clocks.
[STA-0450] virtual clock clk can not be propagated.
[STA-0366] port 'clk' not found.
[STA-0366] port 'clk' not found.
[STA-0419] transition time can not be specified for virtual clocks.
[STA-0450] virtual clock clk can not be propagated.
[STA-0366] port 'clk' not found.
[STA-0366] port 'clk' not found.
[STA-0419] transition time can not be specified for virtual clocks.
[STA-0450] virtual clock clk can not be propagated.
[STA-0366] port 'clk' not found.
[STA-0366] port 'clk' not found.
[STA-0419] transition time can not be specified for virtual clocks.
[STA-0450] virtual clock clk can not be propagated.
[STA-0366] port 'clk' not found.
[STA-0366] port 'clk' not found.
[STA-0419] transition time can not be specified for virtual clocks.
[STA-0450] virtual clock clk can not be propagated.
[STA-0366] port 'clk' not found.
[STA-0366] port 'clk' not found.
[STA-0419] transition time can not be specified for virtual clocks.
[STA-0450] virtual clock clk can not be propagated.
[GRT-0281] Net CNNver2_SPICLOCK_50 has a large fanout of 1052 terminals.
[STA-0366] port 'clk' not found.
[STA-0366] port 'clk' not found.
[STA-0419] transition time can not be specified for virtual clocks.
[STA-0450] virtual clock clk can not be propagated.
[GRT-0281] Net CNNver2_SPICLOCK_50 has a large fanout of 1052 terminals.
[STA-0366] port 'clk' not found.
[STA-0366] port 'clk' not found.
[STA-0419] transition time can not be specified for virtual clocks.
[STA-0450] virtual clock clk can not be propagated.
[STA-0366] port 'clk' not found.
[STA-0366] port 'clk' not found.
[STA-0419] transition time can not be specified for virtual clocks.
[STA-0450] virtual clock clk can not be propagated.
[STA-0366] port 'clk' not found.
[STA-0366] port 'clk' not found.
[STA-0419] transition time can not be specified for virtual clocks.
[STA-0450] virtual clock clk can not be propagated.
[CTS-0083] No clock nets have been found.
[CTS-0082] No valid clock nets in the design.
[STA-0450] virtual clock clk can not be propagated.
[STA-0366] port 'clk' not found.
[STA-0366] port 'clk' not found.
[STA-0419] transition time can not be specified for virtual clocks.
[STA-0450] virtual clock clk can not be propagated.
[STA-0366] port 'clk' not found.
[STA-0366] port 'clk' not found.
[STA-0419] transition time can not be specified for virtual clocks.
[STA-0450] virtual clock clk can not be propagated.
[STA-0450] virtual clock clk can not be propagated.
[STA-0366] port 'clk' not found.
[STA-0366] port 'clk' not found.
[STA-0419] transition time can not be specified for virtual clocks.
[STA-0450] virtual clock clk can not be propagated.
[STA-0366] port 'clk' not found.
[STA-0366] port 'clk' not found.
[STA-0419] transition time can not be specified for virtual clocks.
[STA-0450] virtual clock clk can not be propagated.
[STA-0450] virtual clock clk can not be propagated.
[STA-0366] port 'clk' not found.
[STA-0366] port 'clk' not found.
[STA-0419] transition time can not be specified for virtual clocks.
[STA-0450] virtual clock clk can not be propagated.
[STA-0366] port 'clk' not found.
[STA-0366] port 'clk' not found.
[STA-0419] transition time can not be specified for virtual clocks.
[STA-0450] virtual clock clk can not be propagated.
[STA-0450] virtual clock clk can not be propagated.
[STA-0366] port 'clk' not found.
[STA-0366] port 'clk' not found.
[STA-0419] transition time can not be specified for virtual clocks.
[STA-0450] virtual clock clk can not be propagated.
[STA-0366] port 'clk' not found.
[STA-0366] port 'clk' not found.
[STA-0419] transition time can not be specified for virtual clocks.
[STA-0450] virtual clock clk can not be propagated.
[STA-0366] port 'clk' not found.
[STA-0366] port 'clk' not found.
[STA-0419] transition time can not be specified for virtual clocks.
[STA-0450] virtual clock clk can not be propagated.
[DRT-0349] LEF58_ENCLOSURE with no CUTCLASS is not supported. Skipping for layer Cont
[DRT-0349] LEF58_ENCLOSURE with no CUTCLASS is not supported. Skipping for layer Via1
[DRT-0349] LEF58_ENCLOSURE with no CUTCLASS is not supported. Skipping for layer Via1
[DRT-0349] LEF58_ENCLOSURE with no CUTCLASS is not supported. Skipping for layer Via2
[DRT-0349] LEF58_ENCLOSURE with no CUTCLASS is not supported. Skipping for layer Via3
[DRT-0349] LEF58_ENCLOSURE with no CUTCLASS is not supported. Skipping for layer Via4
[DRT-0349] LEF58_ENCLOSURE with no CUTCLASS is not supported. Skipping for layer TopVia1
[DRT-0349] LEF58_ENCLOSURE with no CUTCLASS is not supported. Skipping for layer TopVia1
[DRT-0349] LEF58_ENCLOSURE with no CUTCLASS is not supported. Skipping for layer TopVia2
[DRT-0349] LEF58_ENCLOSURE with no CUTCLASS is not supported. Skipping for layer TopVia2
[STA-0366] port 'clk' not found.
[STA-0366] port 'clk' not found.
[STA-0419] transition time can not be specified for virtual clocks.
[STA-0450] virtual clock clk can not be propagated.
Threshold for Threshold-surpassing long wires is not set. The checker will be skipped.
[STA-0366] port 'clk' not found.
[STA-0366] port 'clk' not found.
[STA-0419] transition time can not be specified for virtual clocks.
[STA-0450] virtual clock clk can not be propagated.
'VSRC_LOC_FILES' was not given a value, which may make the results of IR drop analysis inaccurate. If you are not integrating a top-level chip for manufacture, you may ignore this warning, otherwise, see the documentation for 'VSRC_LOC_FILES'.
[STA-0366] port 'clk' not found.
[STA-0366] port 'clk' not found.
[STA-0419] transition time can not be specified for virtual clocks.
[STA-0450] virtual clock clk can not be propagated.
[STA-0366] port 'clk' not found.
[STA-0366] port 'clk' not found.
[STA-0419] transition time can not be specified for virtual clocks.
[STA-0450] virtual clock clk can not be propagated.
[GUI-0076] qglx_findConfig: Failed to finding matching FBConfig for QSurfaceFormat(version 2.0, options QFlags<QSurfaceFormat::FormatOption>(), depthBufferSize -1, redBufferSize 1, greenBufferSize 1, blueBufferSize 1, alphaBufferSize -1, stencilBufferSize -1, samples -1, swapBehavior QSurfaceFormat::SingleBuffer, swapInterval 1, colorSpace QSurfaceFormat::DefaultColorSpace, profile  QSurfaceFormat::NoProfile)
[GUI-0076] qglx_findConfig: Failed to finding matching FBConfig for QSurfaceFormat(version 2.0, options QFlags<QSurfaceFormat::FormatOption>(), depthBufferSize -1, redBufferSize 1, greenBufferSize 1, blueBufferSize 1, alphaBufferSize -1, stencilBufferSize -1, samples -1, swapBehavior QSurfaceFormat::SingleBuffer, swapInterval 1, colorSpace QSurfaceFormat::DefaultColorSpace, profile  QSurfaceFormat::NoProfile)
