Clock: clk_i
Sources: clk_i 
Generated: no
Virtual: yes
Propagated: no
Period: 10.000000

===========================================================================
report_clock_properties
============================================================================
Clock                   Period          Waveform
----------------------------------------------------
clk_i                10.000000    0.000000  5.000000

===========================================================================
report_clock_latency
============================================================================
Clock clk_i
rise -> rise
    min     max
0.000000 0.000000 source latency
2.685454         network latency _15371_/CLK
        3.637597 network latency _15099_/CLK
---------------
2.685454 3.637597 latency
        0.952143 skew

rise -> fall
    min     max
0.000000 0.000000 source latency
2.590828         network latency _15371_/CLK
        3.400424 network latency _15099_/CLK
---------------
2.590828 3.400424 latency
        0.809596 skew



===========================================================================
report_clock_min_period
============================================================================
clk_i period_min = 0.00 fmax = inf
