
===========================================================================
 report_power
============================================================================
======================= nom_typ_1p20V_25C Corner ===================================

Group                    Internal    Switching      Leakage        Total
                            Power        Power        Power        Power (Watts)
------------------------------------------------------------------------
Sequential           4.625946e-04 1.480209e-04 4.775493e-07 6.110931e-04  23.3%
Combinational        9.063650e-04 1.104553e-03 1.074372e-06 2.011992e-03  76.7%
Clock                0.000000e+00 0.000000e+00 0.000000e+00 0.000000e+00   0.0%
Macro                0.000000e+00 0.000000e+00 0.000000e+00 0.000000e+00   0.0%
Pad                  0.000000e+00 0.000000e+00 0.000000e+00 0.000000e+00   0.0%
------------------------------------------------------------------------
Total                1.368963e-03 1.252573e-03 1.551897e-06 2.623087e-03 100.0%
                            52.2%        47.8%         0.1%
Writing metric power__internal__total: 0.0013689626939594746
Writing metric power__switching__total: 0.001252572750672698
Writing metric power__leakage__total: 1.5518972986683366e-6
Writing metric power__total: 0.0026230872608721256

