Clock: clk
Sources: 
Generated: no
Virtual: yes
Propagated: no
Period: 10.000000

===========================================================================
report_clock_properties
============================================================================
Clock                   Period          Waveform
----------------------------------------------------
clk                  10.000000    0.000000  5.000000

===========================================================================
report_clock_latency
============================================================================
Clock clk
rise -> rise
    min     max
0.000000 0.000000 source latency
2.617759         network latency _15261_/CLK
        3.883675 network latency _15085_/CLK
---------------
2.617759 3.883675 latency
        1.265916 skew

rise -> fall
    min     max
0.000000 0.000000 source latency
2.525072         network latency _15261_/CLK
        3.595422 network latency _14615_/CLK
---------------
2.525072 3.595422 latency
        1.070351 skew



===========================================================================
report_clock_min_period
============================================================================
clk period_min = 0.00 fmax = inf
