
35. Executing CHECK pass (checking for obvious problems).
Checking module CNNver2...
Checking module mac_parallel...
Checking module progressive_maxpool...
Checking module fragment_mux_10x10_6x6...
Checking module mux_cnn...
Checking module $paramod\SC_STATEMACHINE_IMAGE_LOADER\ROW_BITS=s32'00000000000000000000000000011110...
Checking module $paramod\SC_STATEMACHINE_WEIGHT_LOADER\ROW_BITS=s32'00000000000000000000000000001111...
Checking module cnn_top...
Checking module $paramod$86f1445bf7eb9dcf6388f28001a39bf4edaa90f5\spi_cnn_slave_8...
Checking module $paramod$4d5b70701c3a06d0547d4fc6c7074752cfb562f3\Register_Imag...
Checking module $paramod$bd1c2789ccb130c79648e20f8a400f4afa158968\Register_Weight...
Checking module $paramod\Master_register\DATAWIDTH_BUS=s32'00000000000000000000000000010000...
Checking module SC_STATEMACHINE_CNN_CTRL...
Checking module $paramod$86f1445bf7eb9dcf6388f28001a39bf4edaa90f5\comm_mem_top...
Checking module cnn_proc_top...
Checking module window_mux_6x6_5x5...
Found and reported 0 problems.
