Reading timing models for corner nom_typ_1p20V_25C…
Reading timing library for the 'nom_typ_1p20V_25C' corner at '/home/designer/projects/CNN4IC/IHP-Open-PDK/ihp-sg13g2/libs.ref/sg13g2_stdcell/lib/sg13g2_stdcell_typ_1p20V_25C.lib'…
Reading timing library for the 'nom_typ_1p20V_25C' corner at '/home/designer/projects/CNN4IC/IHP-Open-PDK/ihp-sg13g2/libs.ref/sg13g2_io/lib/sg13g2_io_typ_1p2V_3p3V_25C.lib'…
Reading OpenROAD database at '/home/designer/projects/CNN4IC/unic_cass_wrapper_user_project/CLASSIFIER_plus_cross_TOP/runs/user_project_run/25-openroad-ioplacement/CLASSIFIER_plus_cross_TOP.odb'…
Reading design constraints file at '/nix/store/w99sjyq5j8hvscxr5zh2x597anf2hadx-python3-3.13.9-env/lib/python3.13/site-packages/librelane/scripts/base.sdc'…
[INFO] Using clock clk_i…
[INFO] Setting output delay to: 2
[INFO] Setting input delay to: 2
[INFO] Setting load to: 0.006
[INFO] Setting clock uncertainty to: 0.25
[INFO] Setting clock transition to: 0.15
[INFO] Setting timing derate to: 5%
[INFO] Setting signal min routing layer to: Metal2 and clock min routing layer to Metal2. 
[INFO] Setting signal max routing layer to: TopMetal2 and clock max routing layer to TopMetal2. 
+ global_placement -density 0.603427 -routability_driven -pad_right 0 -pad_left 0 -init_wirelength_coef 0.25
[INFO GPL-0005] Execute conjugate gradient initial placement.
[INFO GPL-0002] DBU: 1000
[INFO GPL-0003] SiteSize: (  0.480  3.780 ) um
[INFO GPL-0004] CoreBBox: (  5.760 15.120 ) ( 519.360 525.420 ) um
[INFO GPL-0032] Initializing region: Top-level
[INFO GPL-0006] Number of instances:              8673
[INFO GPL-0007] Movable instances:                8673
[INFO GPL-0008] Fixed instances:                     0
[INFO GPL-0009] Dummy instances:                     0
[INFO GPL-0010] Number of nets:                   8692
[INFO GPL-0011] Number of pins:                  29405
[INFO GPL-0012] Die BBox:  (  0.000  0.000 ) ( 525.220 543.940 ) um
[INFO GPL-0013] Core BBox: (  5.760 15.120 ) ( 519.360 525.420 ) um
[INFO GPL-0016] Core area:                  262090.080 um^2
[INFO GPL-0014] Region name: top-level.
[INFO GPL-0015] Region area:                262090.080 um^2
[INFO GPL-0017] Fixed instances area:            0.000 um^2
[INFO GPL-0018] Movable instances area:     142888.780 um^2
[INFO GPL-0019] Utilization:                    54.519 %
[INFO GPL-0020] Standard cells area:        142888.780 um^2
[INFO GPL-0021] Large instances area:            0.000 um^2
[InitialPlace]  Iter: 1 conjugate gradient residual: 0.00045341 HPWL: 330524889
[InitialPlace]  Iter: 2 conjugate gradient residual: 0.00003686 HPWL: 103386596
[InitialPlace]  Iter: 3 conjugate gradient residual: 0.00004460 HPWL: 103535576
[InitialPlace]  Iter: 4 conjugate gradient residual: 0.00007699 HPWL: 103760262
[InitialPlace]  Iter: 5 conjugate gradient residual: 0.00005129 HPWL: 103784451
[InitialPlace]  Iter: 6 conjugate gradient residual: 0.00004374 HPWL: 103895818
[InitialPlace]  Iter: 7 conjugate gradient residual: 0.00011954 HPWL: 103900703
[InitialPlace]  Iter: 8 conjugate gradient residual: 0.00004109 HPWL: 103963722
[InitialPlace]  Iter: 9 conjugate gradient residual: 0.00004994 HPWL: 103961809
[InitialPlace]  Iter: 10 conjugate gradient residual: 0.00004018 HPWL: 104024847
[InitialPlace]  Iter: 11 conjugate gradient residual: 0.00012777 HPWL: 104005677
[InitialPlace]  Iter: 12 conjugate gradient residual: 0.00003830 HPWL: 104040473
[InitialPlace]  Iter: 13 conjugate gradient residual: 0.00011090 HPWL: 104013013
[InitialPlace]  Iter: 14 conjugate gradient residual: 0.00004495 HPWL: 104045166
[InitialPlace]  Iter: 15 conjugate gradient residual: 0.00004597 HPWL: 104044238
[InitialPlace]  Iter: 16 conjugate gradient residual: 0.00004364 HPWL: 104084980
[InitialPlace]  Iter: 17 conjugate gradient residual: 0.00004671 HPWL: 104037833
[InitialPlace]  Iter: 18 conjugate gradient residual: 0.00003906 HPWL: 104089875
[InitialPlace]  Iter: 19 conjugate gradient residual: 0.00010288 HPWL: 104098796
[InitialPlace]  Iter: 20 conjugate gradient residual: 0.00004317 HPWL: 104100447
[INFO GPL-0033] Initializing Nesterov region: Top-level
[INFO GPL-0023] Placement target density:       0.6034
[INFO GPL-0024] Movable insts average area:     16.475 um^2
[INFO GPL-0025] Ideal bin area:                 27.303 um^2
[INFO GPL-0026] Ideal bin count:                  9599
[INFO GPL-0027] Total bin area:             262090.080 um^2
[INFO GPL-0028] Bin count (X, Y):          64 ,     64
[INFO GPL-0029] Bin size (W * H):       8.025 *  7.973 um
[INFO GPL-0030] Number of bins:                   4096
[INFO GPL-0007] Execute nesterov global placement.
[INFO GPL-0031] HPWL: Half-Perimeter Wirelength
Iteration | Overflow |     HPWL (um) |  HPWL(%) |   Penalty | Group
---------------------------------------------------------------
        0 |   0.9948 |  2.780093e+04 |   +0.00% |  2.75e-16 |      
       10 |   0.9939 |  2.429829e+04 |  -12.60% |  4.48e-16 |      
       20 |   0.9936 |  2.441193e+04 |   +0.47% |  7.30e-16 |      
       30 |   0.9935 |  2.446000e+04 |   +0.20% |  1.19e-15 |      
       40 |   0.9934 |  2.450108e+04 |   +0.17% |  1.94e-15 |      
       50 |   0.9933 |  2.454591e+04 |   +0.18% |  3.16e-15 |      
       60 |   0.9932 |  2.459437e+04 |   +0.20% |  5.14e-15 |      
       70 |   0.9929 |  2.462808e+04 |   +0.14% |  8.37e-15 |      
       80 |   0.9927 |  2.464906e+04 |   +0.09% |  1.36e-14 |      
       90 |   0.9926 |  2.467163e+04 |   +0.09% |  2.22e-14 |      
      100 |   0.9924 |  2.470968e+04 |   +0.15% |  3.62e-14 |      
      110 |   0.9923 |  2.480051e+04 |   +0.37% |  5.89e-14 |      
      120 |   0.9920 |  2.502069e+04 |   +0.89% |  9.60e-14 |      
      130 |   0.9915 |  2.555037e+04 |   +2.12% |  1.56e-13 |      
      140 |   0.9908 |  2.676007e+04 |   +4.73% |  2.55e-13 |      
      150 |   0.9876 |  2.927041e+04 |   +9.38% |  4.15e-13 |      
      160 |   0.9844 |  3.326210e+04 |  +13.64% |  6.75e-13 |      
      170 |   0.9775 |  3.852229e+04 |  +15.81% |  1.10e-12 |      
      180 |   0.9702 |  4.546048e+04 |  +18.01% |  1.79e-12 |      
      190 |   0.9595 |  5.518935e+04 |  +21.40% |  2.91e-12 |      
      200 |   0.9457 |  6.620454e+04 |  +19.96% |  4.74e-12 |      
      210 |   0.9289 |  7.773345e+04 |  +17.41% |  7.71e-12 |      
      220 |   0.9082 |  9.107291e+04 |  +17.16% |  1.25e-11 |      
      230 |   0.8822 |  1.062002e+05 |  +16.61% |  2.04e-11 |      
      240 |   0.8496 |  1.218162e+05 |  +14.70% |  3.32e-11 |      
      250 |   0.8165 |  1.371734e+05 |  +12.61% |  5.39e-11 |      
      260 |   0.7776 |  1.524900e+05 |  +11.17% |  8.77e-11 |      
      270 |   0.7377 |  1.672996e+05 |   +9.71% |  1.43e-10 |      
      280 |   0.6924 |  1.827525e+05 |   +9.24% |  2.32e-10 |      
      290 |   0.6450 |  1.976636e+05 |   +8.16% |  3.77e-10 |      
[INFO GPL-0038] Routability snapshot saved at iter = 300
      299 |   0.5984 |  2.103198e+05 |          |           |      
      300 |   0.5931 |  2.116061e+05 |   +7.05% |  6.13e-10 |      
      310 |   0.5335 |  2.222982e+05 |   +5.05% |  9.98e-10 |      
      320 |   0.4734 |  2.323985e+05 |   +4.54% |  1.62e-09 |      
      330 |   0.4111 |  2.393167e+05 |   +2.98% |  2.64e-09 |      
      340 |   0.3590 |  2.431034e+05 |   +1.58% |  4.30e-09 |      
      350 |   0.3271 |  2.434977e+05 |   +0.16% |  6.53e-09 |      
      360 |   0.2965 |  2.440495e+05 |   +0.23% |  9.62e-09 |      
[INFO GPL-0040] Routability iteration: 1
[WARNING GRT-0281] Net ui_PAD2CORE[0] has a large fanout of 1052 terminals.
[INFO GPL-0041] Total routing overflow: 0.0462
[INFO GPL-0042] Number of overflowed tiles: 2 (0.04%)
[INFO GPL-0043] Average top 0.5% routing congestion: 0.8984
[INFO GPL-0044] Average top 1.0% routing congestion: 0.8711
[INFO GPL-0045] Average top 2.0% routing congestion: 0.8386
[INFO GPL-0046] Average top 5.0% routing congestion: 0.7834
[INFO GPL-0047] Routability iteration weighted routing congestion: 0.8847
[INFO GPL-0050] Weighted routing congestion is lower than target routing congestion(1.0100), end routability optimization.
[INFO GPL-0090] Routability finished. Target routing congestion achieved succesfully.
Iteration | Overflow |     HPWL (um) |  HPWL(%) |   Penalty | Group
---------------------------------------------------------------
      370 |   0.2572 |  2.455403e+05 |   +0.61% |  1.42e-08 |      
      380 |   0.2321 |  2.450795e+05 |   -0.19% |  2.09e-08 |      
      390 |   0.2081 |  2.453067e+05 |   +0.09% |  3.07e-08 |      
      400 |   0.1828 |  2.444370e+05 |   -0.35% |  4.53e-08 |      
      410 |   0.1556 |  2.441657e+05 |   -0.11% |  6.67e-08 |      
      420 |   0.1356 |  2.437378e+05 |   -0.18% |  9.82e-08 |      
      430 |   0.1175 |  2.432922e+05 |   -0.18% |  1.45e-07 |      
      440 |   0.0996 |  2.429791e+05 |   -0.13% |  2.13e-07 |      
      440 |   0.0996 |  2.429791e+05 |          |  2.22e-07 |      
---------------------------------------------------------------
[INFO GPL-1001] Global placement finished at iteration 440
[INFO GPL-1003] Routability mode iteration count: 60
[INFO GPL-1005] Routability final weighted congestion: 0.8328
[INFO GPL-1002] Placed Cell Area            142888.7804
[INFO GPL-1003] Available Free Area         262090.0800
[INFO GPL-1004] Minimum Feasible Density        0.5500 (cell_area / free_area)
[INFO GPL-1006]   Suggested Target Densities:
[INFO GPL-1007]     - For 90% usage of free space: 0.6058
[INFO GPL-1008]     - For 80% usage of free space: 0.6815
[INFO GPL-1011] Original area (um^2): 142888.78
[INFO GPL-1012] Total routability artificial inflation: 0.00 (+0.00%)
[INFO GPL-1014] Final placement area: 142888.78 (+0.00%)
Setting global connections for newly added cells…
[INFO] Setting global connections...
[INFO ODB-0403] 0 connections made, 0 conflicts skipped.
Updating metrics…
Cell type report:                       Count       Area
  Buffer                                   66     479.00
  Inverter                                691    3761.25
  Sequential cell                        1051   51487.23
  Multi-Input combinational cell         6865   76215.69
  Total                                  8673  131943.17
Writing OpenROAD database to '/home/designer/projects/CNN4IC/unic_cass_wrapper_user_project/CLASSIFIER_plus_cross_TOP/runs/user_project_run/28-openroad-globalplacement/CLASSIFIER_plus_cross_TOP.odb'…
Writing netlist to '/home/designer/projects/CNN4IC/unic_cass_wrapper_user_project/CLASSIFIER_plus_cross_TOP/runs/user_project_run/28-openroad-globalplacement/CLASSIFIER_plus_cross_TOP.nl.v'…
Writing powered netlist to '/home/designer/projects/CNN4IC/unic_cass_wrapper_user_project/CLASSIFIER_plus_cross_TOP/runs/user_project_run/28-openroad-globalplacement/CLASSIFIER_plus_cross_TOP.pnl.v'…
Writing layout to '/home/designer/projects/CNN4IC/unic_cass_wrapper_user_project/CLASSIFIER_plus_cross_TOP/runs/user_project_run/28-openroad-globalplacement/CLASSIFIER_plus_cross_TOP.def'…
Writing timing constraints to '/home/designer/projects/CNN4IC/unic_cass_wrapper_user_project/CLASSIFIER_plus_cross_TOP/runs/user_project_run/28-openroad-globalplacement/CLASSIFIER_plus_cross_TOP.sdc'…
