                                                                        Cells by Master                                                                         
┏━━━━━━━━━━━━━━━━━━━━━━━━━━━━━━━━━━━━━━━━━━━━━━━━━━━━━━━━━━━━━━━━━━━━━━━━━━━━━━━━━━━━━━━━━━━━━━━━━━━━━━━━━━━━━━━━━━━━━━━━┳━━━━━━━━━━━━━━━━━━━━━━━━━━━━━━━━━━━━━┓
┃ Cell                                                                                                                   ┃ Count                               ┃
┡━━━━━━━━━━━━━━━━━━━━━━━━━━━━━━━━━━━━━━━━━━━━━━━━━━━━━━━━━━━━━━━━━━━━━━━━━━━━━━━━━━━━━━━━━━━━━━━━━━━━━━━━━━━━━━━━━━━━━━━━╇━━━━━━━━━━━━━━━━━━━━━━━━━━━━━━━━━━━━━┩
│ sg13g2_buf_1                                                                                                           │ 27                                  │
│ sg13g2_buf_16                                                                                                          │ 9                                   │
│ sg13g2_decap_4                                                                                                         │ 17                                  │
│ sg13g2_decap_8                                                                                                         │ 45                                  │
│ sg13g2_dfrbpq_1                                                                                                        │ 32                                  │
│ sg13g2_dlygate4sd3_1                                                                                                   │ 61                                  │
│ sg13g2_fill_1                                                                                                          │ 57                                  │
│ sg13g2_fill_2                                                                                                          │ 44                                  │
│ sg13g2_nand2_1                                                                                                         │ 31                                  │
│ sg13g2_nand2b_1                                                                                                        │ 1                                   │
│ sg13g2_nor2_1                                                                                                          │ 15                                  │
│ sg13g2_o21ai_1                                                                                                         │ 15                                  │
│ sg13g2_tiehi                                                                                                           │ 1                                   │
│ sg13g2_tielo                                                                                                           │ 15                                  │
│ sg13g2_xnor2_1                                                                                                         │ 16                                  │
│ sg13g2_xor2_1                                                                                                          │ 15                                  │
└────────────────────────────────────────────────────────────────────────────────────────────────────────────────────────┴─────────────────────────────────────┘
