Reading timing models for corner nom_fast_1p32V_m40C…
Reading timing library for the 'nom_fast_1p32V_m40C' corner at '/home/designer/projects/CNN4IC/IHP-Open-PDK/ihp-sg13g2/libs.ref/sg13g2_stdcell/lib/sg13g2_stdcell_fast_1p32V_m40C.lib'…
Reading timing library for the 'nom_fast_1p32V_m40C' corner at '/home/designer/projects/CNN4IC/IHP-Open-PDK/ihp-sg13g2/libs.ref/sg13g2_io/lib/sg13g2_io_fast_1p32V_3p6V_m40C.lib'…
Reading timing models for corner nom_slow_1p08V_125C…
Reading timing library for the 'nom_slow_1p08V_125C' corner at '/home/designer/projects/CNN4IC/IHP-Open-PDK/ihp-sg13g2/libs.ref/sg13g2_stdcell/lib/sg13g2_stdcell_slow_1p08V_125C.lib'…
Reading timing library for the 'nom_slow_1p08V_125C' corner at '/home/designer/projects/CNN4IC/IHP-Open-PDK/ihp-sg13g2/libs.ref/sg13g2_io/lib/sg13g2_io_slow_1p08V_3p0V_125C.lib'…
Reading timing models for corner nom_typ_1p20V_25C…
Reading timing library for the 'nom_typ_1p20V_25C' corner at '/home/designer/projects/CNN4IC/IHP-Open-PDK/ihp-sg13g2/libs.ref/sg13g2_stdcell/lib/sg13g2_stdcell_typ_1p20V_25C.lib'…
Reading timing library for the 'nom_typ_1p20V_25C' corner at '/home/designer/projects/CNN4IC/IHP-Open-PDK/ihp-sg13g2/libs.ref/sg13g2_io/lib/sg13g2_io_typ_1p2V_3p3V_25C.lib'…
Reading OpenROAD database at '/home/designer/projects/CNN4IC/unic_cass_wrapper_user_project/user_project_example/runs/user_project_run/34-openroad-detailedplacement/user_project_example.odb'…
Reading design constraints file at '/nix/store/w99sjyq5j8hvscxr5zh2x597anf2hadx-python3-3.13.9-env/lib/python3.13/site-packages/librelane/scripts/base.sdc'…
[INFO] Using clock clk_i…
[INFO] Setting output delay to: 2
[INFO] Setting input delay to: 2
[INFO] Setting load to: 0.006
[INFO] Setting clock uncertainty to: 0.25
[INFO] Setting clock transition to: 0.15
[INFO] Setting timing derate to: 5%
[INFO] Configuring cts characterization…
+ configure_cts_characterization 
[INFO] Performing clock tree synthesis…
[INFO] Looking for the following net(s): clk_i
[INFO] Running Clock Tree Synthesis…
+ clock_tree_synthesis -buf_list sg13g2_buf_8 sg13g2_buf_4 sg13g2_buf_2 -root_buf sg13g2_buf_16 -sink_clustering_enable
[INFO CTS-0050] Root buffer is sg13g2_buf_16.
[INFO CTS-0051] Sink buffer is sg13g2_buf_4.
[INFO CTS-0052] The following clock buffers will be used for CTS:
                    sg13g2_buf_2
                    sg13g2_buf_4
                    sg13g2_buf_8
[INFO CTS-0049] Characterization buffer is sg13g2_buf_8.
[INFO CTS-0007] Net "clk_i" found for clock "clk_i".
[INFO CTS-0010]  Clock net "clk_i" has 32 sinks.
[INFO CTS-0008] TritonCTS found 1 clock nets.
[INFO CTS-0097] Characterization used 3 buffer(s) types.
[INFO CTS-0201] 0 blockages from hard placement blockages and placed macros will be used.
[INFO CTS-0027] Generating H-Tree topology for net clk_i.
[INFO CTS-0028]  Total number of sinks: 32.
[INFO CTS-0090]  Sinks will be clustered based on buffer max cap.
[INFO CTS-0030]  Number of static layers: 0.
[INFO CTS-0020]  Wire segment unit: 18900  dbu (18 um).
[INFO CTS-0023]  Original sink region: [(13440, 24360), (68640, 77280)].
[INFO CTS-0024]  Normalized sink region: [(0.711111, 1.28889), (3.63175, 4.08889)].
[INFO CTS-0025]     Width:  2.9206.
[INFO CTS-0026]     Height: 2.8000.
 Level 1
    Direction: Horizontal
    Sinks per sub-region: 16
    Sub-region size: 1.4603 X 2.8000
[INFO CTS-0034]     Segment length (rounded): 1.
 Level 2
    Direction: Vertical
    Sinks per sub-region: 8
    Sub-region size: 1.4603 X 1.4000
[INFO CTS-0034]     Segment length (rounded): 1.
 Level 3
    Direction: Horizontal
    Sinks per sub-region: 4
    Sub-region size: 0.7302 X 1.4000
[INFO CTS-0034]     Segment length (rounded): 1.
[INFO CTS-0032]  Stop criterion found. Max number of sinks is 8.
[INFO CTS-0035]  Number of sinks covered: 32.
[INFO CTS-0018]     Created 9 clock buffers.
[INFO CTS-0012]     Minimum number of buffers in the clock path: 2.
[INFO CTS-0013]     Maximum number of buffers in the clock path: 2.
[INFO CTS-0015]     Created 9 clock nets.
[INFO CTS-0016]     Fanout distribution for the current clock = 4:8..
[INFO CTS-0017]     Max level of the clock tree: 3.
[INFO CTS-0098] Clock net "clk_i"
[INFO CTS-0099]  Sinks 32
[INFO CTS-0100]  Leaf buffers 0
[INFO CTS-0101]  Average sink wire length 124.69 um
[INFO CTS-0102]  Path depth 2 - 2
[INFO CTS-0207]  Dummy loads inserted 0
[INFO] Repairing long wires on clock nets…
[INFO RSZ-0058] Using max wire length 2937um.
Setting global connections for newly added cells…
[INFO] Setting global connections...
[INFO ODB-0403] 18 connections made, 0 conflicts skipped.
Updating metrics…
Cell type report:                       Count       Area
  Buffer                                    1       7.26
  Clock buffer                              9     408.24
  Timing Repair Buffer                     26     188.70
  Sequential cell                          32    1567.64
  Multi-Input combinational cell          109    1045.09
  Total                                   177    3216.93
Writing OpenROAD database to '/home/designer/projects/CNN4IC/unic_cass_wrapper_user_project/user_project_example/runs/user_project_run/35-openroad-cts/user_project_example.odb'…
Writing netlist to '/home/designer/projects/CNN4IC/unic_cass_wrapper_user_project/user_project_example/runs/user_project_run/35-openroad-cts/user_project_example.nl.v'…
Writing powered netlist to '/home/designer/projects/CNN4IC/unic_cass_wrapper_user_project/user_project_example/runs/user_project_run/35-openroad-cts/user_project_example.pnl.v'…
Writing layout to '/home/designer/projects/CNN4IC/unic_cass_wrapper_user_project/user_project_example/runs/user_project_run/35-openroad-cts/user_project_example.def'…
Writing timing constraints to '/home/designer/projects/CNN4IC/unic_cass_wrapper_user_project/user_project_example/runs/user_project_run/35-openroad-cts/user_project_example.sdc'…
[INFO] Legalizing…
+ detailed_placement -max_displacement  500 100 
Placement Analysis
---------------------------------
total displacement        153.1 u
average displacement        0.9 u
max displacement           11.9 u
original HPWL            2677.2 u
legalized HPWL           2910.7 u
delta HPWL                    9 %

[INFO DPL-0020] Mirrored 74 instances
[INFO DPL-0021] HPWL before            2910.7 u
[INFO DPL-0022] HPWL after             2755.0 u
[INFO DPL-0023] HPWL delta               -5.3 %
Setting global connections for newly added cells…
[INFO] Setting global connections...
[INFO ODB-0403] 0 connections made, 0 conflicts skipped.
Updating metrics…
Cell type report:                       Count       Area
  Buffer                                    1       7.26
  Clock buffer                              9     408.24
  Timing Repair Buffer                     26     188.70
  Sequential cell                          32    1567.64
  Multi-Input combinational cell          109    1045.09
  Total                                   177    3216.93
Writing OpenROAD database to '/home/designer/projects/CNN4IC/unic_cass_wrapper_user_project/user_project_example/runs/user_project_run/35-openroad-cts/user_project_example.odb'…
Writing netlist to '/home/designer/projects/CNN4IC/unic_cass_wrapper_user_project/user_project_example/runs/user_project_run/35-openroad-cts/user_project_example.nl.v'…
Writing powered netlist to '/home/designer/projects/CNN4IC/unic_cass_wrapper_user_project/user_project_example/runs/user_project_run/35-openroad-cts/user_project_example.pnl.v'…
Writing layout to '/home/designer/projects/CNN4IC/unic_cass_wrapper_user_project/user_project_example/runs/user_project_run/35-openroad-cts/user_project_example.def'…
Writing timing constraints to '/home/designer/projects/CNN4IC/unic_cass_wrapper_user_project/user_project_example/runs/user_project_run/35-openroad-cts/user_project_example.sdc'…
%OL_CREATE_REPORT cts.rpt
Total number of Clock Roots: 1.
Total number of Buffers Inserted: 9.
Total number of Clock Subnets: 9.
Total number of Sinks: 32.
Cells used:
  sg13g2_buf_16: 9
%OL_END_REPORT
