Clock: clk_i
Sources: clk_i 
Generated: no
Virtual: yes
Propagated: no
Period: 10.000000

===========================================================================
report_clock_properties
============================================================================
Clock                   Period          Waveform
----------------------------------------------------
clk_i                10.000000    0.000000  5.000000

===========================================================================
report_clock_latency
============================================================================
Clock clk_i
rise -> rise
    min     max
0.000000 0.000000 source latency
0.132061         network latency _173_/CLK
        0.134006 network latency _190_/CLK
---------------
0.132061 0.134006 latency
        0.001946 skew

fall -> fall
    min     max
0.000000 0.000000 source latency
0.130916         network latency _173_/CLK
        0.132733 network latency _190_/CLK
---------------
0.130916 0.132733 latency
        0.001817 skew



===========================================================================
report_clock_min_period
============================================================================
clk_i period_min = 1.32 fmax = 756.11
