Reading timing models for corner nom_fast_1p32V_m40C…
Reading timing library for the 'nom_fast_1p32V_m40C' corner at '/home/designer/projects/CNN4IC/IHP-Open-PDK/ihp-sg13g2/libs.ref/sg13g2_stdcell/lib/sg13g2_stdcell_fast_1p32V_m40C.lib'…
Reading timing library for the 'nom_fast_1p32V_m40C' corner at '/home/designer/projects/CNN4IC/IHP-Open-PDK/ihp-sg13g2/libs.ref/sg13g2_io/lib/sg13g2_io_fast_1p32V_3p6V_m40C.lib'…
Reading timing models for corner nom_slow_1p08V_125C…
Reading timing library for the 'nom_slow_1p08V_125C' corner at '/home/designer/projects/CNN4IC/IHP-Open-PDK/ihp-sg13g2/libs.ref/sg13g2_stdcell/lib/sg13g2_stdcell_slow_1p08V_125C.lib'…
Reading timing library for the 'nom_slow_1p08V_125C' corner at '/home/designer/projects/CNN4IC/IHP-Open-PDK/ihp-sg13g2/libs.ref/sg13g2_io/lib/sg13g2_io_slow_1p08V_3p0V_125C.lib'…
Reading timing models for corner nom_typ_1p20V_25C…
Reading timing library for the 'nom_typ_1p20V_25C' corner at '/home/designer/projects/CNN4IC/IHP-Open-PDK/ihp-sg13g2/libs.ref/sg13g2_stdcell/lib/sg13g2_stdcell_typ_1p20V_25C.lib'…
Reading timing library for the 'nom_typ_1p20V_25C' corner at '/home/designer/projects/CNN4IC/IHP-Open-PDK/ihp-sg13g2/libs.ref/sg13g2_io/lib/sg13g2_io_typ_1p2V_3p3V_25C.lib'…
Reading OpenROAD database at '/home/designer/projects/CNN4IC/unic_cass_wrapper_user_project/CLASSIFIER_plus_cross_TOP/runs/user_project_run/28-openroad-globalplacement/CLASSIFIER_plus_cross_TOP.odb'…
Reading design constraints file at '/nix/store/w99sjyq5j8hvscxr5zh2x597anf2hadx-python3-3.13.9-env/lib/python3.13/site-packages/librelane/scripts/base.sdc'…
[INFO] Using clock clk_i…
[INFO] Setting output delay to: 2
[INFO] Setting input delay to: 2
[INFO] Setting load to: 0.006
[INFO] Setting clock uncertainty to: 0.25
[INFO] Setting clock transition to: 0.15
[INFO] Setting timing derate to: 5%
[INFO RSZ-0027] Inserted 5 sg13g2_buf_1 input buffers.
[INFO RSZ-0028] Inserted 3 sg13g2_buf_1 output buffers.
+ repair_design -verbose -max_wire_length 0 -slew_margin 20 -cap_margin 20
Iteration |   Area    | Resized | Buffers | Nets repaired | Remaining
---------------------------------------------------------------------
        0 |     +0.0% |       0 |       0 |             0 |      8700
     1000 |     +0.0% |       0 |       2 |             1 |      7700
     2000 |     +0.0% |       0 |       4 |             3 |      6700
     3000 |     +0.1% |       0 |      23 |             7 |      5700
     4000 |     +0.5% |       0 |      96 |            21 |      4700
     5000 |     +0.8% |       0 |     154 |            31 |      3700
     6000 |     +3.4% |       0 |     614 |           117 |      2700
     7000 |     +3.9% |       0 |     707 |           136 |      1700
     8000 |     +6.0% |       0 |    1089 |           184 |       700
    final |     +6.0% |       0 |    1089 |           184 |         0
---------------------------------------------------------------------
[INFO RSZ-0034] Found 39 slew violations.
[INFO RSZ-0035] Found 183 fanout violations.
[INFO RSZ-0038] Inserted 1089 buffers in 184 nets.
[INFO RSZ-0042] Inserted 14 tie sg13g2_tielo instances.
[INFO RSZ-0042] Inserted 782 tie sg13g2_tiehi instances.
+ detailed_placement -max_displacement  500 100 
Placement Analysis
---------------------------------
total displacement      26892.9 u
average displacement        2.8 u
max displacement           22.1 u
original HPWL          347963.6 u
legalized HPWL         368389.6 u
delta HPWL                    6 %

[INFO DPL-0020] Mirrored 4210 instances
[INFO DPL-0021] HPWL before          368389.6 u
[INFO DPL-0022] HPWL after           362745.4 u
[INFO DPL-0023] HPWL delta               -1.5 %
Setting global connections for newly added cells…
[INFO] Setting global connections...
[INFO ODB-0403] 3786 connections made, 0 conflicts skipped.
Updating metrics…
Cell type report:                       Count       Area
  Buffer                                   66     479.00
  Timing Repair Buffer                   1097    7968.84
  Inverter                                691    3761.25
  Sequential cell                        1051   51487.23
  Multi-Input combinational cell         6865   76215.69
  Total                                  9770  139912.01
Writing OpenROAD database to '/home/designer/projects/CNN4IC/unic_cass_wrapper_user_project/CLASSIFIER_plus_cross_TOP/runs/user_project_run/32-openroad-repairdesignpostgpl/CLASSIFIER_plus_cross_TOP.odb'…
Writing netlist to '/home/designer/projects/CNN4IC/unic_cass_wrapper_user_project/CLASSIFIER_plus_cross_TOP/runs/user_project_run/32-openroad-repairdesignpostgpl/CLASSIFIER_plus_cross_TOP.nl.v'…
Writing powered netlist to '/home/designer/projects/CNN4IC/unic_cass_wrapper_user_project/CLASSIFIER_plus_cross_TOP/runs/user_project_run/32-openroad-repairdesignpostgpl/CLASSIFIER_plus_cross_TOP.pnl.v'…
Writing layout to '/home/designer/projects/CNN4IC/unic_cass_wrapper_user_project/CLASSIFIER_plus_cross_TOP/runs/user_project_run/32-openroad-repairdesignpostgpl/CLASSIFIER_plus_cross_TOP.def'…
Writing timing constraints to '/home/designer/projects/CNN4IC/unic_cass_wrapper_user_project/CLASSIFIER_plus_cross_TOP/runs/user_project_run/32-openroad-repairdesignpostgpl/CLASSIFIER_plus_cross_TOP.sdc'…
