
===========================================================================
 report_power
============================================================================
======================= nom_typ_1p20V_25C Corner ===================================

Group                    Internal    Switching      Leakage        Total
                            Power        Power        Power        Power (Watts)
------------------------------------------------------------------------
Sequential           4.636339e-04 1.689432e-04 4.799919e-07 6.330571e-04  28.9%
Combinational        5.692620e-04 9.789991e-04 1.019764e-06 1.549281e-03  70.8%
Clock                -3.677603e-11 0.000000e+00 6.420514e-06 6.420477e-06   0.3%
Macro                0.000000e+00 0.000000e+00 0.000000e+00 0.000000e+00   0.0%
Pad                  0.000000e+00 0.000000e+00 0.000000e+00 0.000000e+00   0.0%
------------------------------------------------------------------------
Total                1.032898e-03 1.147941e-03 7.920403e-06 2.188759e-03 100.0%
                            47.2%        52.4%         0.4%

