Reading timing models for corner nom_typ_1p20V_25C…
Reading timing library for the 'nom_typ_1p20V_25C' corner at '/home/designer/projects/CNN4IC/IHP-Open-PDK/ihp-sg13g2/libs.ref/sg13g2_stdcell/lib/sg13g2_stdcell_typ_1p20V_25C.lib'…
Reading timing library for the 'nom_typ_1p20V_25C' corner at '/home/designer/projects/CNN4IC/IHP-Open-PDK/ihp-sg13g2/libs.ref/sg13g2_io/lib/sg13g2_io_typ_1p2V_3p3V_25C.lib'…
Reading OpenROAD database at '/home/designer/projects/CNN4IC/unic_cass_wrapper_user_project/CLASSIFIER_plus_cross_TOP/runs/user_project_run/39-openroad-globalrouting/CLASSIFIER_plus_cross_TOP.odb'…
Reading design constraints file at '/nix/store/w99sjyq5j8hvscxr5zh2x597anf2hadx-python3-3.13.9-env/lib/python3.13/site-packages/librelane/scripts/base.sdc'…
[INFO] Using clock clk_i…
[INFO] Setting output delay to: 2
[INFO] Setting input delay to: 2
[INFO] Setting load to: 0.006
[INFO] Setting clock uncertainty to: 0.25
[INFO] Setting clock transition to: 0.15
[INFO] Setting timing derate to: 5%
[INFO] Setting signal min routing layer to: Metal2 and clock min routing layer to Metal2. 
[INFO] Setting signal max routing layer to: TopMetal2 and clock max routing layer to TopMetal2. 
+ global_route -congestion_iterations 50 -verbose
[INFO GRT-0020] Min routing layer: Metal2
[INFO GRT-0021] Max routing layer: TopMetal2
[INFO GRT-0022] Global adjustment: 30%
[INFO GRT-0023] Grid origin: (0, 0)
[INFO GRT-0088] Layer Metal1  Track-Pitch = 0.4200  line-2-Via Pitch: 0.3650
[INFO GRT-0088] Layer Metal2  Track-Pitch = 0.4800  line-2-Via Pitch: 0.4150
[INFO GRT-0088] Layer Metal3  Track-Pitch = 0.4200  line-2-Via Pitch: 0.4150
[INFO GRT-0088] Layer Metal4  Track-Pitch = 0.4800  line-2-Via Pitch: 0.4150
[INFO GRT-0088] Layer Metal5  Track-Pitch = 0.4200  line-2-Via Pitch: 0.6200
[INFO GRT-0088] Layer TopMetal1 Track-Pitch = 2.2800  line-2-Via Pitch: 3.4100
[INFO GRT-0088] Layer TopMetal2 Track-Pitch = 4.0000  line-2-Via Pitch: 3.9500
[INFO GRT-0003] Macros: 0
[INFO GRT-0004] Blockages: 0
[INFO GRT-0019] Found 1 clock nets.
[INFO GRT-0001] Minimum degree: 2
[INFO GRT-0002] Maximum degree: 9

[INFO GRT-0053] Routing resources analysis:
          Routing      Original      Derated      Resource
Layer     Direction    Resources     Resources    Reduction (%)
---------------------------------------------------------------
Metal1     Horizontal          0             0          0.00%
Metal2     Vertical        76944         51164          33.50%
Metal3     Horizontal      90901         59498          34.55%
Metal4     Vertical        76944         51164          33.50%
Metal5     Horizontal      89921         58779          34.63%
TopMetal1    Vertical        15813          9881          37.51%
TopMetal2    Horizontal       8165          4970          39.13%
---------------------------------------------------------------

[INFO GRT-0101] Running extra iterations to remove overflow.
[INFO GRT-0102] Start extra iteration 1/50
[INFO GRT-0197] Via related to pin nodes: 52202
[INFO GRT-0198] Via related Steiner nodes: 1087
[INFO GRT-0199] Via filling finished.
[INFO GRT-0111] Final number of vias: 65463
[INFO GRT-0112] Final usage 3D: 251883

[INFO GRT-0096] Final congestion report:
Layer         Resource        Demand        Usage (%)    Max H / Max V / Total Overflow
---------------------------------------------------------------------------------------
Metal1               0             0            0.00%             0 /  0 /  0
Metal2           51164         25015           48.89%             0 /  0 /  0
Metal3           59498         23247           39.07%             0 /  0 /  0
Metal4           51164          5541           10.83%             0 /  0 /  0
Metal5           58779          1691            2.88%             0 /  0 /  0
TopMetal1           9881             0            0.00%             0 /  0 /  0
TopMetal2           4970             0            0.00%             0 /  0 /  0
---------------------------------------------------------------------------------------
Total           235456         55494           23.57%             0 /  0 /  0

[INFO GRT-0018] Total wirelength: 568836 um
[INFO GRT-0014] Routed nets: 9775
[INFO GRT-0006] Repairing antennas, iteration 1.
[INFO GRT-0012] Found 10 antenna violations.
[INFO GRT-0302] Inserted 10 jumpers for 10 nets.
[INFO GRT-0012] Found 1 antenna violations.
[INFO GRT-0015] Inserted 1 diodes.
[INFO GRT-0009] rerouting 1959 nets.
[INFO GRT-0001] Minimum degree: 2
[INFO GRT-0002] Maximum degree: 9
[INFO GRT-0006] Repairing antennas, iteration 2.
[INFO GRT-0012] Found 1 antenna violations.
[INFO GRT-0302] Inserted 1 jumpers for 1 nets.
[INFO GRT-0012] Found 0 antenna violations.
Setting global connections for newly added cells…
[INFO] Setting global connections...
[INFO ODB-0403] 2 connections made, 0 conflicts skipped.
Updating metrics…
Cell type report:                       Count       Area
  Antenna cell                              1       5.44
  Buffer                                   66     479.00
  Timing Repair Buffer                   1097    7968.84
  Inverter                                691    3761.25
  Sequential cell                        1051   51487.23
  Multi-Input combinational cell         6865   76215.69
  Total                                  9771  139917.46
Writing OpenROAD database to '/home/designer/projects/CNN4IC/unic_cass_wrapper_user_project/CLASSIFIER_plus_cross_TOP/runs/user_project_run/42-openroad-repairantennas/1-diodeinsertion/CLASSIFIER_plus_cross_TOP.odb'…
Writing layout to '/home/designer/projects/CNN4IC/unic_cass_wrapper_user_project/CLASSIFIER_plus_cross_TOP/runs/user_project_run/42-openroad-repairantennas/1-diodeinsertion/CLASSIFIER_plus_cross_TOP.def'…
