Reading timing models for corner nom_typ_1p20V_25C…
Reading timing library for the 'nom_typ_1p20V_25C' corner at '/home/designer/projects/CNN4IC/IHP-Open-PDK/ihp-sg13g2/libs.ref/sg13g2_stdcell/lib/sg13g2_stdcell_typ_1p20V_25C.lib'…
Reading timing library for the 'nom_typ_1p20V_25C' corner at '/home/designer/projects/CNN4IC/IHP-Open-PDK/ihp-sg13g2/libs.ref/sg13g2_io/lib/sg13g2_io_typ_1p2V_3p3V_25C.lib'…
Reading OpenROAD database at '/home/designer/projects/CNN4IC/unic_cass_wrapper_user_project/user_project_example/runs/user_project_run/25-openroad-ioplacement/user_project_example.odb'…
Reading design constraints file at '/nix/store/w99sjyq5j8hvscxr5zh2x597anf2hadx-python3-3.13.9-env/lib/python3.13/site-packages/librelane/scripts/base.sdc'…
[INFO] Using clock clk_i…
[INFO] Setting output delay to: 2
[INFO] Setting input delay to: 2
[INFO] Setting load to: 0.006
[INFO] Setting clock uncertainty to: 0.25
[INFO] Setting clock transition to: 0.15
[INFO] Setting timing derate to: 5%
[INFO] Setting signal min routing layer to: Metal2 and clock min routing layer to Metal2. 
[INFO] Setting signal max routing layer to: TopMetal2 and clock max routing layer to TopMetal2. 
+ global_placement -density 0.606667 -routability_driven -pad_right 0 -pad_left 0 -init_wirelength_coef 0.25
[INFO GPL-0005] Execute conjugate gradient initial placement.
[INFO GPL-0002] DBU: 1000
[INFO GPL-0003] SiteSize: (  0.480  3.780 ) um
[INFO GPL-0004] CoreBBox: (  5.760 15.120 ) ( 77.760 86.940 ) um
[INFO GPL-0032] Initializing region: Top-level
[INFO GPL-0006] Number of instances:               142
[INFO GPL-0007] Movable instances:                 142
[INFO GPL-0008] Fixed instances:                     0
[INFO GPL-0009] Dummy instances:                     0
[INFO GPL-0010] Number of nets:                    161
[INFO GPL-0011] Number of pins:                    476
[INFO GPL-0012] Die BBox:  (  0.000  0.000 ) ( 83.905 102.625 ) um
[INFO GPL-0013] Core BBox: (  5.760 15.120 ) ( 77.760 86.940 ) um
[INFO GPL-0016] Core area:                    5171.040 um^2
[INFO GPL-0014] Region name: top-level.
[INFO GPL-0015] Region area:                  5171.040 um^2
[INFO GPL-0017] Fixed instances area:            0.000 um^2
[INFO GPL-0018] Movable instances area:       2780.880 um^2
[INFO GPL-0019] Utilization:                    53.778 %
[INFO GPL-0020] Standard cells area:          2780.880 um^2
[INFO GPL-0021] Large instances area:            0.000 um^2
[InitialPlace]  Iter: 1 conjugate gradient residual: 0.00000011 HPWL: 3029968
[InitialPlace]  Iter: 2 conjugate gradient residual: 0.00000009 HPWL: 2841807
[InitialPlace]  Iter: 3 conjugate gradient residual: 0.00000010 HPWL: 2747477
[InitialPlace]  Iter: 4 conjugate gradient residual: 0.00000012 HPWL: 2702685
[InitialPlace]  Iter: 5 conjugate gradient residual: 0.00000011 HPWL: 2686242
[INFO GPL-0033] Initializing Nesterov region: Top-level
[INFO GPL-0023] Placement target density:       0.6067
[INFO GPL-0024] Movable insts average area:     19.584 um^2
[INFO GPL-0025] Ideal bin area:                 32.281 um^2
[INFO GPL-0026] Ideal bin count:                   160
[INFO GPL-0027] Total bin area:               5171.040 um^2
[INFO GPL-0028] Bin count (X, Y):           8 ,      8
[INFO GPL-0029] Bin size (W * H):       9.000 *  8.977 um
[INFO GPL-0030] Number of bins:                     64
[INFO GPL-0007] Execute nesterov global placement.
[INFO GPL-0031] HPWL: Half-Perimeter Wirelength
Iteration | Overflow |     HPWL (um) |  HPWL(%) |   Penalty | Group
---------------------------------------------------------------
        0 |   0.3568 |  1.590766e+03 |   +0.00% |  1.36e-12 |      
[INFO GPL-0038] Routability snapshot saved at iter = 1
        0 |   0.3568 |  1.590766e+03 |          |           |      
       10 |   0.3414 |  1.636151e+03 |   +2.85% |  2.08e-12 |      
       20 |   0.3451 |  1.647126e+03 |   +0.67% |  3.06e-12 |      
       30 |   0.3416 |  1.643693e+03 |   -0.21% |  4.51e-12 |      
       40 |   0.3303 |  1.638514e+03 |   -0.32% |  6.64e-12 |      
       50 |   0.3201 |  1.633529e+03 |   -0.30% |  9.79e-12 |      
       60 |   0.3169 |  1.630834e+03 |   -0.16% |  1.44e-11 |      
       70 |   0.3167 |  1.631011e+03 |   +0.01% |  2.12e-11 |      
       80 |   0.3176 |  1.631780e+03 |   +0.05% |  3.13e-11 |      
       90 |   0.3175 |  1.631448e+03 |   -0.02% |  4.61e-11 |      
      100 |   0.3166 |  1.630514e+03 |   -0.06% |  6.79e-11 |      
      110 |   0.3155 |  1.629495e+03 |   -0.06% |  1.00e-10 |      
      120 |   0.3142 |  1.628375e+03 |   -0.07% |  1.47e-10 |      
      130 |   0.3123 |  1.627041e+03 |   -0.08% |  2.17e-10 |      
      140 |   0.3094 |  1.624782e+03 |   -0.14% |  3.20e-10 |      
      150 |   0.3052 |  1.622606e+03 |   -0.13% |  4.71e-10 |      
      160 |   0.2999 |  1.620082e+03 |   -0.16% |  6.94e-10 |      
[INFO GPL-0040] Routability iteration: 1
[INFO GPL-0041] Total routing overflow: 0.0000
[INFO GPL-0042] Number of overflowed tiles: 0 (0.00%)
[INFO GPL-0043] Average top 0.5% routing congestion: 0.6004
[INFO GPL-0044] Average top 1.0% routing congestion: 0.5919
[INFO GPL-0045] Average top 2.0% routing congestion: 0.5725
[INFO GPL-0046] Average top 5.0% routing congestion: 0.5414
[INFO GPL-0047] Routability iteration weighted routing congestion: 0.5961
[INFO GPL-0050] Weighted routing congestion is lower than target routing congestion(1.0100), end routability optimization.
[INFO GPL-0090] Routability finished. Target routing congestion achieved succesfully.
Iteration | Overflow |     HPWL (um) |  HPWL(%) |   Penalty | Group
---------------------------------------------------------------
      170 |   0.2949 |  1.617832e+03 |   -0.14% |  1.02e-09 |      
      180 |   0.2892 |  1.616275e+03 |   -0.10% |  1.51e-09 |      
      190 |   0.2799 |  1.613669e+03 |   -0.16% |  2.22e-09 |      
      200 |   0.2704 |  1.611384e+03 |   -0.14% |  3.27e-09 |      
      210 |   0.2600 |  1.611652e+03 |   +0.02% |  4.81e-09 |      
      220 |   0.2456 |  1.612820e+03 |   +0.07% |  7.09e-09 |      
      230 |   0.2323 |  1.614005e+03 |   +0.07% |  1.04e-08 |      
      240 |   0.2182 |  1.618489e+03 |   +0.28% |  1.54e-08 |      
      250 |   0.2034 |  1.623710e+03 |   +0.32% |  2.27e-08 |      
      260 |   0.1980 |  1.631258e+03 |   +0.46% |  3.34e-08 |      
      270 |   0.1811 |  1.639006e+03 |   +0.47% |  4.92e-08 |      
      280 |   0.1602 |  1.648188e+03 |   +0.56% |  7.25e-08 |      
      290 |   0.1423 |  1.656523e+03 |   +0.51% |  1.07e-07 |      
      300 |   0.1249 |  1.668540e+03 |   +0.73% |  1.57e-07 |      
      310 |   0.1070 |  1.676624e+03 |   +0.48% |  2.32e-07 |      
      314 |   0.0996 |  1.679766e+03 |          |  2.81e-07 |      
---------------------------------------------------------------
[INFO GPL-1001] Global placement finished at iteration 314
[INFO GPL-1003] Routability mode iteration count: 159
[INFO GPL-1005] Routability final weighted congestion: 0.5616
[INFO GPL-1002] Placed Cell Area             2780.8797
[INFO GPL-1003] Available Free Area          5171.0400
[INFO GPL-1004] Minimum Feasible Density        0.5400 (cell_area / free_area)
[INFO GPL-1006]   Suggested Target Densities:
[INFO GPL-1007]     - For 90% usage of free space: 0.5975
[INFO GPL-1008]     - For 80% usage of free space: 0.6722
[INFO GPL-1011] Original area (um^2): 2780.88
[INFO GPL-1012] Total routability artificial inflation: 0.00 (+0.00%)
[INFO GPL-1014] Final placement area: 2780.88 (+0.00%)
Setting global connections for newly added cells…
[INFO] Setting global connections...
[INFO ODB-0403] 0 connections made, 0 conflicts skipped.
Updating metrics…
Cell type report:                       Count       Area
  Buffer                                    1       7.26
  Sequential cell                          32    1567.64
  Multi-Input combinational cell          109    1045.09
  Total                                   142    2619.99
Writing OpenROAD database to '/home/designer/projects/CNN4IC/unic_cass_wrapper_user_project/user_project_example/runs/user_project_run/28-openroad-globalplacement/user_project_example.odb'…
Writing netlist to '/home/designer/projects/CNN4IC/unic_cass_wrapper_user_project/user_project_example/runs/user_project_run/28-openroad-globalplacement/user_project_example.nl.v'…
Writing powered netlist to '/home/designer/projects/CNN4IC/unic_cass_wrapper_user_project/user_project_example/runs/user_project_run/28-openroad-globalplacement/user_project_example.pnl.v'…
Writing layout to '/home/designer/projects/CNN4IC/unic_cass_wrapper_user_project/user_project_example/runs/user_project_run/28-openroad-globalplacement/user_project_example.def'…
Writing timing constraints to '/home/designer/projects/CNN4IC/unic_cass_wrapper_user_project/user_project_example/runs/user_project_run/28-openroad-globalplacement/user_project_example.sdc'…
