Reading technology LEF file at '/home/designer/projects/CNN4IC/IHP-Open-PDK/ihp-sg13g2/libs.ref/sg13g2_stdcell/lef/sg13g2_tech.lef'…
[INFO ODB-0227] LEF file: /home/designer/projects/CNN4IC/IHP-Open-PDK/ihp-sg13g2/libs.ref/sg13g2_stdcell/lef/sg13g2_tech.lef, created 19 layers, 70 vias
Reading cell LEF file at '/home/designer/projects/CNN4IC/IHP-Open-PDK/ihp-sg13g2/libs.ref/sg13g2_stdcell/lef/sg13g2_stdcell.lef'…
[INFO ODB-0227] LEF file: /home/designer/projects/CNN4IC/IHP-Open-PDK/ihp-sg13g2/libs.ref/sg13g2_stdcell/lef/sg13g2_stdcell.lef, created 84 library cells
Reading gpio pad LEF file at '/home/designer/projects/CNN4IC/IHP-Open-PDK/ihp-sg13g2/libs.ref/sg13g2_io/lef/sg13g2_io.lef'…
[INFO ODB-0227] LEF file: /home/designer/projects/CNN4IC/IHP-Open-PDK/ihp-sg13g2/libs.ref/sg13g2_io/lef/sg13g2_io.lef, created 22 library cells
[INFO ODB-0127] Reading DEF file: /home/designer/projects/CNN4IC/unic_cass_wrapper_user_project/user_project_example/runs/user_project_run/53-odb-cellfrequencytables/user_project_example.def
[INFO ODB-0128] Design: user_project_example
[INFO ODB-0130]     Created 38 pins.
[INFO ODB-0131]     Created 401 components and 1434 component-terminals.
[INFO ODB-0132]     Created 2 special nets and 802 connections.
[INFO ODB-0133]     Created 257 nets and 632 connections.
[INFO ODB-0134] Finished DEF file: /home/designer/projects/CNN4IC/unic_cass_wrapper_user_project/user_project_example/runs/user_project_run/53-odb-cellfrequencytables/user_project_example.def
Using RCX ruleset '/home/designer/projects/CNN4IC/IHP-Open-PDK/ihp-sg13g2/libs.tech/librelane/IHP_rcx_patterns.rules'…
[INFO RCX-0431] Defined process_corner CURRENT_CORNER with ext_model_index 0
[INFO RCX-0029] Defined extraction corner CURRENT_CORNER
+ extract_parasitics  -ext_model_file /home/designer/projects/CNN4IC/IHP-Open-PDK/ihp-sg13g2/libs.tech/librelane/IHP_rcx_patterns.rules -lef_res
[INFO RCX-0435] Reading extraction model file /home/designer/projects/CNN4IC/IHP-Open-PDK/ihp-sg13g2/libs.tech/librelane/IHP_rcx_patterns.rules ...
[INFO RCX-0436] RC segment generation user_project_example (max_merge_res 50.0) ...
[INFO RCX-0040] Final 720 rc segments
[INFO RCX-0439] Coupling Cap extraction user_project_example ...
[INFO RCX-0440] Coupling threshhold is 0.1000 fF, coupling capacitance less than 0.1000 fF will be grounded.
[INFO RCX-0442] 48% of 1075 wires extracted
[INFO RCX-0442] 100% of 1075 wires extracted
[INFO RCX-0045] Extract 257 nets, 977 rsegs, 977 caps, 1108 ccs
Setting global connections for newly added cells…
[INFO] Setting global connections...
[INFO ODB-0403] 0 connections made, 0 conflicts skipped.
Updating metrics…
Cell type report:                       Count       Area
  Fill cell                               163     958.00
  Standard cell                           238    4213.04
  Total                                   401    5171.04
Writing extracted parasitics to '/home/designer/projects/CNN4IC/unic_cass_wrapper_user_project/user_project_example/runs/user_project_run/54-openroad-rcx/nom/user_project_example.nom.spef'…
[INFO RCX-0443] 257 nets finished
