101. Printing statistics.

=== user_project_example ===

        +----------Local Count, excluding submodules.
        |        +-Local Area, excluding submodules.
        |        | 
      129        - wires
      161        - wire bits
       51        - public wires
       83        - public wire bits
        4        - ports
       36        - port bits
      125 1.57E+03 cells
       15        -   $_ANDNOT_
       31        -   $_AND_
        1        -   $_OR_
       30        -   $_XNOR_
       16        -   $_XOR_
       32 1.57E+03   sg13g2_dfrbpq_1

   Area for cell type $_ANDNOT_ is unknown!
   Area for cell type $_AND_ is unknown!
   Area for cell type $_OR_ is unknown!
   Area for cell type $_XNOR_ is unknown!
   Area for cell type $_XOR_ is unknown!

   Chip area for module '\user_project_example': 1567.641600
     of which used for sequential elements: 1567.641600 (100.00%)

