109. Printing statistics.

=== user_project_example ===

        +----------Local Count, excluding submodules.
        |        +-Local Area, excluding submodules.
        |        | 
      129        - wires
      161        - wire bits
       51        - public wires
       83        - public wire bits
        4        - ports
       36        - port bits
      142 2.62E+03 cells
        1    7.258   sg13g2_buf_1
       32 1.57E+03   sg13g2_dfrbpq_1
       31  224.986   sg13g2_nand2_1
        1    9.072   sg13g2_nand2b_1
       15  108.864   sg13g2_nor2_1
       15   136.08   sg13g2_o21ai_1
        1    7.258   sg13g2_tiehi
       15  108.864   sg13g2_tielo
       16  232.243   sg13g2_xnor2_1
       15  217.728   sg13g2_xor2_1

   Chip area for module '\user_project_example': 2619.993600
     of which used for sequential elements: 1567.641600 (59.83%)

