Reading technology LEF file at '/home/designer/projects/CNN4IC/IHP-Open-PDK/ihp-sg13g2/libs.ref/sg13g2_stdcell/lef/sg13g2_tech.lef'…
[INFO ODB-0227] LEF file: /home/designer/projects/CNN4IC/IHP-Open-PDK/ihp-sg13g2/libs.ref/sg13g2_stdcell/lef/sg13g2_tech.lef, created 19 layers, 70 vias
Reading cell LEF file at '/home/designer/projects/CNN4IC/IHP-Open-PDK/ihp-sg13g2/libs.ref/sg13g2_stdcell/lef/sg13g2_stdcell.lef'…
[INFO ODB-0227] LEF file: /home/designer/projects/CNN4IC/IHP-Open-PDK/ihp-sg13g2/libs.ref/sg13g2_stdcell/lef/sg13g2_stdcell.lef, created 84 library cells
Reading gpio pad LEF file at '/home/designer/projects/CNN4IC/IHP-Open-PDK/ihp-sg13g2/libs.ref/sg13g2_io/lef/sg13g2_io.lef'…
[INFO ODB-0227] LEF file: /home/designer/projects/CNN4IC/IHP-Open-PDK/ihp-sg13g2/libs.ref/sg13g2_io/lef/sg13g2_io.lef, created 22 library cells
[INFO ODB-0127] Reading DEF file: /home/designer/projects/CNN4IC/unic_cass_wrapper_user_project/CLASSIFIER_plus_cross_TOP/runs/user_project_run/53-odb-cellfrequencytables/CLASSIFIER_plus_cross_TOP.def
[INFO ODB-0128] Design: CLASSIFIER_plus_cross_TOP
[INFO ODB-0130]     Created 38 pins.
[INFO ODB-0131]     Created 24119 components and 79808 component-terminals.
[INFO ODB-0132]     Created 2 special nets and 48238 connections.
[INFO ODB-0133]     Created 9789 nets and 31570 connections.
[INFO ODB-0134] Finished DEF file: /home/designer/projects/CNN4IC/unic_cass_wrapper_user_project/CLASSIFIER_plus_cross_TOP/runs/user_project_run/53-odb-cellfrequencytables/CLASSIFIER_plus_cross_TOP.def
Using RCX ruleset '/home/designer/projects/CNN4IC/IHP-Open-PDK/ihp-sg13g2/libs.tech/librelane/IHP_rcx_patterns.rules'…
[INFO RCX-0431] Defined process_corner CURRENT_CORNER with ext_model_index 0
[INFO RCX-0029] Defined extraction corner CURRENT_CORNER
+ extract_parasitics  -ext_model_file /home/designer/projects/CNN4IC/IHP-Open-PDK/ihp-sg13g2/libs.tech/librelane/IHP_rcx_patterns.rules -lef_res
[INFO RCX-0435] Reading extraction model file /home/designer/projects/CNN4IC/IHP-Open-PDK/ihp-sg13g2/libs.tech/librelane/IHP_rcx_patterns.rules ...
[INFO RCX-0436] RC segment generation CLASSIFIER_plus_cross_TOP (max_merge_res 50.0) ...
[INFO RCX-0040] Final 47215 rc segments
[INFO RCX-0439] Coupling Cap extraction CLASSIFIER_plus_cross_TOP ...
[INFO RCX-0440] Coupling threshhold is 0.1000 fF, coupling capacitance less than 0.1000 fF will be grounded.
[INFO RCX-0442] 47% of 72337 wires extracted
[INFO RCX-0442] 100% of 72337 wires extracted
[INFO RCX-0045] Extract 9789 nets, 56990 rsegs, 56990 caps, 89890 ccs
Setting global connections for newly added cells…
[INFO] Setting global connections...
[INFO ODB-0403] 0 connections made, 0 conflicts skipped.
Updating metrics…
Cell type report:                       Count       Area
  Fill cell                             14342  122139.96
  Antenna cell                              7      38.10
  Standard cell                          9770  139912.01
  Total                                 24119  262090.08
Writing extracted parasitics to '/home/designer/projects/CNN4IC/unic_cass_wrapper_user_project/CLASSIFIER_plus_cross_TOP/runs/user_project_run/54-openroad-rcx/nom/CLASSIFIER_plus_cross_TOP.nom.spef'…
[INFO RCX-0443] 9789 nets finished
