167. Printing statistics.

=== CNNver2 ===

        +----------Local Count, excluding submodules.
        |        +-Local Area, excluding submodules.
        |        | 
     8610        - wires
     8610        - wire bits
     1054        - public wires
     1054        - public wire bits
        8        - ports
        8        - port bits
     8605 1.27E+05 cells
      127 1.61E+03   sg13g2_a21o_1
     1065  9661.68   sg13g2_a21oi_1
      161 2.34E+03   sg13g2_a221oi_1
      118 1.28E+03   sg13g2_a22oi_1
      142 1.29E+03   sg13g2_and2_1
       19  241.315   sg13g2_and3_1
        7  101.606   sg13g2_and4_1
       63  457.229   sg13g2_buf_1
     1051 5.15E+04   sg13g2_dfrbpq_1
        1   18.144   sg13g2_ebufn_2
      685 3.73E+03   sg13g2_inv_1
      553    1E+04   sg13g2_mux2_1
      117 4.46E+03   sg13g2_mux4_1
      646  4688.41   sg13g2_nand2_1
      175   1587.6   sg13g2_nand2b_1
       75    680.4   sg13g2_nand3_1
        8  101.606   sg13g2_nand3b_1
       13  141.523   sg13g2_nand4_1
      744  5.4E+03   sg13g2_nor2_1
      120  1088.64   sg13g2_nor2b_1
      114 1.03E+03   sg13g2_nor3_1
       24  261.274   sg13g2_nor4_1
     1115 1.01E+04   sg13g2_o21ai_1
       96  870.912   sg13g2_or2_1
       24  304.819   sg13g2_or3_1
        4   58.061   sg13g2_or4_1
      782 5.68E+03   sg13g2_tiehi
      343 4.98E+03   sg13g2_xnor2_1
      213 3.09E+03   sg13g2_xor2_1

   Chip area for module '\CNNver2': 126783.997200
     of which used for sequential elements: 51487.228800 (40.61%)

