                                                                        Cells by Master                                                                         
┏━━━━━━━━━━━━━━━━━━━━━━━━━━━━━━━━━━━━━━━━━━━━━━━━━━━━━━━━━━━━━━━━━━━━━━━━━━━━━━━━━━━━━━━━━━━━━━━━━━━━━━━━━━━━━━━━━━┳━━━━━━━━━━━━━━━━━━━━━━━━━━━━━━━━━━━━━━━━━━━┓
┃ Cell                                                                                                             ┃ Count                                     ┃
┡━━━━━━━━━━━━━━━━━━━━━━━━━━━━━━━━━━━━━━━━━━━━━━━━━━━━━━━━━━━━━━━━━━━━━━━━━━━━━━━━━━━━━━━━━━━━━━━━━━━━━━━━━━━━━━━━━━╇━━━━━━━━━━━━━━━━━━━━━━━━━━━━━━━━━━━━━━━━━━━┩
│ sg13g2_a21o_1                                                                                                    │ 135                                       │
│ sg13g2_a21oi_1                                                                                                   │ 1101                                      │
│ sg13g2_a221oi_1                                                                                                  │ 130                                       │
│ sg13g2_a22oi_1                                                                                                   │ 101                                       │
│ sg13g2_and2_1                                                                                                    │ 125                                       │
│ sg13g2_and3_1                                                                                                    │ 16                                        │
│ sg13g2_and4_1                                                                                                    │ 2                                         │
│ sg13g2_antennanp                                                                                                 │ 7                                         │
│ sg13g2_buf_1                                                                                                     │ 1162                                      │
│ sg13g2_buf_4                                                                                                     │ 1                                         │
│ sg13g2_decap_4                                                                                                   │ 1907                                      │
│ sg13g2_decap_8                                                                                                   │ 7473                                      │
│ sg13g2_dfrbpq_1                                                                                                  │ 1051                                      │
│ sg13g2_ebufn_2                                                                                                   │ 1                                         │
│ sg13g2_fill_1                                                                                                    │ 2546                                      │
│ sg13g2_fill_2                                                                                                    │ 2416                                      │
│ sg13g2_inv_1                                                                                                     │ 691                                       │
│ sg13g2_mux2_1                                                                                                    │ 619                                       │
│ sg13g2_mux4_1                                                                                                    │ 217                                       │
│ sg13g2_nand2_1                                                                                                   │ 509                                       │
│ sg13g2_nand2b_1                                                                                                  │ 193                                       │
│ sg13g2_nand3_1                                                                                                   │ 106                                       │
│ sg13g2_nand3b_1                                                                                                  │ 5                                         │
│ sg13g2_nand4_1                                                                                                   │ 15                                        │
│ sg13g2_nor2_1                                                                                                    │ 687                                       │
│ sg13g2_nor2b_1                                                                                                   │ 143                                       │
│ sg13g2_nor3_1                                                                                                    │ 92                                        │
│ sg13g2_nor4_1                                                                                                    │ 20                                        │
│ sg13g2_o21ai_1                                                                                                   │ 1009                                      │
│ sg13g2_or2_1                                                                                                     │ 83                                        │
│ sg13g2_or3_1                                                                                                     │ 23                                        │
│ sg13g2_or4_1                                                                                                     │ 4                                         │
│ sg13g2_tiehi                                                                                                     │ 782                                       │
│ sg13g2_tielo                                                                                                     │ 14                                        │
│ sg13g2_xnor2_1                                                                                                   │ 434                                       │
│ sg13g2_xor2_1                                                                                                    │ 299                                       │
└──────────────────────────────────────────────────────────────────────────────────────────────────────────────────┴───────────────────────────────────────────┘
