Clock: clk_i
Sources: clk_i 
Generated: no
Virtual: no
Propagated: no
Period: 10.000000

===========================================================================
report_clock_properties
============================================================================
Clock                   Period          Waveform
----------------------------------------------------
clk_i                10.000000    0.000000  5.000000

===========================================================================
report_clock_latency
============================================================================
Clock clk_i
rise -> rise
    min     max
0.000000 0.000000 source latency
3.491298         network latency _14429_/CLK
        3.491298 network latency _14429_/CLK
---------------
3.491298 3.491298 latency
        0.000000 skew

rise -> fall
    min     max
0.000000 0.000000 source latency
3.093992         network latency _14429_/CLK
        3.093992 network latency _14429_/CLK
---------------
3.093992 3.093992 latency
        0.000000 skew



===========================================================================
report_clock_min_period
============================================================================
clk_i period_min = 0.00 fmax = inf
