Clock: clk_i
Sources: clk_i 
Generated: no
Virtual: yes
Propagated: no
Period: 10.000000

===========================================================================
report_clock_properties
============================================================================
Clock                   Period          Waveform
----------------------------------------------------
clk_i                10.000000    0.000000  5.000000

===========================================================================
report_clock_latency
============================================================================
Clock clk_i
rise -> rise
    min     max
0.000000 0.000000 source latency
0.191891         network latency _182_/CLK
        0.193639 network latency _171_/CLK
---------------
0.191891 0.193639 latency
        0.001748 skew

fall -> fall
    min     max
0.000000 0.000000 source latency
0.190239         network latency _182_/CLK
        0.191921 network latency _171_/CLK
---------------
0.190239 0.191921 latency
        0.001682 skew



===========================================================================
report_clock_min_period
============================================================================
clk_i period_min = 0.79 fmax = 1259.20
