Clock: clk
Sources: 
Generated: no
Virtual: yes
Propagated: no
Period: 10.000000

===========================================================================
report_clock_properties
============================================================================
Clock                   Period          Waveform
----------------------------------------------------
clk                  10.000000    0.000000  5.000000

===========================================================================
report_clock_latency
============================================================================
Clock clk
rise -> rise
    min     max
0.000000 0.000000 source latency
2.399110         network latency _15261_/CLK
        3.214487 network latency _15085_/CLK
---------------
2.399110 3.214487 latency
        0.815376 skew

rise -> fall
    min     max
0.000000 0.000000 source latency
2.351701         network latency _15261_/CLK
        3.056666 network latency _14615_/CLK
---------------
2.351701 3.056666 latency
        0.704965 skew



===========================================================================
report_clock_min_period
============================================================================
clk period_min = 0.00 fmax = inf
