2026-03-06 05:32:01 +0000: Memory Usage (424296K) : Starting running IHP-SG13G2 KLayout DRC runset on /home/designer/shared/CNN4IC/cnnver3_tests/librelane/CNNver3/runs/RUN_2026-03-06_05-17-31/57-magic-streamout/CNNver2.gds
2026-03-06 05:32:01 +0000: Memory Usage (424296K) : Ruby Version for klayout: 3.3.10
2026-03-06 05:32:01 +0000: Memory Usage (444648K) : Loading database to memory is complete.
2026-03-06 05:32:01 +0000: Memory Usage (444648K) : IHP-SG13G2 KLayout DRC runset output at: /home/designer/shared/CNN4IC/cnnver3_tests/librelane/CNNver3/runs/RUN_2026-03-06_05-17-31/64-klayout-drc/reports/drc.klayout.lyrdb
2026-03-06 05:32:01 +0000: Memory Usage (444648K) : Evaluate switches.
2026-03-06 05:32:01 +0000: Memory Usage (444648K) : tables selected: main
2026-03-06 05:32:01 +0000: Memory Usage (444648K) : KLayout will use 16 thread(s) in tiling mode.
2026-03-06 05:32:01 +0000: Memory Usage (444648K) : deep mode is enabled.
2026-03-06 05:32:01 +0000: Memory Usage (444648K) : FEOL enabled: true
2026-03-06 05:32:01 +0000: Memory Usage (444648K) : BEOL enabled: true
2026-03-06 05:32:01 +0000: Memory Usage (444648K) : OFFGRID enabled: true
2026-03-06 05:32:01 +0000: Memory Usage (444648K) : PIN enabled: true
2026-03-06 05:32:01 +0000: Memory Usage (444648K) : FORBIDDEN enabled: true
2026-03-06 05:32:01 +0000: Memory Usage (444648K) : RECOMMENDED enabled: false
2026-03-06 05:32:01 +0000: Memory Usage (444648K) : PreCheck DRC enabled: false
2026-03-06 05:32:01 +0000: Memory Usage (444648K) : CONNECTIVITY_RULES enabled: true.
2026-03-06 05:32:01 +0000: Memory Usage (444648K) : Read in polygons from layers.
2026-03-06 05:32:01 +0000: Memory Usage (447080K) : activ_drw has 102454 polygons
2026-03-06 05:32:01 +0000: Memory Usage (447080K) : activ_pin has 0 polygons
2026-03-06 05:32:01 +0000: Memory Usage (447080K) : activ_mask has 0 polygons
2026-03-06 05:32:01 +0000: Memory Usage (447464K) : activ_filler has 0 polygons
2026-03-06 05:32:01 +0000: Memory Usage (447464K) : activ_nofill has 0 polygons
2026-03-06 05:32:01 +0000: Memory Usage (447464K) : activ_opc has 0 polygons
2026-03-06 05:32:01 +0000: Memory Usage (447464K) : activ_iopc has 0 polygons
2026-03-06 05:32:01 +0000: Memory Usage (447464K) : activ_noqrc has 0 polygons
2026-03-06 05:32:01 +0000: Memory Usage (447464K) : biwind_drw has 0 polygons
2026-03-06 05:32:01 +0000: Memory Usage (447464K) : biwind_opc has 0 polygons
2026-03-06 05:32:01 +0000: Memory Usage (447464K) : pemwind_drw has 0 polygons
2026-03-06 05:32:01 +0000: Memory Usage (447592K) : gatpoly_drw has 94642 polygons
2026-03-06 05:32:01 +0000: Memory Usage (447592K) : gatpoly_pin has 0 polygons
2026-03-06 05:32:01 +0000: Memory Usage (447592K) : gatpoly_filler has 0 polygons
2026-03-06 05:32:01 +0000: Memory Usage (447720K) : gatpoly_nofill has 0 polygons
2026-03-06 05:32:01 +0000: Memory Usage (447720K) : gatpoly_opc has 0 polygons
2026-03-06 05:32:01 +0000: Memory Usage (447720K) : gatpoly_iopc has 0 polygons
2026-03-06 05:32:01 +0000: Memory Usage (447720K) : gatpoly_noqrc has 0 polygons
2026-03-06 05:32:01 +0000: Memory Usage (447720K) : cont_drw has 676453 polygons
2026-03-06 05:32:01 +0000: Memory Usage (447848K) : cont_opc has 0 polygons
2026-03-06 05:32:01 +0000: Memory Usage (447848K) : nsd_drw has 0 polygons
2026-03-06 05:32:01 +0000: Memory Usage (447848K) : nsd_block has 0 polygons
2026-03-06 05:32:01 +0000: Memory Usage (448616K) : metal1_drw has 185459 polygons
2026-03-06 05:32:02 +0000: Memory Usage (448872K) : metal1_pin has 79803 polygons
2026-03-06 05:32:02 +0000: Memory Usage (448872K) : metal1_mask has 0 polygons
2026-03-06 05:32:02 +0000: Memory Usage (448872K) : metal1_filler has 0 polygons
2026-03-06 05:32:02 +0000: Memory Usage (448872K) : metal1_nofill has 0 polygons
2026-03-06 05:32:02 +0000: Memory Usage (448872K) : metal1_slit has 0 polygons
2026-03-06 05:32:02 +0000: Memory Usage (449256K) : metal1_text has 78628 polygons
2026-03-06 05:32:02 +0000: Memory Usage (449256K) : metal1_opc has 0 polygons
2026-03-06 05:32:02 +0000: Memory Usage (449256K) : metal1_noqrc has 0 polygons
2026-03-06 05:32:02 +0000: Memory Usage (449256K) : metal1_res has 0 polygons
2026-03-06 05:32:02 +0000: Memory Usage (449384K) : metal1_iprobe has 0 polygons
2026-03-06 05:32:02 +0000: Memory Usage (449384K) : metal1_diffprb has 0 polygons
2026-03-06 05:32:02 +0000: Memory Usage (449512K) : passiv_drw has 0 polygons
2026-03-06 05:32:02 +0000: Memory Usage (449512K) : passiv_pin has 0 polygons
2026-03-06 05:32:02 +0000: Memory Usage (449640K) : passiv_sbump has 0 polygons
2026-03-06 05:32:02 +0000: Memory Usage (449640K) : passiv_pillar has 0 polygons
2026-03-06 05:32:02 +0000: Memory Usage (449768K) : passiv_pdl has 0 polygons
2026-03-06 05:32:02 +0000: Memory Usage (452968K) : metal2_drw has 91695 polygons
2026-03-06 05:32:02 +0000: Memory Usage (452968K) : metal2_pin has 0 polygons
2026-03-06 05:32:02 +0000: Memory Usage (452968K) : metal2_mask has 0 polygons
2026-03-06 05:32:02 +0000: Memory Usage (452968K) : metal2_filler has 0 polygons
2026-03-06 05:32:02 +0000: Memory Usage (452968K) : metal2_nofill has 0 polygons
2026-03-06 05:32:02 +0000: Memory Usage (452968K) : metal2_slit has 0 polygons
2026-03-06 05:32:02 +0000: Memory Usage (452968K) : metal2_text has 7490 polygons
2026-03-06 05:32:02 +0000: Memory Usage (453352K) : metal2_opc has 0 polygons
2026-03-06 05:32:02 +0000: Memory Usage (453352K) : metal2_noqrc has 0 polygons
2026-03-06 05:32:02 +0000: Memory Usage (453352K) : metal2_res has 0 polygons
2026-03-06 05:32:02 +0000: Memory Usage (453352K) : metal2_iprobe has 0 polygons
2026-03-06 05:32:02 +0000: Memory Usage (453352K) : metal2_diffprb has 0 polygons
2026-03-06 05:32:02 +0000: Memory Usage (453352K) : baspoly_drw has 0 polygons
2026-03-06 05:32:02 +0000: Memory Usage (453352K) : baspoly_pin has 0 polygons
2026-03-06 05:32:02 +0000: Memory Usage (453480K) : psd_drw has 47602 polygons
2026-03-06 05:32:02 +0000: Memory Usage (453480K) : nldb_drw has 0 polygons
2026-03-06 05:32:02 +0000: Memory Usage (453480K) : digibnd_drw has 0 polygons
2026-03-06 05:32:02 +0000: Memory Usage (454888K) : via1_drw has 36144 polygons
2026-03-06 05:32:02 +0000: Memory Usage (454888K) : backmetal1_drw has 0 polygons
2026-03-06 05:32:02 +0000: Memory Usage (454888K) : backmetal1_pin has 0 polygons
2026-03-06 05:32:02 +0000: Memory Usage (454888K) : backmetal1_mask has 0 polygons
2026-03-06 05:32:02 +0000: Memory Usage (454888K) : backmetal1_filler has 0 polygons
2026-03-06 05:32:02 +0000: Memory Usage (454888K) : backmetal1_nofill has 0 polygons
2026-03-06 05:32:02 +0000: Memory Usage (454888K) : backmetal1_slit has 0 polygons
2026-03-06 05:32:02 +0000: Memory Usage (454888K) : backmetal1_text has 0 polygons
2026-03-06 05:32:02 +0000: Memory Usage (454888K) : backmetal1_opc has 0 polygons
2026-03-06 05:32:02 +0000: Memory Usage (455144K) : backmetal1_noqrc has 0 polygons
2026-03-06 05:32:02 +0000: Memory Usage (455144K) : backmetal1_res has 0 polygons
2026-03-06 05:32:02 +0000: Memory Usage (455144K) : backmetal1_iprobe has 0 polygons
2026-03-06 05:32:02 +0000: Memory Usage (455144K) : backmetal1_diffprb has 0 polygons
2026-03-06 05:32:02 +0000: Memory Usage (455144K) : backpassiv_drw has 0 polygons
2026-03-06 05:32:02 +0000: Memory Usage (455144K) : res_drw has 0 polygons
2026-03-06 05:32:02 +0000: Memory Usage (455144K) : sram_drw has 0 polygons
2026-03-06 05:32:02 +0000: Memory Usage (455144K) : trans_drw has 0 polygons
2026-03-06 05:32:02 +0000: Memory Usage (455272K) : ind_drw has 0 polygons
2026-03-06 05:32:02 +0000: Memory Usage (455272K) : ind_pin has 0 polygons
2026-03-06 05:32:02 +0000: Memory Usage (455400K) : ind_text has 0 polygons
2026-03-06 05:32:02 +0000: Memory Usage (455400K) : salblock_drw has 0 polygons
2026-03-06 05:32:02 +0000: Memory Usage (456808K) : via2_drw has 34628 polygons
2026-03-06 05:32:02 +0000: Memory Usage (457192K) : metal3_drw has 27821 polygons
2026-03-06 05:32:02 +0000: Memory Usage (457192K) : metal3_pin has 8 polygons
2026-03-06 05:32:02 +0000: Memory Usage (457192K) : metal3_mask has 0 polygons
2026-03-06 05:32:02 +0000: Memory Usage (457192K) : metal3_filler has 0 polygons
2026-03-06 05:32:02 +0000: Memory Usage (457192K) : metal3_nofill has 0 polygons
2026-03-06 05:32:02 +0000: Memory Usage (457192K) : metal3_slit has 0 polygons
2026-03-06 05:32:02 +0000: Memory Usage (457576K) : metal3_text has 2122 polygons
2026-03-06 05:32:02 +0000: Memory Usage (457576K) : metal3_opc has 0 polygons
2026-03-06 05:32:02 +0000: Memory Usage (457576K) : metal3_noqrc has 0 polygons
2026-03-06 05:32:02 +0000: Memory Usage (457576K) : metal3_res has 0 polygons
2026-03-06 05:32:02 +0000: Memory Usage (457576K) : metal3_iprobe has 0 polygons
2026-03-06 05:32:02 +0000: Memory Usage (457704K) : metal3_diffprb has 0 polygons
2026-03-06 05:32:02 +0000: Memory Usage (457832K) : nwell_drw has 23728 polygons
2026-03-06 05:32:02 +0000: Memory Usage (457832K) : nwell_pin has 0 polygons
2026-03-06 05:32:02 +0000: Memory Usage (457832K) : nbulay_drw has 0 polygons
2026-03-06 05:32:02 +0000: Memory Usage (457960K) : nbulay_pin has 0 polygons
2026-03-06 05:32:02 +0000: Memory Usage (457960K) : nbulay_block has 0 polygons
2026-03-06 05:32:02 +0000: Memory Usage (458088K) : emwind_drw has 0 polygons
2026-03-06 05:32:02 +0000: Memory Usage (458088K) : emwind_opc has 0 polygons
2026-03-06 05:32:02 +0000: Memory Usage (458216K) : deepco_drw has 0 polygons
2026-03-06 05:32:02 +0000: Memory Usage (458216K) : deepco_drw has 0 polygons
2026-03-06 05:32:02 +0000: Memory Usage (458344K) : mim_drw has 0 polygons
2026-03-06 05:32:02 +0000: Memory Usage (458344K) : edgeseal_drw has 0 polygons
2026-03-06 05:32:02 +0000: Memory Usage (458472K) : edgeseal_bound has 0 polygons
2026-03-06 05:32:02 +0000: Memory Usage (458472K) : substrate_drw has 0 polygons
2026-03-06 05:32:02 +0000: Memory Usage (458600K) : substrate_text has 0 polygons
2026-03-06 05:32:02 +0000: Memory Usage (458600K) : dfpad_drw has 0 polygons
2026-03-06 05:32:02 +0000: Memory Usage (458728K) : dfpad_pillar has 0 polygons
2026-03-06 05:32:02 +0000: Memory Usage (458728K) : dfpad_sbump has 0 polygons
2026-03-06 05:32:02 +0000: Memory Usage (458856K) : thickgateox_drw has 0 polygons
2026-03-06 05:32:02 +0000: Memory Usage (458856K) : pldb_drw has 0 polygons
2026-03-06 05:32:02 +0000: Memory Usage (458984K) : pwell_drw has 0 polygons
2026-03-06 05:32:02 +0000: Memory Usage (458984K) : pwell_pin has 0 polygons
2026-03-06 05:32:02 +0000: Memory Usage (459112K) : pwell_block has 0 polygons
2026-03-06 05:32:02 +0000: Memory Usage (459112K) : ic_drw has 0 polygons
2026-03-06 05:32:02 +0000: Memory Usage (459368K) : via3_drw has 8294 polygons
2026-03-06 05:32:02 +0000: Memory Usage (459624K) : metal4_drw has 3843 polygons
2026-03-06 05:32:02 +0000: Memory Usage (459624K) : metal4_pin has 0 polygons
2026-03-06 05:32:02 +0000: Memory Usage (459752K) : metal4_mask has 0 polygons
2026-03-06 05:32:02 +0000: Memory Usage (459752K) : metal4_filler has 0 polygons
2026-03-06 05:32:02 +0000: Memory Usage (459880K) : metal4_nofill has 0 polygons
2026-03-06 05:32:02 +0000: Memory Usage (459880K) : metal4_slit has 0 polygons
2026-03-06 05:32:02 +0000: Memory Usage (460008K) : metal4_text has 110 polygons
2026-03-06 05:32:02 +0000: Memory Usage (460008K) : metal4_opc has 0 polygons
2026-03-06 05:32:02 +0000: Memory Usage (460136K) : metal4_noqrc has 0 polygons
2026-03-06 05:32:02 +0000: Memory Usage (460136K) : metal4_res has 0 polygons
2026-03-06 05:32:02 +0000: Memory Usage (460264K) : metal4_iprobe has 0 polygons
2026-03-06 05:32:02 +0000: Memory Usage (460264K) : metal4_diffprb has 0 polygons
2026-03-06 05:32:02 +0000: Memory Usage (460392K) : heattrans_drw has 0 polygons
2026-03-06 05:32:02 +0000: Memory Usage (460392K) : heatres_drw has 0 polygons
2026-03-06 05:32:02 +0000: Memory Usage (460520K) : pempoly_drw has 0 polygons
2026-03-06 05:32:02 +0000: Memory Usage (460520K) : fbe_drw has 0 polygons
2026-03-06 05:32:02 +0000: Memory Usage (460648K) : empoly_drw has 0 polygons
2026-03-06 05:32:02 +0000: Memory Usage (460648K) : ldmos_drw has 0 polygons
2026-03-06 05:32:02 +0000: Memory Usage (460776K) : pbiwind_drw has 0 polygons
2026-03-06 05:32:02 +0000: Memory Usage (460776K) : digisub_drw has 0 polygons
2026-03-06 05:32:02 +0000: Memory Usage (460904K) : nodrc_drw has 0 polygons
2026-03-06 05:32:02 +0000: Memory Usage (461032K) : text_drw has 10 polygons
2026-03-06 05:32:02 +0000: Memory Usage (461032K) : via4_drw has 5273 polygons
2026-03-06 05:32:02 +0000: Memory Usage (461288K) : metal5_drw has 1268 polygons
2026-03-06 05:32:02 +0000: Memory Usage (461288K) : metal5_pin has 0 polygons
2026-03-06 05:32:02 +0000: Memory Usage (461416K) : metal5_mask has 0 polygons
2026-03-06 05:32:02 +0000: Memory Usage (461416K) : metal5_filler has 0 polygons
2026-03-06 05:32:02 +0000: Memory Usage (461544K) : metal5_nofill has 0 polygons
2026-03-06 05:32:02 +0000: Memory Usage (461544K) : metal5_slit has 0 polygons
2026-03-06 05:32:02 +0000: Memory Usage (461672K) : metal5_text has 10 polygons
2026-03-06 05:32:02 +0000: Memory Usage (461672K) : metal5_opc has 0 polygons
2026-03-06 05:32:02 +0000: Memory Usage (461800K) : metal5_noqrc has 0 polygons
2026-03-06 05:32:02 +0000: Memory Usage (461800K) : metal5_res has 0 polygons
2026-03-06 05:32:02 +0000: Memory Usage (461928K) : metal5_iprobe has 0 polygons
2026-03-06 05:32:02 +0000: Memory Usage (461928K) : metal5_diffprb has 0 polygons
2026-03-06 05:32:02 +0000: Memory Usage (462056K) : radhard_drw has 0 polygons
2026-03-06 05:32:02 +0000: Memory Usage (462056K) : memcap_drw has 0 polygons
2026-03-06 05:32:02 +0000: Memory Usage (462184K) : varicap_drw has 0 polygons
2026-03-06 05:32:02 +0000: Memory Usage (462184K) : flash_drw has 0 polygons
2026-03-06 05:32:02 +0000: Memory Usage (462312K) : intbondvia_drw has 0 polygons
2026-03-06 05:32:02 +0000: Memory Usage (462312K) : intbondmet_drw has 0 polygons
2026-03-06 05:32:02 +0000: Memory Usage (462312K) : devbondvia_drw has 0 polygons
2026-03-06 05:32:02 +0000: Memory Usage (462312K) : devbondmet_drw has 0 polygons
2026-03-06 05:32:02 +0000: Memory Usage (462312K) : devtrench_drw has 0 polygons
2026-03-06 05:32:02 +0000: Memory Usage (462312K) : redist_drw has 0 polygons
2026-03-06 05:32:02 +0000: Memory Usage (462312K) : graphbot_drw has 0 polygons
2026-03-06 05:32:02 +0000: Memory Usage (462312K) : graphtop_drw has 0 polygons
2026-03-06 05:32:02 +0000: Memory Usage (462312K) : antvia1_drw has 0 polygons
2026-03-06 05:32:02 +0000: Memory Usage (462312K) : antmetal2_drw has 0 polygons
2026-03-06 05:32:02 +0000: Memory Usage (462312K) : graphcont_drw has 0 polygons
2026-03-06 05:32:02 +0000: Memory Usage (462312K) : siwg_drw has 0 polygons
2026-03-06 05:32:02 +0000: Memory Usage (462312K) : siwg_filler has 0 polygons
2026-03-06 05:32:02 +0000: Memory Usage (462312K) : siwg_nofill has 0 polygons
2026-03-06 05:32:02 +0000: Memory Usage (462312K) : sigrating_drw has 0 polygons
2026-03-06 05:32:02 +0000: Memory Usage (462312K) : singrating_drw has 0 polygons
2026-03-06 05:32:02 +0000: Memory Usage (462312K) : graphpas_drw has 0 polygons
2026-03-06 05:32:02 +0000: Memory Usage (462312K) : emwind3_drw has 0 polygons
2026-03-06 05:32:02 +0000: Memory Usage (462312K) : emwihv3_drw has 0 polygons
2026-03-06 05:32:02 +0000: Memory Usage (462312K) : redbulay_drw has 0 polygons
2026-03-06 05:32:02 +0000: Memory Usage (462312K) : smos_drw has 0 polygons
2026-03-06 05:32:02 +0000: Memory Usage (462312K) : graphpad_drw has 0 polygons
2026-03-06 05:32:02 +0000: Memory Usage (462312K) : polimide_drw has 0 polygons
2026-03-06 05:32:02 +0000: Memory Usage (462312K) : polimide_pin has 0 polygons
2026-03-06 05:32:02 +0000: Memory Usage (462312K) : recog_drw has 0 polygons
2026-03-06 05:32:02 +0000: Memory Usage (462312K) : recog_pin has 0 polygons
2026-03-06 05:32:02 +0000: Memory Usage (462312K) : recog_esd has 0 polygons
2026-03-06 05:32:02 +0000: Memory Usage (462312K) : recog_diode has 10 polygons
2026-03-06 05:32:02 +0000: Memory Usage (462312K) : recog_tsv has 0 polygons
2026-03-06 05:32:02 +0000: Memory Usage (462312K) : recog_iprobe has 0 polygons
2026-03-06 05:32:02 +0000: Memory Usage (462312K) : recog_diffprb has 0 polygons
2026-03-06 05:32:02 +0000: Memory Usage (462312K) : recog_pillar has 0 polygons
2026-03-06 05:32:02 +0000: Memory Usage (462312K) : recog_sbump has 0 polygons
2026-03-06 05:32:02 +0000: Memory Usage (462312K) : recog_otp has 0 polygons
2026-03-06 05:32:02 +0000: Memory Usage (462312K) : recog_pdiode has 0 polygons
2026-03-06 05:32:02 +0000: Memory Usage (462312K) : recog_mom has 0 polygons
2026-03-06 05:32:02 +0000: Memory Usage (462312K) : recog_pcm has 0 polygons
2026-03-06 05:32:02 +0000: Memory Usage (462312K) : colopen_drw has 0 polygons
2026-03-06 05:32:02 +0000: Memory Usage (462312K) : graphmetal1_drw has 0 polygons
2026-03-06 05:32:02 +0000: Memory Usage (462312K) : graphmetal1_filler has 0 polygons
2026-03-06 05:32:02 +0000: Memory Usage (462312K) : graphmetal1_nofill has 0 polygons
2026-03-06 05:32:02 +0000: Memory Usage (462312K) : graphmetal1_slit has 0 polygons
2026-03-06 05:32:02 +0000: Memory Usage (462312K) : graphmetal1_opc has 0 polygons
2026-03-06 05:32:02 +0000: Memory Usage (462312K) : graphmet1l_drw has 0 polygons
2026-03-06 05:32:02 +0000: Memory Usage (462312K) : graphmet1l_filler has 0 polygons
2026-03-06 05:32:02 +0000: Memory Usage (462312K) : graphmet1l_nofill has 0 polygons
2026-03-06 05:32:02 +0000: Memory Usage (462312K) : graphmet1l_slit has 0 polygons
2026-03-06 05:32:02 +0000: Memory Usage (462312K) : graphmet1l_opc has 0 polygons
2026-03-06 05:32:02 +0000: Memory Usage (462312K) : extblock_drw has 0 polygons
2026-03-06 05:32:02 +0000: Memory Usage (462312K) : nldd_drw has 0 polygons
2026-03-06 05:32:02 +0000: Memory Usage (462312K) : pldd_drw has 0 polygons
2026-03-06 05:32:02 +0000: Memory Usage (462312K) : next_drw has 0 polygons
2026-03-06 05:32:02 +0000: Memory Usage (462312K) : pext_drw has 0 polygons
2026-03-06 05:32:02 +0000: Memory Usage (462312K) : nexthv_drw has 0 polygons
2026-03-06 05:32:02 +0000: Memory Usage (462312K) : pexthv_drw has 0 polygons
2026-03-06 05:32:02 +0000: Memory Usage (462312K) : graphgate_drw has 0 polygons
2026-03-06 05:32:02 +0000: Memory Usage (462312K) : sinwg_drw has 0 polygons
2026-03-06 05:32:02 +0000: Memory Usage (462312K) : sinwg_filler has 0 polygons
2026-03-06 05:32:02 +0000: Memory Usage (462312K) : sinwg_nofill has 0 polygons
2026-03-06 05:32:02 +0000: Memory Usage (462312K) : mempad_drw has 0 polygons
2026-03-06 05:32:02 +0000: Memory Usage (462312K) : topvia1_drw has 1878 polygons
2026-03-06 05:32:02 +0000: Memory Usage (462312K) : topmetal1_drw has 15 polygons
2026-03-06 05:32:02 +0000: Memory Usage (462312K) : topmetal1_pin has 14 polygons
2026-03-06 05:32:02 +0000: Memory Usage (462312K) : topmetal1_mask has 0 polygons
2026-03-06 05:32:02 +0000: Memory Usage (462312K) : topmetal1_filler has 0 polygons
2026-03-06 05:32:02 +0000: Memory Usage (462312K) : topmetal1_nofill has 0 polygons
2026-03-06 05:32:02 +0000: Memory Usage (462312K) : topmetal1_slit has 0 polygons
2026-03-06 05:32:02 +0000: Memory Usage (462312K) : topmetal1_text has 14 polygons
2026-03-06 05:32:02 +0000: Memory Usage (462312K) : topmetal1_noqrc has 0 polygons
2026-03-06 05:32:02 +0000: Memory Usage (462312K) : topmetal1_res has 0 polygons
2026-03-06 05:32:02 +0000: Memory Usage (462312K) : topmetal1_iprobe has 0 polygons
2026-03-06 05:32:02 +0000: Memory Usage (462312K) : topmetal1_diffprb has 0 polygons
2026-03-06 05:32:02 +0000: Memory Usage (462312K) : inldpwl_drw has 0 polygons
2026-03-06 05:32:02 +0000: Memory Usage (462312K) : polyres_drw has 0 polygons
2026-03-06 05:32:02 +0000: Memory Usage (462312K) : polyres_pin has 0 polygons
2026-03-06 05:32:02 +0000: Memory Usage (462312K) : vmim_drw has 0 polygons
2026-03-06 05:32:02 +0000: Memory Usage (462312K) : nbulaycut_drw has 0 polygons
2026-03-06 05:32:02 +0000: Memory Usage (462312K) : antmetal1_drw has 0 polygons
2026-03-06 05:32:02 +0000: Memory Usage (462312K) : topvia2_drw has 98 polygons
2026-03-06 05:32:02 +0000: Memory Usage (462312K) : topmetal2_drw has 14 polygons
2026-03-06 05:32:02 +0000: Memory Usage (462312K) : topmetal2_pin has 14 polygons
2026-03-06 05:32:02 +0000: Memory Usage (462312K) : topmetal2_mask has 0 polygons
2026-03-06 05:32:02 +0000: Memory Usage (462312K) : topmetal2_filler has 0 polygons
2026-03-06 05:32:02 +0000: Memory Usage (462312K) : topmetal2_nofill has 0 polygons
2026-03-06 05:32:02 +0000: Memory Usage (462312K) : topmetal2_slit has 0 polygons
2026-03-06 05:32:02 +0000: Memory Usage (462312K) : topmetal2_text has 14 polygons
2026-03-06 05:32:02 +0000: Memory Usage (462312K) : topmetal2_noqrc has 0 polygons
2026-03-06 05:32:02 +0000: Memory Usage (462312K) : topmetal2_res has 0 polygons
2026-03-06 05:32:02 +0000: Memory Usage (462312K) : topmetal2_iprobe has 0 polygons
2026-03-06 05:32:02 +0000: Memory Usage (462312K) : topmetal2_diffprb has 0 polygons
2026-03-06 05:32:02 +0000: Memory Usage (462312K) : snsring_drw has 0 polygons
2026-03-06 05:32:02 +0000: Memory Usage (462312K) : sensor_drw has 0 polygons
2026-03-06 05:32:02 +0000: Memory Usage (462312K) : snsarms_drw has 0 polygons
2026-03-06 05:32:02 +0000: Memory Usage (462312K) : snscmosvia_drw has 0 polygons
2026-03-06 05:32:02 +0000: Memory Usage (462312K) : colwind_drw has 0 polygons
2026-03-06 05:32:02 +0000: Memory Usage (462312K) : flm_drw has 0 polygons
2026-03-06 05:32:02 +0000: Memory Usage (462312K) : hafniumox_drw has 0 polygons
2026-03-06 05:32:02 +0000: Memory Usage (462312K) : memvia_drw has 0 polygons
2026-03-06 05:32:02 +0000: Memory Usage (462312K) : thinfilmres_drw has 0 polygons
2026-03-06 05:32:02 +0000: Memory Usage (462312K) : rfmem_drw has 0 polygons
2026-03-06 05:32:02 +0000: Memory Usage (462312K) : norcx_drw has 0 polygons
2026-03-06 05:32:02 +0000: Memory Usage (462312K) : norcx_m2m3 has 0 polygons
2026-03-06 05:32:02 +0000: Memory Usage (462312K) : norcx_m2m4 has 0 polygons
2026-03-06 05:32:02 +0000: Memory Usage (462312K) : norcx_m2m5 has 0 polygons
2026-03-06 05:32:02 +0000: Memory Usage (462312K) : norcx_m2tm1 has 0 polygons
2026-03-06 05:32:02 +0000: Memory Usage (462312K) : norcx_m2tm2 has 0 polygons
2026-03-06 05:32:02 +0000: Memory Usage (462312K) : norcx_m3m4 has 0 polygons
2026-03-06 05:32:02 +0000: Memory Usage (462312K) : norcx_m3m5 has 0 polygons
2026-03-06 05:32:02 +0000: Memory Usage (462312K) : norcx_m3tm1 has 0 polygons
2026-03-06 05:32:02 +0000: Memory Usage (462312K) : norcx_m3tm2 has 0 polygons
2026-03-06 05:32:02 +0000: Memory Usage (462312K) : norcx_m4m5 has 0 polygons
2026-03-06 05:32:02 +0000: Memory Usage (462312K) : norcx_m4tm1 has 0 polygons
2026-03-06 05:32:02 +0000: Memory Usage (462312K) : norcx_m4tm2 has 0 polygons
2026-03-06 05:32:02 +0000: Memory Usage (462312K) : norcx_m5tm1 has 0 polygons
2026-03-06 05:32:02 +0000: Memory Usage (462312K) : norcx_m5tm2 has 0 polygons
2026-03-06 05:32:02 +0000: Memory Usage (462312K) : norcx_tm1tm2 has 0 polygons
2026-03-06 05:32:02 +0000: Memory Usage (462312K) : norcx_m1sub has 0 polygons
2026-03-06 05:32:02 +0000: Memory Usage (462312K) : norcx_m2sub has 0 polygons
2026-03-06 05:32:02 +0000: Memory Usage (462312K) : norcx_m3sub has 0 polygons
2026-03-06 05:32:02 +0000: Memory Usage (462312K) : norcx_m4sub has 0 polygons
2026-03-06 05:32:02 +0000: Memory Usage (462312K) : norcx_m5sub has 0 polygons
2026-03-06 05:32:02 +0000: Memory Usage (462312K) : norcx_tm1sub has 0 polygons
2026-03-06 05:32:02 +0000: Memory Usage (462312K) : norcx_tm2sub has 0 polygons
2026-03-06 05:32:02 +0000: Memory Usage (462312K) : snsbotvia_drw has 0 polygons
2026-03-06 05:32:02 +0000: Memory Usage (462312K) : snstopvia_drw has 0 polygons
2026-03-06 05:32:02 +0000: Memory Usage (462312K) : deepvia_drw has 0 polygons
2026-03-06 05:32:02 +0000: Memory Usage (462312K) : fgetch_drw has 0 polygons
2026-03-06 05:32:02 +0000: Memory Usage (462312K) : ctrgat_drw has 0 polygons
2026-03-06 05:32:02 +0000: Memory Usage (462312K) : fgimp_drw has 0 polygons
2026-03-06 05:32:02 +0000: Memory Usage (462312K) : emwihv_drw has 0 polygons
2026-03-06 05:32:02 +0000: Memory Usage (462312K) : lbe_drw has 0 polygons
2026-03-06 05:32:02 +0000: Memory Usage (462312K) : alcustop_drw has 0 polygons
2026-03-06 05:32:02 +0000: Memory Usage (462312K) : nometfiller_drw has 0 polygons
2026-03-06 05:32:02 +0000: Memory Usage (462312K) : prboundary_drw has 0 polygons
2026-03-06 05:32:02 +0000: Memory Usage (462312K) : exchange0_drw has 0 polygons
2026-03-06 05:32:02 +0000: Memory Usage (462312K) : exchange0_pin has 0 polygons
2026-03-06 05:32:02 +0000: Memory Usage (462312K) : exchange0_text has 0 polygons
2026-03-06 05:32:02 +0000: Memory Usage (462312K) : exchange1_drw has 0 polygons
2026-03-06 05:32:02 +0000: Memory Usage (462312K) : exchange1_pin has 0 polygons
2026-03-06 05:32:02 +0000: Memory Usage (462312K) : exchange1_text has 0 polygons
2026-03-06 05:32:02 +0000: Memory Usage (462312K) : exchange2_drw has 0 polygons
2026-03-06 05:32:02 +0000: Memory Usage (462312K) : exchange2_pin has 0 polygons
2026-03-06 05:32:02 +0000: Memory Usage (462312K) : exchange2_text has 0 polygons
2026-03-06 05:32:02 +0000: Memory Usage (462312K) : exchange3_drw has 0 polygons
2026-03-06 05:32:02 +0000: Memory Usage (462312K) : exchange3_pin has 0 polygons
2026-03-06 05:32:02 +0000: Memory Usage (462312K) : exchange3_text has 0 polygons
2026-03-06 05:32:02 +0000: Memory Usage (462440K) : exchange4_drw has 0 polygons
2026-03-06 05:32:02 +0000: Memory Usage (462440K) : exchange4_pin has 0 polygons
2026-03-06 05:32:02 +0000: Memory Usage (462568K) : exchange4_text has 0 polygons
2026-03-06 05:32:02 +0000: Memory Usage (462568K) : isonwell_drw has 0 polygons
2026-03-06 05:32:02 +0000: Memory Usage (462568K) : Total no. of polygons in the design is 1509556
2026-03-06 05:32:02 +0000: Memory Usage (462568K) : Loaded TECH DRC rules values from /opt/pdks/ciel/ihp-sg13g2/versions/c4b8b4e5e7a05f375cca3815d51b3a37721fbf5c/ihp-sg13g2/libs.tech/klayout/python/sg13g2_pycell_lib/sg13g2_tech_mod.json
2026-03-06 05:32:02 +0000: Memory Usage (462568K) : Loaded default DRC rules values from /opt/pdks/ciel/ihp-sg13g2/versions/c4b8b4e5e7a05f375cca3815d51b3a37721fbf5c/ihp-sg13g2/libs.tech/klayout/tech/drc/rule_decks/sg13g2_tech_default.json
2026-03-06 05:32:02 +0000: Memory Usage (462568K) : The following rules values were missing in tech json and default values were used:
2026-03-06 05:32:02 +0000: Memory Usage (462568K) :   - Cnt_c_digibnd
2026-03-06 05:32:02 +0000: Memory Usage (464872K) : Total area of the design is 810000.0 um^2.
2026-03-06 05:32:02 +0000: Memory Usage (464872K) : The design dimensions are 900.0 µm * 900.0 µm.
2026-03-06 05:32:02 +0000: Memory Usage (464872K) : Starting general IHP-SG13G2 derivations.
2026-03-06 05:32:02 +0000: Memory Usage (464872K) : Starting Pwell derivations
2026-03-06 05:32:02 +0000: Memory Usage (481776K) : Starting n-Activ derivations
2026-03-06 05:32:03 +0000: Memory Usage (489780K) : Starting p-Activ derivations
2026-03-06 05:32:04 +0000: Memory Usage (490760K) : Starting ptap derivations
2026-03-06 05:32:04 +0000: Memory Usage (502636K) : Starting ntap derivations
2026-03-06 05:32:04 +0000: Memory Usage (509432K) : Starting pact FET derivations
2026-03-06 05:32:05 +0000: Memory Usage (504036K) : Starting nact FET derivations
2026-03-06 05:32:05 +0000: Memory Usage (523236K) : Starting Gate derivations
2026-03-06 05:32:05 +0000: Memory Usage (534500K) : Starting cont/contbar general derivations
2026-03-06 05:32:06 +0000: Memory Usage (597860K) : Starting pad general derivations
2026-03-06 05:32:06 +0000: Memory Usage (597860K) : Starting IHP-SG13G2 DRC connectivity related derivations.
2026-03-06 05:32:06 +0000: Memory Usage (597860K) : Starting IHP-SG13G2 DRC connectivity setup
2026-03-06 05:32:10 +0000: Memory Usage (598244K) : Starting IHP-SG13G2 DRC rules.
2026-03-06 05:32:10 +0000: Memory Usage (598244K) : Running all FEOL rules
2026-03-06 05:32:10 +0000: Memory Usage (598244K) : Running all BEOL rules
2026-03-06 05:32:10 +0000: Memory Usage (598244K) : Running all PIN rules
2026-03-06 05:32:10 +0000: Memory Usage (598244K) : Running all FORBIDDEN rules
2026-03-06 05:32:10 +0000: Memory Usage (598244K) : Starting 5.1 NWell table
2026-03-06 05:32:10 +0000: Memory Usage (598244K) : Executing rule NW.b
2026-03-06 05:32:11 +0000: Memory Usage (598192K) : Executing rule NW.b1
2026-03-06 05:32:11 +0000: Memory Usage (598192K) : Starting 5.2 PWell:block
2026-03-06 05:32:11 +0000: Memory Usage (598192K) : Executing rule PWB.e
2026-03-06 05:32:11 +0000: Memory Usage (598192K) : Executing rule PWB.e1
2026-03-06 05:32:11 +0000: Memory Usage (598192K) : Executing rule PWB.f
2026-03-06 05:32:11 +0000: Memory Usage (598192K) : Executing rule PWB.f1
2026-03-06 05:32:11 +0000: Memory Usage (598192K) : Starting 5.3 nBuLay table
2026-03-06 05:32:11 +0000: Memory Usage (613604K) : Executing rule NBL.b
2026-03-06 05:32:11 +0000: Memory Usage (613732K) : Executing rule NBL.c
2026-03-06 05:32:11 +0000: Memory Usage (613724K) : Executing rule NBL.d
2026-03-06 05:32:11 +0000: Memory Usage (616412K) : Executing rule NBL.e
2026-03-06 05:32:11 +0000: Memory Usage (620252K) : Executing rule NBL.f
2026-03-06 05:32:11 +0000: Memory Usage (621148K) : Starting 5.5. Activ table
2026-03-06 05:32:11 +0000: Memory Usage (621148K) : Executing rule Act.a
2026-03-06 05:32:12 +0000: Memory Usage (621148K) : Executing rule Act.b
2026-03-06 05:32:13 +0000: Memory Usage (627508K) : Starting 5.6 Activ:filler table
2026-03-06 05:32:13 +0000: Memory Usage (627508K) : Executing rule AFil.c1
2026-03-06 05:32:13 +0000: Memory Usage (627508K) : Executing rule AFil.c
2026-03-06 05:32:13 +0000: Memory Usage (627508K) : Executing rule AFil.d
2026-03-06 05:32:13 +0000: Memory Usage (627508K) : Executing rule AFil.e
2026-03-06 05:32:13 +0000: Memory Usage (627508K) : Executing rule AFil.j
2026-03-06 05:32:13 +0000: Memory Usage (627508K) : Starting 5.7. ThickGateOx table
2026-03-06 05:32:13 +0000: Memory Usage (627508K) : Executing rule TGO.f
2026-03-06 05:32:13 +0000: Memory Usage (627508K) : Starting 5.8. GatPoly table
2026-03-06 05:32:13 +0000: Memory Usage (627508K) : Executing rule Gat.a
2026-03-06 05:32:13 +0000: Memory Usage (627508K) : Executing rule Gat.b
2026-03-06 05:32:13 +0000: Memory Usage (628020K) : Executing rule Gat.d
2026-03-06 05:32:13 +0000: Memory Usage (633268K) : Executing rule Gat.a1
2026-03-06 05:32:13 +0000: Memory Usage (637232K) : Executing rule Gat.a2
2026-03-06 05:32:13 +0000: Memory Usage (642352K) : Executing rule Gat.g
2026-03-06 05:32:13 +0000: Memory Usage (642220K) : Starting 5.9 GatPoly:filler
2026-03-06 05:32:13 +0000: Memory Usage (642220K) : Executing rule GFil.d
2026-03-06 05:32:13 +0000: Memory Usage (642220K) : Executing rule GFil.e
2026-03-06 05:32:13 +0000: Memory Usage (642220K) : Executing rule GFil.i
2026-03-06 05:32:13 +0000: Memory Usage (642220K) : Starting 5.10 pSD table
2026-03-06 05:32:13 +0000: Memory Usage (642220K) : Executing rule pSD.c1
2026-03-06 05:32:14 +0000: Memory Usage (675288K) : Starting 5.14. Cont table
2026-03-06 05:32:14 +0000: Memory Usage (675288K) : Executing rule Cnt.a
2026-03-06 05:32:15 +0000: Memory Usage (722520K) : Executing rule Cnt.b
2026-03-06 05:32:16 +0000: Memory Usage (735448K) : Executing rule Cnt.c
2026-03-06 05:32:19 +0000: Memory Usage (765524K) : Executing rule Cnt.c
2026-03-06 05:32:19 +0000: Memory Usage (765524K) : Executing rule Cnt.d
2026-03-06 05:32:19 +0000: Memory Usage (773972K) : Executing rule Cnt.e
2026-03-06 05:32:19 +0000: Memory Usage (774228K) : Executing rule Cnt.g1
2026-03-06 05:32:21 +0000: Memory Usage (783052K) : Executing rule Cnt.g2
2026-03-06 05:32:23 +0000: Memory Usage (783308K) : Starting 5.15. ContBar table
2026-03-06 05:32:23 +0000: Memory Usage (783308K) : Executing rule CntB.b1
2026-03-06 05:32:23 +0000: Memory Usage (783308K) : Executing rule CntB.h1
2026-03-06 05:32:23 +0000: Memory Usage (783308K) : Starting 6.1.3 NPN Substrate-Tie table
2026-03-06 05:32:23 +0000: Memory Usage (783308K) : Executing rule npn13G2.bR 
2026-03-06 05:32:23 +0000: Memory Usage (783308K) : Executing rule npn13G2L.cR 
2026-03-06 05:32:23 +0000: Memory Usage (783308K) : Executing rule npn13G2V.cR 
2026-03-06 05:32:23 +0000: Memory Usage (783308K) : Starting 6.7 Schottky diode table
2026-03-06 05:32:23 +0000: Memory Usage (783308K) : Executing rule Sdiod.d
2026-03-06 05:32:23 +0000: Memory Usage (783308K) : Executing rule Sdiod.e
2026-03-06 05:32:23 +0000: Memory Usage (783308K) : Starting 7.2 Latch-up table
2026-03-06 05:32:23 +0000: Memory Usage (783308K) : Executing rule LU.b
2026-03-06 05:32:24 +0000: Memory Usage (801996K) : Starting 5.16. Metal1 table
2026-03-06 05:32:24 +0000: Memory Usage (801996K) : Executing rule M1.a
2026-03-06 05:32:25 +0000: Memory Usage (808396K) : Executing rule M1.b
2026-03-06 05:32:29 +0000: Memory Usage (826452K) : Executing rule M1.e
2026-03-06 05:32:49 +0000: Memory Usage (829652K) : Executing rule M1.f
2026-03-06 05:32:51 +0000: Memory Usage (829652K) : Executing rule M1.g
2026-03-06 05:32:51 +0000: Memory Usage (839600K) : Executing rule M1.i
2026-03-06 05:32:51 +0000: Memory Usage (904880K) : Starting 5.17 Metaln table
2026-03-06 05:32:51 +0000: Memory Usage (904880K) : Executing rule M2.a
2026-03-06 05:32:51 +0000: Memory Usage (846148K) : Executing rule M2.b
2026-03-06 05:32:52 +0000: Memory Usage (849348K) : Executing rule M2.e
2026-03-06 05:32:52 +0000: Memory Usage (849348K) : Executing rule M2.f
2026-03-06 05:32:52 +0000: Memory Usage (849348K) : Executing rule M2.g
2026-03-06 05:32:52 +0000: Memory Usage (869828K) : Executing rule M2.i
2026-03-06 05:32:52 +0000: Memory Usage (885444K) : Executing rule M3.a
2026-03-06 05:32:52 +0000: Memory Usage (885444K) : Executing rule M3.b
2026-03-06 05:32:53 +0000: Memory Usage (889024K) : Executing rule M3.e
2026-03-06 05:32:53 +0000: Memory Usage (889280K) : Executing rule M3.f
2026-03-06 05:32:53 +0000: Memory Usage (889280K) : Executing rule M3.g
2026-03-06 05:32:53 +0000: Memory Usage (889408K) : Executing rule M3.i
2026-03-06 05:32:53 +0000: Memory Usage (889664K) : Executing rule M4.a
2026-03-06 05:32:53 +0000: Memory Usage (889664K) : Executing rule M4.b
2026-03-06 05:32:53 +0000: Memory Usage (890048K) : Executing rule M4.e
2026-03-06 05:32:53 +0000: Memory Usage (890048K) : Executing rule M4.f
2026-03-06 05:32:53 +0000: Memory Usage (890048K) : Executing rule M4.g
2026-03-06 05:32:53 +0000: Memory Usage (890176K) : Executing rule M4.i
2026-03-06 05:32:53 +0000: Memory Usage (890176K) : Executing rule M5.a
2026-03-06 05:32:53 +0000: Memory Usage (890176K) : Executing rule M5.b
2026-03-06 05:32:53 +0000: Memory Usage (890172K) : Executing rule M5.e
2026-03-06 05:32:53 +0000: Memory Usage (890044K) : Executing rule M5.f
2026-03-06 05:32:53 +0000: Memory Usage (890044K) : Executing rule M5.g
2026-03-06 05:32:53 +0000: Memory Usage (890172K) : Executing rule M5.i
2026-03-06 05:32:53 +0000: Memory Usage (890300K) : Starting 5.18 Metaln:filler table
2026-03-06 05:32:53 +0000: Memory Usage (890300K) : Executing rule M1Fil.c
2026-03-06 05:32:53 +0000: Memory Usage (890300K) : Executing rule M1Fil.a2
2026-03-06 05:32:53 +0000: Memory Usage (890300K) : Executing rule M2Fil.c
2026-03-06 05:32:53 +0000: Memory Usage (890300K) : Executing rule M2Fil.a2
2026-03-06 05:32:53 +0000: Memory Usage (890300K) : Executing rule M3Fil.c
2026-03-06 05:32:53 +0000: Memory Usage (890300K) : Executing rule M3Fil.a2
2026-03-06 05:32:53 +0000: Memory Usage (890300K) : Executing rule M4Fil.c
2026-03-06 05:32:53 +0000: Memory Usage (890300K) : Executing rule M4Fil.a2
2026-03-06 05:32:53 +0000: Memory Usage (890300K) : Executing rule M5Fil.c
2026-03-06 05:32:53 +0000: Memory Usage (890300K) : Executing rule M5Fil.a2
2026-03-06 05:32:53 +0000: Memory Usage (890300K) : Starting 5.19. Via1 table
2026-03-06 05:32:53 +0000: Memory Usage (890300K) : Starting 5.19. Via1 table derivations
2026-03-06 05:32:53 +0000: Memory Usage (890300K) : Executing rule V1.a
2026-03-06 05:32:53 +0000: Memory Usage (892220K) : Executing rule V1.b
2026-03-06 05:32:53 +0000: Memory Usage (898608K) : Executing rule V1.c
2026-03-06 05:32:54 +0000: Memory Usage (913324K) : Starting 5.20. Vian table
2026-03-06 05:32:54 +0000: Memory Usage (913324K) : Executing rule V2.a
2026-03-06 05:32:54 +0000: Memory Usage (913324K) : Executing rule V2.b
2026-03-06 05:32:54 +0000: Memory Usage (919724K) : Executing rule V2.c
2026-03-06 05:32:54 +0000: Memory Usage (925740K) : Executing rule V3.a
2026-03-06 05:32:54 +0000: Memory Usage (925740K) : Executing rule V3.b
2026-03-06 05:32:54 +0000: Memory Usage (927020K) : Executing rule V3.c
2026-03-06 05:32:55 +0000: Memory Usage (927020K) : Executing rule V4.a
2026-03-06 05:32:55 +0000: Memory Usage (927020K) : Executing rule V4.b
2026-03-06 05:32:55 +0000: Memory Usage (927276K) : Executing rule V4.c
2026-03-06 05:32:55 +0000: Memory Usage (927276K) : Starting 5.21. TopVia1 table
2026-03-06 05:32:55 +0000: Memory Usage (927276K) : Executing rule TV1.a
2026-03-06 05:32:55 +0000: Memory Usage (927276K) : Executing rule TV1.b
2026-03-06 05:32:55 +0000: Memory Usage (927532K) : Executing rule TV1.c
2026-03-06 05:32:55 +0000: Memory Usage (927400K) : Executing rule TV1.d
2026-03-06 05:32:55 +0000: Memory Usage (927528K) : Starting 5.22. TopMetal1 table
2026-03-06 05:32:55 +0000: Memory Usage (927528K) : Executing rule TM1.a
2026-03-06 05:32:55 +0000: Memory Usage (927528K) : Executing rule TM1.b
2026-03-06 05:32:55 +0000: Memory Usage (927524K) : Starting 5.23 TopMetal1:filler table
2026-03-06 05:32:55 +0000: Memory Usage (927524K) : Executing rule TM1Fil.c
2026-03-06 05:32:55 +0000: Memory Usage (927524K) : Executing rule TM1Fil.a1
2026-03-06 05:32:55 +0000: Memory Usage (927524K) : Starting 5.24. TopVia2 table
2026-03-06 05:32:55 +0000: Memory Usage (927524K) : Executing rule TV2.a
2026-03-06 05:32:55 +0000: Memory Usage (927524K) : Executing rule TV2.b
2026-03-06 05:32:55 +0000: Memory Usage (927388K) : Executing rule TV2.c
2026-03-06 05:32:55 +0000: Memory Usage (927516K) : Executing rule TV2.d
2026-03-06 05:32:55 +0000: Memory Usage (927256K) : Starting 5.25. TopMetal2 table
2026-03-06 05:32:55 +0000: Memory Usage (927256K) : Executing rule TM2.a
2026-03-06 05:32:55 +0000: Memory Usage (927256K) : Executing rule TM2.b
2026-03-06 05:32:55 +0000: Memory Usage (927000K) : Executing rule TM2.bR
2026-03-06 05:32:55 +0000: Memory Usage (927000K) : Starting 5.26 TopMetal2:filler table
2026-03-06 05:32:55 +0000: Memory Usage (927000K) : Executing rule TM2Fil.c
2026-03-06 05:32:55 +0000: Memory Usage (927000K) : Executing rule TM2Fil.a1
2026-03-06 05:32:55 +0000: Memory Usage (927000K) : Starting 5.27. Passiv table
2026-03-06 05:32:55 +0000: Memory Usage (927000K) : Executing rule Pas.a
2026-03-06 05:32:55 +0000: Memory Usage (927000K) : Executing rule Pas.b
2026-03-06 05:32:55 +0000: Memory Usage (927000K) : Executing rule Pas.c
2026-03-06 05:32:55 +0000: Memory Usage (927000K) : Starting 6.9.2 Copper Pillar table
2026-03-06 05:32:55 +0000: Memory Usage (927000K) : Executing rule Padc.a
2026-03-06 05:32:55 +0000: Memory Usage (927000K) : Executing rule Padc.b
2026-03-06 05:32:55 +0000: Memory Usage (927000K) : Executing rule Padc.c
2026-03-06 05:32:55 +0000: Memory Usage (927000K) : Executing rule Padb.f
2026-03-06 05:32:55 +0000: Memory Usage (927000K) : Starting 6.9.1 Solder Bump
2026-03-06 05:32:55 +0000: Memory Usage (927000K) : Executing rule Padb.a
2026-03-06 05:32:55 +0000: Memory Usage (927000K) : Executing rule Padb.b
2026-03-06 05:32:55 +0000: Memory Usage (927000K) : Executing rule Padb.c
2026-03-06 05:32:55 +0000: Memory Usage (927000K) : Executing rule Padb.f
2026-03-06 05:32:55 +0000: Memory Usage (927000K) : Executing rule Padb.d
2026-03-06 05:32:55 +0000: Memory Usage (927000K) : Starting 6.10 Sealring table
2026-03-06 05:32:55 +0000: Memory Usage (927000K) : Executing rule Seal.l
2026-03-06 05:32:55 +0000: Memory Usage (927000K) : Executing rule Seal.n
2026-03-06 05:32:55 +0000: Memory Usage (927000K) : Executing rule seal.b_metal1
2026-03-06 05:32:55 +0000: Memory Usage (927000K) : Executing rule seal.b_metal2
2026-03-06 05:32:55 +0000: Memory Usage (927000K) : Executing rule seal.b_metal3
2026-03-06 05:32:55 +0000: Memory Usage (927000K) : Executing rule seal.b_metal4
2026-03-06 05:32:55 +0000: Memory Usage (927000K) : Executing rule seal.b_metal5
2026-03-06 05:32:55 +0000: Memory Usage (927000K) : Executing rule seal.b_topmetal1
2026-03-06 05:32:55 +0000: Memory Usage (927000K) : Executing rule seal.b_topmetal2
2026-03-06 05:32:55 +0000: Memory Usage (927000K) : Executing rule seal.b_activ
2026-03-06 05:32:55 +0000: Memory Usage (927000K) : Executing rule seal.b_psd
2026-03-06 05:32:55 +0000: Memory Usage (927000K) : Executing rule Seal.k
2026-03-06 05:32:55 +0000: Memory Usage (927000K) : Executing rule Seal.m
2026-03-06 05:32:55 +0000: Memory Usage (927000K) : Starting 6.11 MIM table
2026-03-06 05:32:55 +0000: Memory Usage (927000K) : Executing rule MIM.c
2026-03-06 05:32:55 +0000: Memory Usage (927000K) : Executing rule MIM.d
2026-03-06 05:32:55 +0000: Memory Usage (927000K) : Executing rule MIM.gR
2026-03-06 05:32:55 +0000: Memory Usage (927000K) : Starting 7.3 Metal Slits table
2026-03-06 05:32:55 +0000: Memory Usage (927000K) : Executing rule Slt.e1_M1
2026-03-06 05:32:55 +0000: Memory Usage (927000K) : Executing rule Slt.e1_M2
2026-03-06 05:32:55 +0000: Memory Usage (927000K) : Executing rule Slt.e1_M3
2026-03-06 05:32:55 +0000: Memory Usage (927000K) : Executing rule Slt.e1_M4
2026-03-06 05:32:55 +0000: Memory Usage (927000K) : Executing rule Slt.e1_M5
2026-03-06 05:32:55 +0000: Memory Usage (927000K) : Executing rule Slt.e1_TM1
2026-03-06 05:32:55 +0000: Memory Usage (927000K) : Executing rule Slt.e1_TM2
2026-03-06 05:32:55 +0000: Memory Usage (927000K) : Starting 9.1. LBE table
2026-03-06 05:32:55 +0000: Memory Usage (927000K) : Executing rule LBE.a
2026-03-06 05:32:55 +0000: Memory Usage (927000K) : Executing rule LBE.b
2026-03-06 05:32:55 +0000: Memory Usage (927000K) : Executing rule LBE.b1
2026-03-06 05:32:55 +0000: Memory Usage (927000K) : Executing rule LBE.c
2026-03-06 05:32:55 +0000: Memory Usage (927000K) : Executing rule LBE.d
2026-03-06 05:32:55 +0000: Memory Usage (927000K) : Executing rule LBE.h
2026-03-06 05:32:55 +0000: Memory Usage (927000K) : Starting 7.4. PIN table
2026-03-06 05:32:55 +0000: Memory Usage (927000K) : Executing rule Pin.a
2026-03-06 05:32:55 +0000: Memory Usage (927000K) : Executing rule Pin.b
2026-03-06 05:32:55 +0000: Memory Usage (927000K) : Executing rule Pin.e
2026-03-06 05:32:56 +0000: Memory Usage (949144K) : Executing rule Pin.f_M2
2026-03-06 05:32:56 +0000: Memory Usage (949144K) : Executing rule Pin.f_M3
2026-03-06 05:32:56 +0000: Memory Usage (949272K) : Executing rule Pin.f_M4
2026-03-06 05:32:56 +0000: Memory Usage (949272K) : Executing rule Pin.f_M5
2026-03-06 05:32:56 +0000: Memory Usage (949272K) : Executing rule Pin.g
2026-03-06 05:32:56 +0000: Memory Usage (949272K) : Executing rule Pin.h
2026-03-06 05:32:56 +0000: Memory Usage (949272K) : Starting 3.2. FORBIDDEN table
2026-03-06 05:32:56 +0000: Memory Usage (949272K) : Executing rule forbidden.biwind
2026-03-06 05:32:56 +0000: Memory Usage (949272K) : Executing rule forbidden.pemwind
2026-03-06 05:32:56 +0000: Memory Usage (949272K) : Executing rule forbidden.baspoly
2026-03-06 05:32:56 +0000: Memory Usage (949272K) : Executing rule forbidden.deepco
2026-03-06 05:32:56 +0000: Memory Usage (949272K) : Executing rule forbidden.pempoly
2026-03-06 05:32:56 +0000: Memory Usage (949272K) : Executing rule forbidden.empoly
2026-03-06 05:32:56 +0000: Memory Usage (949272K) : Executing rule forbidden.ldmos
2026-03-06 05:32:56 +0000: Memory Usage (949272K) : Executing rule forbidden.pbiwind
2026-03-06 05:32:56 +0000: Memory Usage (949272K) : Executing rule forbidden.nodrc
2026-03-06 05:32:56 +0000: Memory Usage (949272K) : Executing rule forbidden.flash
2026-03-06 05:32:56 +0000: Memory Usage (949272K) : Executing rule forbidden.colwind
2026-03-06 05:32:56 +0000: Memory Usage (949272K) : KLayout DRC run for tables 'main' completed in 54.84 seconds
