Reading timing models for corner nom_typ_1p20V_25C…
Reading timing library for the 'nom_typ_1p20V_25C' corner at '/opt/pdks/ciel/ihp-sg13g2/versions/c4b8b4e5e7a05f375cca3815d51b3a37721fbf5c/ihp-sg13g2/libs.ref/sg13g2_stdcell/lib/sg13g2_stdcell_typ_1p20V_25C.lib'…
Reading timing library for the 'nom_typ_1p20V_25C' corner at '/opt/pdks/ciel/ihp-sg13g2/versions/c4b8b4e5e7a05f375cca3815d51b3a37721fbf5c/ihp-sg13g2/libs.ref/sg13g2_io/lib/sg13g2_io_typ_1p2V_3p3V_25C.lib'…
Reading OpenROAD database at '/home/designer/shared/CNN4IC/cnnver3_tests/librelane/CNNver3/runs/RUN_2026-03-06_05-17-31/25-openroad-ioplacement/CNNver2.odb'…
Reading design constraints file at '/nix/store/8h87vsa3wlidvqi062p0312chxkh8ihd-python3.13-librelane-3.0.0.dev47/lib/python3.13/site-packages/librelane/scripts/base.sdc'…
[WARNING STA-0366] port 'clk' not found.
[INFO] Using clock clk…
[INFO] Setting output delay to: 2
[INFO] Setting input delay to: 2
[WARNING STA-0366] port 'clk' not found.
[INFO] Setting load to: 0.006
[INFO] Setting clock uncertainty to: 0.25
[INFO] Setting clock transition to: 0.15
[WARNING STA-0419] transition time can not be specified for virtual clocks.
[INFO] Setting timing derate to: 5%
[WARNING STA-0450] virtual clock clk can not be propagated.
[INFO] Setting signal min routing layer to: Metal2 and clock min routing layer to Metal2. 
[INFO] Setting signal max routing layer to: TopMetal2 and clock max routing layer to TopMetal2. 
+ global_placement -density 0.6 -routability_driven -pad_right 0 -pad_left 0 -init_wirelength_coef 0.25
[INFO GPL-0005] Execute conjugate gradient initial placement.
[INFO GPL-0002] DBU: 1000
[INFO GPL-0003] SiteSize: (  0.480  3.780 ) um
[INFO GPL-0004] CoreBBox: (  5.760 15.120 ) ( 509.280 517.860 ) um
[INFO GPL-0032] Initializing region: Top-level
[INFO GPL-0006] Number of instances:              8605
[INFO GPL-0007] Movable instances:                8605
[INFO GPL-0008] Fixed instances:                     0
[INFO GPL-0009] Dummy instances:                     0
[INFO GPL-0010] Number of nets:                   8610
[INFO GPL-0011] Number of pins:                  28945
[INFO GPL-0012] Die BBox:  (  0.000  0.000 ) ( 515.085 533.805 ) um
[INFO GPL-0013] Core BBox: (  5.760 15.120 ) ( 509.280 517.860 ) um
[INFO GPL-0016] Core area:                  253139.645 um^2
[INFO GPL-0014] Region name: top-level.
[INFO GPL-0015] Region area:                253139.645 um^2
[INFO GPL-0017] Fixed instances area:            0.000 um^2
[INFO GPL-0018] Movable instances area:     138926.948 um^2
[INFO GPL-0019] Utilization:                    54.882 %
[INFO GPL-0020] Standard cells area:        138926.948 um^2
[INFO GPL-0021] Large instances area:            0.000 um^2
[InitialPlace]  Iter: 1 conjugate gradient residual: 0.00151804 HPWL: 309389261
[InitialPlace]  Iter: 2 conjugate gradient residual: 0.00529417 HPWL: 101200800
[InitialPlace]  Iter: 3 conjugate gradient residual: 0.00106090 HPWL: 101156419
[InitialPlace]  Iter: 4 conjugate gradient residual: 0.00007427 HPWL: 101313310
[InitialPlace]  Iter: 5 conjugate gradient residual: 0.00009646 HPWL: 101338943
[InitialPlace]  Iter: 6 conjugate gradient residual: 0.00007265 HPWL: 101454730
[InitialPlace]  Iter: 7 conjugate gradient residual: 0.00011506 HPWL: 101474295
[InitialPlace]  Iter: 8 conjugate gradient residual: 0.00007361 HPWL: 101583670
[InitialPlace]  Iter: 9 conjugate gradient residual: 0.00010186 HPWL: 101587334
[InitialPlace]  Iter: 10 conjugate gradient residual: 0.00007709 HPWL: 101687866
[InitialPlace]  Iter: 11 conjugate gradient residual: 0.00015203 HPWL: 101667236
[InitialPlace]  Iter: 12 conjugate gradient residual: 0.00007454 HPWL: 101746646
[InitialPlace]  Iter: 13 conjugate gradient residual: 0.00013540 HPWL: 101719945
[InitialPlace]  Iter: 14 conjugate gradient residual: 0.00007205 HPWL: 101821525
[InitialPlace]  Iter: 15 conjugate gradient residual: 0.00008299 HPWL: 101794164
[InitialPlace]  Iter: 16 conjugate gradient residual: 0.00007982 HPWL: 101901097
[InitialPlace]  Iter: 17 conjugate gradient residual: 0.00007660 HPWL: 101838179
[InitialPlace]  Iter: 18 conjugate gradient residual: 0.00007002 HPWL: 101904930
[InitialPlace]  Iter: 19 conjugate gradient residual: 0.00012462 HPWL: 101860088
[InitialPlace]  Iter: 20 conjugate gradient residual: 0.00007550 HPWL: 101945551
[INFO GPL-0033] Initializing Nesterov region: Top-level
[INFO GPL-0023] Placement target density:       0.6000
[INFO GPL-0024] Movable insts average area:     16.145 um^2
[INFO GPL-0025] Ideal bin area:                 26.908 um^2
[INFO GPL-0026] Ideal bin count:                  9407
[INFO GPL-0027] Total bin area:             253139.645 um^2
[INFO GPL-0028] Bin count (X, Y):          64 ,     64
[INFO GPL-0029] Bin size (W * H):       7.867 *  7.855 um
[INFO GPL-0030] Number of bins:                   4096
[INFO GPL-0007] Execute nesterov global placement.
[INFO GPL-0031] HPWL: Half-Perimeter Wirelength
Iteration | Overflow |     HPWL (um) |  HPWL(%) |   Penalty | Group
---------------------------------------------------------------
        0 |   0.9961 |  2.708193e+04 |   +0.00% |  2.74e-16 |      
       10 |   0.9952 |  2.367381e+04 |  -12.58% |  4.46e-16 |      
       20 |   0.9950 |  2.370675e+04 |   +0.14% |  7.26e-16 |      
       30 |   0.9947 |  2.371815e+04 |   +0.05% |  1.18e-15 |      
       40 |   0.9946 |  2.374980e+04 |   +0.13% |  1.93e-15 |      
       50 |   0.9944 |  2.376877e+04 |   +0.08% |  3.14e-15 |      
       60 |   0.9942 |  2.381720e+04 |   +0.20% |  5.11e-15 |      
       70 |   0.9941 |  2.384883e+04 |   +0.13% |  8.33e-15 |      
       80 |   0.9941 |  2.386852e+04 |   +0.08% |  1.36e-14 |      
       90 |   0.9941 |  2.389259e+04 |   +0.10% |  2.21e-14 |      
      100 |   0.9941 |  2.392772e+04 |   +0.15% |  3.60e-14 |      
      110 |   0.9940 |  2.400017e+04 |   +0.30% |  5.86e-14 |      
      120 |   0.9937 |  2.416555e+04 |   +0.69% |  9.55e-14 |      
      130 |   0.9927 |  2.454516e+04 |   +1.57% |  1.56e-13 |      
      140 |   0.9910 |  2.538958e+04 |   +3.44% |  2.53e-13 |      
      150 |   0.9887 |  2.738350e+04 |   +7.85% |  4.13e-13 |      
      160 |   0.9857 |  3.155194e+04 |  +15.22% |  6.72e-13 |      
      170 |   0.9800 |  3.738981e+04 |  +18.50% |  1.09e-12 |      
      180 |   0.9716 |  4.528895e+04 |  +21.13% |  1.78e-12 |      
      190 |   0.9588 |  5.556057e+04 |  +22.68% |  2.90e-12 |      
      200 |   0.9433 |  6.597794e+04 |  +18.75% |  4.71e-12 |      
      210 |   0.9270 |  7.654630e+04 |  +16.02% |  7.67e-12 |      
      220 |   0.9053 |  8.909235e+04 |  +16.39% |  1.25e-11 |      
      230 |   0.8775 |  1.031557e+05 |  +15.79% |  2.03e-11 |      
      240 |   0.8460 |  1.171624e+05 |  +13.58% |  3.30e-11 |      
      250 |   0.8118 |  1.310781e+05 |  +11.88% |  5.37e-11 |      
      260 |   0.7741 |  1.442691e+05 |  +10.06% |  8.73e-11 |      
      270 |   0.7342 |  1.577509e+05 |   +9.34% |  1.42e-10 |      
      280 |   0.6880 |  1.724010e+05 |   +9.29% |  2.31e-10 |      
      290 |   0.6395 |  1.867460e+05 |   +8.32% |  3.75e-10 |      
[INFO GPL-0038] Routability snapshot saved at iter = 299
      298 |   0.5972 |  1.974150e+05 |          |           |      
      300 |   0.5865 |  1.999048e+05 |   +7.05% |  6.11e-10 |      
      310 |   0.5291 |  2.127858e+05 |   +6.44% |  9.93e-10 |      
      320 |   0.4618 |  2.220110e+05 |   +4.34% |  1.62e-09 |      
      330 |   0.4102 |  2.268818e+05 |   +2.19% |  2.63e-09 |      
      340 |   0.3647 |  2.320968e+05 |   +2.30% |  4.28e-09 |      
      350 |   0.3298 |  2.339427e+05 |   +0.80% |  6.57e-09 |      
      360 |   0.3004 |  2.326364e+05 |   -0.56% |  9.67e-09 |      
[INFO GPL-0040] Routability iteration: 1
[WARNING GRT-0281] Net CNNver2_SPICLOCK_50 has a large fanout of 1052 terminals.
[INFO GPL-0041] Total routing overflow: 0.0000
[INFO GPL-0042] Number of overflowed tiles: 0 (0.00%)
[INFO GPL-0043] Average top 0.5% routing congestion: 0.9185
[INFO GPL-0044] Average top 1.0% routing congestion: 0.8944
[INFO GPL-0045] Average top 2.0% routing congestion: 0.8550
[INFO GPL-0046] Average top 5.0% routing congestion: 0.7955
[INFO GPL-0047] Routability iteration weighted routing congestion: 0.9064
[INFO GPL-0050] Weighted routing congestion is lower than target routing congestion(1.0100), end routability optimization.
[INFO GPL-0090] Routability finished. Target routing congestion achieved succesfully.
Iteration | Overflow |     HPWL (um) |  HPWL(%) |   Penalty | Group
---------------------------------------------------------------
      370 |   0.2703 |  2.338567e+05 |   +0.52% |  1.42e-08 |      
      380 |   0.2467 |  2.331343e+05 |   -0.31% |  2.10e-08 |      
      390 |   0.2167 |  2.331647e+05 |   +0.01% |  3.09e-08 |      
      400 |   0.1945 |  2.329380e+05 |   -0.10% |  4.55e-08 |      
      410 |   0.1735 |  2.323008e+05 |   -0.27% |  6.71e-08 |      
      420 |   0.1496 |  2.318266e+05 |   -0.20% |  9.88e-08 |      
      430 |   0.1294 |  2.313509e+05 |   -0.21% |  1.46e-07 |      
      440 |   0.1109 |  2.310266e+05 |   -0.14% |  2.14e-07 |      
      447 |   0.0991 |  2.308693e+05 |          |  2.92e-07 |      
---------------------------------------------------------------
[INFO GPL-1001] Global placement finished at iteration 447
[INFO GPL-1003] Routability mode iteration count: 62
[INFO GPL-1005] Routability final weighted congestion: 0.8537
[INFO GPL-1002] Placed Cell Area            138926.9480
[INFO GPL-1003] Available Free Area         253139.6448
[INFO GPL-1004] Minimum Feasible Density        0.5500 (cell_area / free_area)
[INFO GPL-1006]   Suggested Target Densities:
[INFO GPL-1007]     - For 90% usage of free space: 0.6098
[INFO GPL-1008]     - For 80% usage of free space: 0.6860
[INFO GPL-1011] Original area (um^2): 138926.95
[INFO GPL-1012] Total routability artificial inflation: 0.00 (+0.00%)
[INFO GPL-1014] Final placement area: 138926.95 (+0.00%)
Setting global connections for newly added cells…
[INFO] Setting global connections...
[INFO ODB-0403] 0 connections made, 0 conflicts skipped.
Updating metrics…
Cell type report:                       Count       Area
  Buffer                                   63     457.23
  Inverter                                685    3728.59
  Sequential cell                        1051   51487.23
  Multi-Input combinational cell         6806   71115.41
  Total                                  8605  126788.46
Writing OpenROAD database to '/home/designer/shared/CNN4IC/cnnver3_tests/librelane/CNNver3/runs/RUN_2026-03-06_05-17-31/28-openroad-globalplacement/CNNver2.odb'…
Writing netlist to '/home/designer/shared/CNN4IC/cnnver3_tests/librelane/CNNver3/runs/RUN_2026-03-06_05-17-31/28-openroad-globalplacement/CNNver2.nl.v'…
Writing powered netlist to '/home/designer/shared/CNN4IC/cnnver3_tests/librelane/CNNver3/runs/RUN_2026-03-06_05-17-31/28-openroad-globalplacement/CNNver2.pnl.v'…
Writing layout to '/home/designer/shared/CNN4IC/cnnver3_tests/librelane/CNNver3/runs/RUN_2026-03-06_05-17-31/28-openroad-globalplacement/CNNver2.def'…
Writing timing constraints to '/home/designer/shared/CNN4IC/cnnver3_tests/librelane/CNNver3/runs/RUN_2026-03-06_05-17-31/28-openroad-globalplacement/CNNver2.sdc'…
