
===========================================================================
report_checks -unconstrained
===========================================================================
======================= nom_typ_1p20V_25C Corner ===================================

Startpoint: _15300_ (rising edge-triggered flip-flop)
Endpoint: _15316_ (rising edge-triggered flip-flop)
Path Group: unconstrained
Path Type: max

Fanout         Cap        Slew       Delay        Time   Description
---------------------------------------------------------------------------------------------
                      0.141388    0.000000    0.000000 ^ _15300_/CLK (sg13g2_dfrbpq_1)
     2    0.008060    0.042711    0.229419    0.229419 ^ _15300_/Q (sg13g2_dfrbpq_1)
                                                         proc_u0.cnn_ctrl_u0.cnn_inst.frag_mux.frag_sel[2] (net)
                      0.042746    0.000104    0.229523 ^ fanout742/A (sg13g2_buf_1)
     8    0.048487    0.202289    0.194737    0.424261 ^ fanout742/X (sg13g2_buf_1)
                                                         net742 (net)
                      0.202299    0.001237    0.425497 ^ fanout741/A (sg13g2_buf_1)
     8    0.039847    0.168127    0.221478    0.646975 ^ fanout741/X (sg13g2_buf_1)
                                                         net741 (net)
                      0.168199    0.001315    0.648290 ^ _08060_/B_N (sg13g2_nor2b_1)
     1    0.003780    0.066239    0.141704    0.789994 ^ _08060_/Y (sg13g2_nor2b_1)
                                                         _01803_ (net)
                      0.066239    0.000054    0.790048 ^ fanout692/A (sg13g2_buf_1)
     4    0.030382    0.129379    0.154355    0.944403 ^ fanout692/X (sg13g2_buf_1)
                                                         net692 (net)
                      0.129379    0.000076    0.944479 ^ fanout691/A (sg13g2_buf_1)
     5    0.026865    0.115935    0.167529    1.112008 ^ fanout691/X (sg13g2_buf_1)
                                                         net691 (net)
                      0.115935    0.000104    1.112112 ^ fanout690/A (sg13g2_buf_1)
     6    0.022476    0.099259    0.151747    1.263859 ^ fanout690/X (sg13g2_buf_1)
                                                         net690 (net)
                      0.099259    0.000098    1.263957 ^ fanout689/A (sg13g2_buf_1)
     8    0.034640    0.146783    0.181140    1.445097 ^ fanout689/X (sg13g2_buf_1)
                                                         net689 (net)
                      0.146783    0.000112    1.445209 ^ _08097_/C1 (sg13g2_a221oi_1)
     2    0.014059    0.147824    0.109505    1.554714 v _08097_/Y (sg13g2_a221oi_1)
                                                         _01840_ (net)
                      0.147824    0.000176    1.554889 v fanout597/A (sg13g2_buf_1)
     4    0.018031    0.066240    0.142245    1.697135 v fanout597/X (sg13g2_buf_1)
                                                         net597 (net)
                      0.066240    0.000059    1.697193 v fanout595/A (sg13g2_buf_1)
     8    0.048622    0.155000    0.184286    1.881479 v fanout595/X (sg13g2_buf_1)
                                                         net595 (net)
                      0.155001    0.000402    1.881881 v _08105_/B2 (sg13g2_a221oi_1)
     3    0.010627    0.199683    0.240557    2.122438 ^ _08105_/Y (sg13g2_a221oi_1)
                                                         _01848_ (net)
                      0.199683    0.000034    2.122472 ^ fanout443/A (sg13g2_buf_1)
     8    0.039682    0.167519    0.220459    2.342931 ^ fanout443/X (sg13g2_buf_1)
                                                         net443 (net)
                      0.167524    0.000772    2.343703 ^ _08107_/A2 (sg13g2_a21o_1)
     1    0.002745    0.034097    0.145748    2.489451 ^ _08107_/X (sg13g2_a21o_1)
                                                         _01850_ (net)
                      0.034097    0.000020    2.489470 ^ fanout246/A (sg13g2_buf_1)
     5    0.029886    0.127586    0.139478    2.628949 ^ fanout246/X (sg13g2_buf_1)
                                                         net246 (net)
                      0.127621    0.001744    2.630693 ^ fanout245/A (sg13g2_buf_1)
     5    0.035238    0.149499    0.190053    2.820745 ^ fanout245/X (sg13g2_buf_1)
                                                         net245 (net)
                      0.149528    0.001714    2.822459 ^ fanout244/A (sg13g2_buf_1)
     8    0.047174    0.197181    0.229398    3.051857 ^ fanout244/X (sg13g2_buf_1)
                                                         net244 (net)
                      0.197181    0.000225    3.052082 ^ fanout243/A (sg13g2_buf_1)
     8    0.040309    0.169908    0.221966    3.274048 ^ fanout243/X (sg13g2_buf_1)
                                                         net243 (net)
                      0.169988    0.001629    3.275677 ^ _08132_/A1 (sg13g2_a21oi_1)
     3    0.029495    0.201281    0.236535    3.512212 v _08132_/Y (sg13g2_a21oi_1)
                                                         _01875_ (net)
                      0.201285    0.000737    3.512949 v fanout191/A (sg13g2_buf_1)
     8    0.054249    0.173164    0.236619    3.749567 v fanout191/X (sg13g2_buf_1)
                                                         net191 (net)
                      0.173182    0.001820    3.751387 v fanout190/A (sg13g2_buf_1)
     7    0.052578    0.167404    0.225950    3.977337 v fanout190/X (sg13g2_buf_1)
                                                         net190 (net)
                      0.167404    0.000118    3.977455 v fanout189/A (sg13g2_buf_1)
     8    0.044492    0.143303    0.208012    4.185467 v fanout189/X (sg13g2_buf_1)
                                                         net189 (net)
                      0.143325    0.001799    4.187266 v _08210_/A (sg13g2_nand2_1)
     1    0.004927    0.052222    0.067515    4.254781 ^ _08210_/Y (sg13g2_nand2_1)
                                                         _01953_ (net)
                      0.052222    0.000099    4.254879 ^ fanout63/A (sg13g2_buf_1)
     6    0.062995    0.259663    0.237109    4.491988 ^ fanout63/X (sg13g2_buf_1)
                                                         net63 (net)
                      0.259666    0.000659    4.492647 ^ fanout62/A (sg13g2_buf_1)
     5    0.037727    0.159924    0.227491    4.720138 ^ fanout62/X (sg13g2_buf_1)
                                                         net62 (net)
                      0.159924    0.000247    4.720386 ^ fanout61/A (sg13g2_buf_1)
     8    0.040707    0.171265    0.214810    4.935195 ^ fanout61/X (sg13g2_buf_1)
                                                         net61 (net)
                      0.171265    0.000409    4.935604 ^ _08729_/S (sg13g2_mux2_1)
     3    0.010124    0.055160    0.219316    5.154920 v _08729_/X (sg13g2_mux2_1)
                                                         _02472_ (net)
                      0.055160    0.000086    5.155006 v _10591_/B (sg13g2_nor2_1)
     1    0.012121    0.120529    0.114526    5.269532 ^ _10591_/Y (sg13g2_nor2_1)
                                                         _04334_ (net)
                      0.120535    0.000666    5.270197 ^ _10593_/A1 (sg13g2_o21ai_1)
     4    0.030082    0.207675    0.212363    5.482560 v _10593_/Y (sg13g2_o21ai_1)
                                                         _04336_ (net)
                      0.207729    0.002814    5.485373 v _10617_/A2 (sg13g2_mux4_1)
     1    0.003784    0.042003    0.246320    5.731694 v _10617_/X (sg13g2_mux4_1)
                                                         _04360_ (net)
                      0.042003    0.000040    5.731734 v _10660_/A2 (sg13g2_a221oi_1)
     2    0.007721    0.164179    0.187702    5.919436 ^ _10660_/Y (sg13g2_a221oi_1)
                                                         _04403_ (net)
                      0.164179    0.000054    5.919490 ^ _11263_/A2 (sg13g2_o21ai_1)
     6    0.027066    0.181578    0.208761    6.128252 v _11263_/Y (sg13g2_o21ai_1)
                                                         _05006_ (net)
                      0.181603    0.001762    6.130013 v _11348_/A2 (sg13g2_o21ai_1)
     3    0.010509    0.158018    0.186397    6.316410 ^ _11348_/Y (sg13g2_o21ai_1)
                                                         _05091_ (net)
                      0.158018    0.000046    6.316456 ^ _11351_/A2 (sg13g2_a21o_1)
     1    0.003975    0.042258    0.146695    6.463151 ^ _11351_/X (sg13g2_a21o_1)
                                                         _05094_ (net)
                      0.042258    0.000042    6.463193 ^ _11354_/C (sg13g2_nand3_1)
     2    0.006924    0.084078    0.101161    6.564354 v _11354_/Y (sg13g2_nand3_1)
                                                         _05097_ (net)
                      0.084078    0.000089    6.564444 v _11357_/B (sg13g2_and3_1)
     4    0.012703    0.050426    0.127107    6.691550 v _11357_/X (sg13g2_and3_1)
                                                         _05100_ (net)
                      0.050426    0.000094    6.691644 v _11361_/A1 (sg13g2_o21ai_1)
     2    0.007099    0.108699    0.121565    6.813210 ^ _11361_/Y (sg13g2_o21ai_1)
                                                         _05104_ (net)
                      0.108699    0.000066    6.813275 ^ _11362_/D (sg13g2_and4_1)
     4    0.013132    0.075955    0.215953    7.029228 ^ _11362_/X (sg13g2_and4_1)
                                                         _05105_ (net)
                      0.075955    0.000044    7.029272 ^ _11366_/A1 (sg13g2_o21ai_1)
     3    0.009920    0.078464    0.106326    7.135598 v _11366_/Y (sg13g2_o21ai_1)
                                                         _05109_ (net)
                      0.078464    0.000090    7.135688 v _11367_/C (sg13g2_and3_1)
     2    0.007161    0.034307    0.114914    7.250602 v _11367_/X (sg13g2_and3_1)
                                                         _05110_ (net)
                      0.034307    0.000063    7.250665 v _11369_/B (sg13g2_nor3_1)
     3    0.012822    0.193997    0.181652    7.432316 ^ _11369_/Y (sg13g2_nor3_1)
                                                         _05112_ (net)
                      0.193997    0.000111    7.432428 ^ _11533_/A1 (sg13g2_a21oi_1)
     2    0.010365    0.103614    0.144671    7.577098 v _11533_/Y (sg13g2_a21oi_1)
                                                         _05276_ (net)
                      0.103614    0.000113    7.577211 v _11612_/A1 (sg13g2_o21ai_1)
     2    0.014391    0.173877    0.193299    7.770510 ^ _11612_/Y (sg13g2_o21ai_1)
                                                         _05355_ (net)
                      0.173880    0.000588    7.771098 ^ _11618_/A (sg13g2_xor2_1)
     2    0.009373    0.111930    0.183049    7.954147 ^ _11618_/X (sg13g2_xor2_1)
                                                         _05361_ (net)
                      0.111930    0.000093    7.954240 ^ _11620_/B (sg13g2_xnor2_1)
     2    0.012813    0.139615    0.154703    8.108943 ^ _11620_/Y (sg13g2_xnor2_1)
                                                         _05363_ (net)
                      0.139617    0.000464    8.109406 ^ _11629_/A (sg13g2_xor2_1)
     2    0.010120    0.114554    0.176533    8.285940 ^ _11629_/X (sg13g2_xor2_1)
                                                         _05372_ (net)
                      0.114554    0.000124    8.286064 ^ _11643_/A (sg13g2_xor2_1)
     2    0.009895    0.110560    0.167212    8.453277 ^ _11643_/X (sg13g2_xor2_1)
                                                         _05386_ (net)
                      0.110560    0.000140    8.453417 ^ _11645_/B (sg13g2_xor2_1)
     2    0.009008    0.106968    0.156695    8.610112 ^ _11645_/X (sg13g2_xor2_1)
                                                         _05388_ (net)
                      0.106968    0.000074    8.610186 ^ _11646_/B (sg13g2_xnor2_1)
     2    0.009803    0.116355    0.133946    8.744132 ^ _11646_/Y (sg13g2_xnor2_1)
                                                         _05389_ (net)
                      0.116355    0.000139    8.744270 ^ _11694_/A (sg13g2_xor2_1)
     2    0.009437    0.107188    0.165091    8.909362 ^ _11694_/X (sg13g2_xor2_1)
                                                         _05437_ (net)
                      0.107188    0.000090    8.909451 ^ _11703_/B (sg13g2_xor2_1)
     2    0.009084    0.103917    0.156209    9.065660 ^ _11703_/X (sg13g2_xor2_1)
                                                         _05446_ (net)
                      0.103917    0.000085    9.065745 ^ _11912_/B (sg13g2_xnor2_1)
     2    0.009032    0.110259    0.128108    9.193854 ^ _11912_/Y (sg13g2_xnor2_1)
                                                         _05655_ (net)
                      0.110259    0.000111    9.193965 ^ _11915_/B (sg13g2_xnor2_1)
     2    0.009741    0.116408    0.134609    9.328574 ^ _11915_/Y (sg13g2_xnor2_1)
                                                         _05658_ (net)
                      0.116408    0.000071    9.328645 ^ _11974_/B (sg13g2_xor2_1)
     2    0.009828    0.110099    0.163061    9.491706 ^ _11974_/X (sg13g2_xor2_1)
                                                         _05717_ (net)
                      0.110099    0.000139    9.491845 ^ _12029_/B (sg13g2_xor2_1)
     2    0.012605    0.130939    0.177470    9.669315 ^ _12029_/X (sg13g2_xor2_1)
                                                         _05772_ (net)
                      0.130939    0.000086    9.669401 ^ _12030_/A2 (sg13g2_o21ai_1)
     2    0.010066    0.085544    0.113998    9.783400 v _12030_/Y (sg13g2_o21ai_1)
                                                         _05773_ (net)
                      0.085544    0.000135    9.783534 v _12032_/A1 (sg13g2_a21o_1)
     2    0.010460    0.048240    0.144706    9.928240 v _12032_/X (sg13g2_a21o_1)
                                                         _05775_ (net)
                      0.048240    0.000160    9.928400 v _12034_/A1 (sg13g2_a21oi_1)
     3    0.013438    0.135135    0.131225   10.059625 ^ _12034_/Y (sg13g2_a21oi_1)
                                                         _05777_ (net)
                      0.135135    0.000062   10.059687 ^ _12064_/A (sg13g2_nor2_1)
     1    0.003367    0.042641    0.067597   10.127283 v _12064_/Y (sg13g2_nor2_1)
                                                         _05807_ (net)
                      0.042641    0.000020   10.127303 v _12087_/A1 (sg13g2_a22oi_1)
     2    0.015463    0.162522    0.148351   10.275654 ^ _12087_/Y (sg13g2_a22oi_1)
                                                         _05830_ (net)
                      0.162524    0.000535   10.276188 ^ _12095_/A (sg13g2_xor2_1)
     2    0.008214    0.093793    0.126293   10.402481 v _12095_/X (sg13g2_xor2_1)
                                                         _05838_ (net)
                      0.093793    0.000093   10.402575 v _12099_/A1 (sg13g2_o21ai_1)
     1    0.003289    0.078897    0.110723   10.513297 ^ _12099_/Y (sg13g2_o21ai_1)
                                                         _05842_ (net)
                      0.078897    0.000020   10.513318 ^ _12143_/A1 (sg13g2_a21oi_1)
     1    0.011277    0.088790    0.109871   10.623189 v _12143_/Y (sg13g2_a21oi_1)
                                                         _05886_ (net)
                      0.088795    0.000519   10.623708 v _12144_/A2 (sg13g2_o21ai_1)
     2    0.018172    0.209709    0.209974   10.833682 ^ _12144_/Y (sg13g2_o21ai_1)
                                                         _05887_ (net)
                      0.209709    0.000084   10.833766 ^ fanout9/A (sg13g2_buf_1)
     8    0.049637    0.207261    0.250481   11.084247 ^ fanout9/X (sg13g2_buf_1)
                                                         net9 (net)
                      0.207346    0.001720   11.085967 ^ fanout8/A (sg13g2_buf_1)
     8    0.048538    0.202895    0.246805   11.332772 ^ fanout8/X (sg13g2_buf_1)
                                                         net8 (net)
                      0.202973    0.001589   11.334361 ^ _12146_/S (sg13g2_mux2_1)
     1    0.002032    0.036897    0.201989   11.536350 v _12146_/X (sg13g2_mux2_1)
                                                         _01307_ (net)
                      0.036897    0.000017   11.536366 v _15316_/D (sg13g2_dfrbpq_1)
                                             11.536366   data arrival time
---------------------------------------------------------------------------------------------
(Path is unconstrained)




===========================================================================
report_checks --slack_max -0.01
============================================================================
======================= nom_typ_1p20V_25C Corner ===================================

No paths found.


===========================================================================
 report_check_types -max_slew -max_cap -max_fanout -violators
============================================================================
======================= nom_typ_1p20V_25C Corner ===================================



===========================================================================
report_parasitic_annotation -report_unannotated
============================================================================
Found 0 unannotated drivers.
Found 3 partially unannotated drivers.
 _16160_/Z
 output6/X
 output7/X

===========================================================================
max slew violation count 0
Writing metric design__max_slew_violation__count__corner:nom_typ_1p20V_25C: 0
max fanout violation count 0
Writing metric design__max_fanout_violation__count__corner:nom_typ_1p20V_25C: 0
max cap violation count 0
Writing metric design__max_cap_violation__count__corner:nom_typ_1p20V_25C: 0
============================================================================

===========================================================================
check_setup -verbose -unconstrained_endpoints -multiple_clock -no_clock -no_input_delay -loops -generated_clocks
===========================================================================
Warning: There are 1051 unclocked register/latch pins.
  _14327_/CLK
  _14328_/CLK
  _14329_/CLK
  _14330_/CLK
  _14331_/CLK
  _14332_/CLK
  _14333_/CLK
  _14334_/CLK
  _14335_/CLK
  _14336_/CLK
  _14337_/CLK
  _14338_/CLK
  _14339_/CLK
  _14340_/CLK
  _14341_/CLK
  _14342_/CLK
  _14343_/CLK
  _14344_/CLK
  _14345_/CLK
  _14346_/CLK
  _14347_/CLK
  _14348_/CLK
  _14349_/CLK
  _14350_/CLK
  _14351_/CLK
  _14352_/CLK
  _14353_/CLK
  _14354_/CLK
  _14355_/CLK
  _14356_/CLK
  _14357_/CLK
  _14358_/CLK
  _14359_/CLK
  _14360_/CLK
  _14361_/CLK
  _14362_/CLK
  _14363_/CLK
  _14364_/CLK
  _14365_/CLK
  _14366_/CLK
  _14367_/CLK
  _14368_/CLK
  _14369_/CLK
  _14370_/CLK
  _14371_/CLK
  _14372_/CLK
  _14373_/CLK
  _14374_/CLK
  _14375_/CLK
  _14376_/CLK
  _14377_/CLK
  _14378_/CLK
  _14379_/CLK
  _14380_/CLK
  _14381_/CLK
  _14382_/CLK
  _14383_/CLK
  _14384_/CLK
  _14385_/CLK
  _14386_/CLK
  _14387_/CLK
  _14388_/CLK
  _14389_/CLK
  _14390_/CLK
  _14391_/CLK
  _14392_/CLK
  _14393_/CLK
  _14394_/CLK
  _14395_/CLK
  _14396_/CLK
  _14397_/CLK
  _14398_/CLK
  _14399_/CLK
  _14400_/CLK
  _14401_/CLK
  _14402_/CLK
  _14403_/CLK
  _14404_/CLK
  _14405_/CLK
  _14406_/CLK
  _14407_/CLK
  _14408_/CLK
  _14409_/CLK
  _14410_/CLK
  _14411_/CLK
  _14412_/CLK
  _14413_/CLK
  _14414_/CLK
  _14415_/CLK
  _14416_/CLK
  _14417_/CLK
  _14418_/CLK
  _14419_/CLK
  _14420_/CLK
  _14421_/CLK
  _14422_/CLK
  _14423_/CLK
  _14424_/CLK
  _14425_/CLK
  _14426_/CLK
  _14427_/CLK
  _14428_/CLK
  _14429_/CLK
  _14430_/CLK
  _14431_/CLK
  _14432_/CLK
  _14433_/CLK
  _14434_/CLK
  _14435_/CLK
  _14436_/CLK
  _14437_/CLK
  _14438_/CLK
  _14439_/CLK
  _14440_/CLK
  _14441_/CLK
  _14442_/CLK
  _14443_/CLK
  _14444_/CLK
  _14445_/CLK
  _14446_/CLK
  _14447_/CLK
  _14448_/CLK
  _14449_/CLK
  _14450_/CLK
  _14451_/CLK
  _14452_/CLK
  _14453_/CLK
  _14454_/CLK
  _14455_/CLK
  _14456_/CLK
  _14457_/CLK
  _14458_/CLK
  _14459_/CLK
  _14460_/CLK
  _14461_/CLK
  _14462_/CLK
  _14463_/CLK
  _14464_/CLK
  _14465_/CLK
  _14466_/CLK
  _14467_/CLK
  _14468_/CLK
  _14469_/CLK
  _14470_/CLK
  _14471_/CLK
  _14472_/CLK
  _14473_/CLK
  _14474_/CLK
  _14475_/CLK
  _14476_/CLK
  _14477_/CLK
  _14478_/CLK
  _14479_/CLK
  _14480_/CLK
  _14481_/CLK
  _14482_/CLK
  _14483_/CLK
  _14484_/CLK
  _14485_/CLK
  _14486_/CLK
  _14487_/CLK
  _14488_/CLK
  _14489_/CLK
  _14490_/CLK
  _14491_/CLK
  _14492_/CLK
  _14493_/CLK
  _14494_/CLK
  _14495_/CLK
  _14496_/CLK
  _14497_/CLK
  _14498_/CLK
  _14499_/CLK
  _14500_/CLK
  _14501_/CLK
  _14502_/CLK
  _14503_/CLK
  _14504_/CLK
  _14505_/CLK
  _14506_/CLK
  _14507_/CLK
  _14508_/CLK
  _14509_/CLK
  _14510_/CLK
  _14511_/CLK
  _14512_/CLK
  _14513_/CLK
  _14514_/CLK
  _14515_/CLK
  _14516_/CLK
  _14517_/CLK
  _14518_/CLK
  _14519_/CLK
  _14520_/CLK
  _14521_/CLK
  _14522_/CLK
  _14523_/CLK
  _14524_/CLK
  _14525_/CLK
  _14526_/CLK
  _14527_/CLK
  _14528_/CLK
  _14529_/CLK
  _14530_/CLK
  _14531_/CLK
  _14532_/CLK
  _14533_/CLK
  _14534_/CLK
  _14535_/CLK
  _14536_/CLK
  _14537_/CLK
  _14538_/CLK
  _14539_/CLK
  _14540_/CLK
  _14541_/CLK
  _14542_/CLK
  _14543_/CLK
  _14544_/CLK
  _14545_/CLK
  _14546_/CLK
  _14547_/CLK
  _14548_/CLK
  _14549_/CLK
  _14550_/CLK
  _14551_/CLK
  _14552_/CLK
  _14553_/CLK
  _14554_/CLK
  _14555_/CLK
  _14556_/CLK
  _14557_/CLK
  _14558_/CLK
  _14559_/CLK
  _14560_/CLK
  _14561_/CLK
  _14562_/CLK
  _14563_/CLK
  _14564_/CLK
  _14565_/CLK
  _14566_/CLK
  _14567_/CLK
  _14568_/CLK
  _14569_/CLK
  _14570_/CLK
  _14571_/CLK
  _14572_/CLK
  _14573_/CLK
  _14574_/CLK
  _14575_/CLK
  _14576_/CLK
  _14577_/CLK
  _14578_/CLK
  _14579_/CLK
  _14580_/CLK
  _14581_/CLK
  _14582_/CLK
  _14583_/CLK
  _14584_/CLK
  _14585_/CLK
  _14586_/CLK
  _14587_/CLK
  _14588_/CLK
  _14589_/CLK
  _14590_/CLK
  _14591_/CLK
  _14592_/CLK
  _14593_/CLK
  _14594_/CLK
  _14595_/CLK
  _14596_/CLK
  _14597_/CLK
  _14598_/CLK
  _14599_/CLK
  _14600_/CLK
  _14601_/CLK
  _14602_/CLK
  _14603_/CLK
  _14604_/CLK
  _14605_/CLK
  _14606_/CLK
  _14607_/CLK
  _14608_/CLK
  _14609_/CLK
  _14610_/CLK
  _14611_/CLK
  _14612_/CLK
  _14613_/CLK
  _14614_/CLK
  _14615_/CLK
  _14616_/CLK
  _14617_/CLK
  _14618_/CLK
  _14619_/CLK
  _14620_/CLK
  _14621_/CLK
  _14622_/CLK
  _14623_/CLK
  _14624_/CLK
  _14625_/CLK
  _14626_/CLK
  _14627_/CLK
  _14628_/CLK
  _14629_/CLK
  _14630_/CLK
  _14631_/CLK
  _14632_/CLK
  _14633_/CLK
  _14634_/CLK
  _14635_/CLK
  _14636_/CLK
  _14637_/CLK
  _14638_/CLK
  _14639_/CLK
  _14640_/CLK
  _14641_/CLK
  _14642_/CLK
  _14643_/CLK
  _14644_/CLK
  _14645_/CLK
  _14646_/CLK
  _14647_/CLK
  _14648_/CLK
  _14649_/CLK
  _14650_/CLK
  _14651_/CLK
  _14652_/CLK
  _14653_/CLK
  _14654_/CLK
  _14655_/CLK
  _14656_/CLK
  _14657_/CLK
  _14658_/CLK
  _14659_/CLK
  _14660_/CLK
  _14661_/CLK
  _14662_/CLK
  _14663_/CLK
  _14664_/CLK
  _14665_/CLK
  _14666_/CLK
  _14667_/CLK
  _14668_/CLK
  _14669_/CLK
  _14670_/CLK
  _14671_/CLK
  _14672_/CLK
  _14673_/CLK
  _14674_/CLK
  _14675_/CLK
  _14676_/CLK
  _14677_/CLK
  _14678_/CLK
  _14679_/CLK
  _14680_/CLK
  _14681_/CLK
  _14682_/CLK
  _14683_/CLK
  _14684_/CLK
  _14685_/CLK
  _14686_/CLK
  _14687_/CLK
  _14688_/CLK
  _14689_/CLK
  _14690_/CLK
  _14691_/CLK
  _14692_/CLK
  _14693_/CLK
  _14694_/CLK
  _14695_/CLK
  _14696_/CLK
  _14697_/CLK
  _14698_/CLK
  _14699_/CLK
  _14700_/CLK
  _14701_/CLK
  _14702_/CLK
  _14703_/CLK
  _14704_/CLK
  _14705_/CLK
  _14706_/CLK
  _14707_/CLK
  _14708_/CLK
  _14709_/CLK
  _14710_/CLK
  _14711_/CLK
  _14712_/CLK
  _14713_/CLK
  _14714_/CLK
  _14715_/CLK
  _14716_/CLK
  _14717_/CLK
  _14718_/CLK
  _14719_/CLK
  _14720_/CLK
  _14721_/CLK
  _14722_/CLK
  _14723_/CLK
  _14724_/CLK
  _14725_/CLK
  _14726_/CLK
  _14727_/CLK
  _14728_/CLK
  _14729_/CLK
  _14730_/CLK
  _14731_/CLK
  _14732_/CLK
  _14733_/CLK
  _14734_/CLK
  _14735_/CLK
  _14736_/CLK
  _14737_/CLK
  _14738_/CLK
  _14739_/CLK
  _14740_/CLK
  _14741_/CLK
  _14742_/CLK
  _14743_/CLK
  _14744_/CLK
  _14745_/CLK
  _14746_/CLK
  _14747_/CLK
  _14748_/CLK
  _14749_/CLK
  _14750_/CLK
  _14751_/CLK
  _14752_/CLK
  _14753_/CLK
  _14754_/CLK
  _14755_/CLK
  _14756_/CLK
  _14757_/CLK
  _14758_/CLK
  _14759_/CLK
  _14760_/CLK
  _14761_/CLK
  _14762_/CLK
  _14763_/CLK
  _14764_/CLK
  _14765_/CLK
  _14766_/CLK
  _14767_/CLK
  _14768_/CLK
  _14769_/CLK
  _14770_/CLK
  _14771_/CLK
  _14772_/CLK
  _14773_/CLK
  _14774_/CLK
  _14775_/CLK
  _14776_/CLK
  _14777_/CLK
  _14778_/CLK
  _14779_/CLK
  _14780_/CLK
  _14781_/CLK
  _14782_/CLK
  _14783_/CLK
  _14784_/CLK
  _14785_/CLK
  _14786_/CLK
  _14787_/CLK
  _14788_/CLK
  _14789_/CLK
  _14790_/CLK
  _14791_/CLK
  _14792_/CLK
  _14793_/CLK
  _14794_/CLK
  _14795_/CLK
  _14796_/CLK
  _14797_/CLK
  _14798_/CLK
  _14799_/CLK
  _14800_/CLK
  _14801_/CLK
  _14802_/CLK
  _14803_/CLK
  _14804_/CLK
  _14805_/CLK
  _14806_/CLK
  _14807_/CLK
  _14808_/CLK
  _14809_/CLK
  _14810_/CLK
  _14811_/CLK
  _14812_/CLK
  _14813_/CLK
  _14814_/CLK
  _14815_/CLK
  _14816_/CLK
  _14817_/CLK
  _14818_/CLK
  _14819_/CLK
  _14820_/CLK
  _14821_/CLK
  _14822_/CLK
  _14823_/CLK
  _14824_/CLK
  _14825_/CLK
  _14826_/CLK
  _14827_/CLK
  _14828_/CLK
  _14829_/CLK
  _14830_/CLK
  _14831_/CLK
  _14832_/CLK
  _14833_/CLK
  _14834_/CLK
  _14835_/CLK
  _14836_/CLK
  _14837_/CLK
  _14838_/CLK
  _14839_/CLK
  _14840_/CLK
  _14841_/CLK
  _14842_/CLK
  _14843_/CLK
  _14844_/CLK
  _14845_/CLK
  _14846_/CLK
  _14847_/CLK
  _14848_/CLK
  _14849_/CLK
  _14850_/CLK
  _14851_/CLK
  _14852_/CLK
  _14853_/CLK
  _14854_/CLK
  _14855_/CLK
  _14856_/CLK
  _14857_/CLK
  _14858_/CLK
  _14859_/CLK
  _14860_/CLK
  _14861_/CLK
  _14862_/CLK
  _14863_/CLK
  _14864_/CLK
  _14865_/CLK
  _14866_/CLK
  _14867_/CLK
  _14868_/CLK
  _14869_/CLK
  _14870_/CLK
  _14871_/CLK
  _14872_/CLK
  _14873_/CLK
  _14874_/CLK
  _14875_/CLK
  _14876_/CLK
  _14877_/CLK
  _14878_/CLK
  _14879_/CLK
  _14880_/CLK
  _14881_/CLK
  _14882_/CLK
  _14883_/CLK
  _14884_/CLK
  _14885_/CLK
  _14886_/CLK
  _14887_/CLK
  _14888_/CLK
  _14889_/CLK
  _14890_/CLK
  _14891_/CLK
  _14892_/CLK
  _14893_/CLK
  _14894_/CLK
  _14895_/CLK
  _14896_/CLK
  _14897_/CLK
  _14898_/CLK
  _14899_/CLK
  _14900_/CLK
  _14901_/CLK
  _14902_/CLK
  _14903_/CLK
  _14904_/CLK
  _14905_/CLK
  _14906_/CLK
  _14907_/CLK
  _14908_/CLK
  _14909_/CLK
  _14910_/CLK
  _14911_/CLK
  _14912_/CLK
  _14913_/CLK
  _14914_/CLK
  _14915_/CLK
  _14916_/CLK
  _14917_/CLK
  _14918_/CLK
  _14919_/CLK
  _14920_/CLK
  _14921_/CLK
  _14922_/CLK
  _14923_/CLK
  _14924_/CLK
  _14925_/CLK
  _14926_/CLK
  _14927_/CLK
  _14928_/CLK
  _14929_/CLK
  _14930_/CLK
  _14931_/CLK
  _14932_/CLK
  _14933_/CLK
  _14934_/CLK
  _14935_/CLK
  _14936_/CLK
  _14937_/CLK
  _14938_/CLK
  _14939_/CLK
  _14940_/CLK
  _14941_/CLK
  _14942_/CLK
  _14943_/CLK
  _14944_/CLK
  _14945_/CLK
  _14946_/CLK
  _14947_/CLK
  _14948_/CLK
  _14949_/CLK
  _14950_/CLK
  _14951_/CLK
  _14952_/CLK
  _14953_/CLK
  _14954_/CLK
  _14955_/CLK
  _14956_/CLK
  _14957_/CLK
  _14958_/CLK
  _14959_/CLK
  _14960_/CLK
  _14961_/CLK
  _14962_/CLK
  _14963_/CLK
  _14964_/CLK
  _14965_/CLK
  _14966_/CLK
  _14967_/CLK
  _14968_/CLK
  _14969_/CLK
  _14970_/CLK
  _14971_/CLK
  _14972_/CLK
  _14973_/CLK
  _14974_/CLK
  _14975_/CLK
  _14976_/CLK
  _14977_/CLK
  _14978_/CLK
  _14979_/CLK
  _14980_/CLK
  _14981_/CLK
  _14982_/CLK
  _14983_/CLK
  _14984_/CLK
  _14985_/CLK
  _14986_/CLK
  _14987_/CLK
  _14988_/CLK
  _14989_/CLK
  _14990_/CLK
  _14991_/CLK
  _14992_/CLK
  _14993_/CLK
  _14994_/CLK
  _14995_/CLK
  _14996_/CLK
  _14997_/CLK
  _14998_/CLK
  _14999_/CLK
  _15000_/CLK
  _15001_/CLK
  _15002_/CLK
  _15003_/CLK
  _15004_/CLK
  _15005_/CLK
  _15006_/CLK
  _15007_/CLK
  _15008_/CLK
  _15009_/CLK
  _15010_/CLK
  _15011_/CLK
  _15012_/CLK
  _15013_/CLK
  _15014_/CLK
  _15015_/CLK
  _15016_/CLK
  _15017_/CLK
  _15018_/CLK
  _15019_/CLK
  _15020_/CLK
  _15021_/CLK
  _15022_/CLK
  _15023_/CLK
  _15024_/CLK
  _15025_/CLK
  _15026_/CLK
  _15027_/CLK
  _15028_/CLK
  _15029_/CLK
  _15030_/CLK
  _15031_/CLK
  _15032_/CLK
  _15033_/CLK
  _15034_/CLK
  _15035_/CLK
  _15036_/CLK
  _15037_/CLK
  _15038_/CLK
  _15039_/CLK
  _15040_/CLK
  _15041_/CLK
  _15042_/CLK
  _15043_/CLK
  _15044_/CLK
  _15045_/CLK
  _15046_/CLK
  _15047_/CLK
  _15048_/CLK
  _15049_/CLK
  _15050_/CLK
  _15051_/CLK
  _15052_/CLK
  _15053_/CLK
  _15054_/CLK
  _15055_/CLK
  _15056_/CLK
  _15057_/CLK
  _15058_/CLK
  _15059_/CLK
  _15060_/CLK
  _15061_/CLK
  _15062_/CLK
  _15063_/CLK
  _15064_/CLK
  _15065_/CLK
  _15066_/CLK
  _15067_/CLK
  _15068_/CLK
  _15069_/CLK
  _15070_/CLK
  _15071_/CLK
  _15072_/CLK
  _15073_/CLK
  _15074_/CLK
  _15075_/CLK
  _15076_/CLK
  _15077_/CLK
  _15078_/CLK
  _15079_/CLK
  _15080_/CLK
  _15081_/CLK
  _15082_/CLK
  _15083_/CLK
  _15084_/CLK
  _15085_/CLK
  _15086_/CLK
  _15087_/CLK
  _15088_/CLK
  _15089_/CLK
  _15090_/CLK
  _15091_/CLK
  _15092_/CLK
  _15093_/CLK
  _15094_/CLK
  _15095_/CLK
  _15096_/CLK
  _15097_/CLK
  _15098_/CLK
  _15099_/CLK
  _15100_/CLK
  _15101_/CLK
  _15102_/CLK
  _15103_/CLK
  _15104_/CLK
  _15105_/CLK
  _15106_/CLK
  _15107_/CLK
  _15108_/CLK
  _15109_/CLK
  _15110_/CLK
  _15111_/CLK
  _15112_/CLK
  _15113_/CLK
  _15114_/CLK
  _15115_/CLK
  _15116_/CLK
  _15117_/CLK
  _15118_/CLK
  _15119_/CLK
  _15120_/CLK
  _15121_/CLK
  _15122_/CLK
  _15123_/CLK
  _15124_/CLK
  _15125_/CLK
  _15126_/CLK
  _15127_/CLK
  _15128_/CLK
  _15129_/CLK
  _15130_/CLK
  _15131_/CLK
  _15132_/CLK
  _15133_/CLK
  _15134_/CLK
  _15135_/CLK
  _15136_/CLK
  _15137_/CLK
  _15138_/CLK
  _15139_/CLK
  _15140_/CLK
  _15141_/CLK
  _15142_/CLK
  _15143_/CLK
  _15144_/CLK
  _15145_/CLK
  _15146_/CLK
  _15147_/CLK
  _15148_/CLK
  _15149_/CLK
  _15150_/CLK
  _15151_/CLK
  _15152_/CLK
  _15153_/CLK
  _15154_/CLK
  _15155_/CLK
  _15156_/CLK
  _15157_/CLK
  _15158_/CLK
  _15159_/CLK
  _15160_/CLK
  _15161_/CLK
  _15162_/CLK
  _15163_/CLK
  _15164_/CLK
  _15165_/CLK
  _15166_/CLK
  _15167_/CLK
  _15168_/CLK
  _15169_/CLK
  _15170_/CLK
  _15171_/CLK
  _15172_/CLK
  _15173_/CLK
  _15174_/CLK
  _15175_/CLK
  _15176_/CLK
  _15177_/CLK
  _15178_/CLK
  _15179_/CLK
  _15180_/CLK
  _15181_/CLK
  _15182_/CLK
  _15183_/CLK
  _15184_/CLK
  _15185_/CLK
  _15186_/CLK
  _15187_/CLK
  _15188_/CLK
  _15189_/CLK
  _15190_/CLK
  _15191_/CLK
  _15192_/CLK
  _15193_/CLK
  _15194_/CLK
  _15195_/CLK
  _15196_/CLK
  _15197_/CLK
  _15198_/CLK
  _15199_/CLK
  _15200_/CLK
  _15201_/CLK
  _15202_/CLK
  _15203_/CLK
  _15204_/CLK
  _15205_/CLK
  _15206_/CLK
  _15207_/CLK
  _15208_/CLK
  _15209_/CLK
  _15210_/CLK
  _15211_/CLK
  _15212_/CLK
  _15213_/CLK
  _15214_/CLK
  _15215_/CLK
  _15216_/CLK
  _15217_/CLK
  _15218_/CLK
  _15219_/CLK
  _15220_/CLK
  _15221_/CLK
  _15222_/CLK
  _15223_/CLK
  _15224_/CLK
  _15225_/CLK
  _15226_/CLK
  _15227_/CLK
  _15228_/CLK
  _15229_/CLK
  _15230_/CLK
  _15231_/CLK
  _15232_/CLK
  _15233_/CLK
  _15234_/CLK
  _15235_/CLK
  _15236_/CLK
  _15237_/CLK
  _15238_/CLK
  _15239_/CLK
  _15240_/CLK
  _15241_/CLK
  _15242_/CLK
  _15243_/CLK
  _15244_/CLK
  _15245_/CLK
  _15246_/CLK
  _15247_/CLK
  _15248_/CLK
  _15249_/CLK
  _15250_/CLK
  _15251_/CLK
  _15252_/CLK
  _15253_/CLK
  _15254_/CLK
  _15255_/CLK
  _15256_/CLK
  _15257_/CLK
  _15258_/CLK
  _15259_/CLK
  _15260_/CLK
  _15261_/CLK
  _15262_/CLK
  _15263_/CLK
  _15264_/CLK
  _15265_/CLK
  _15266_/CLK
  _15267_/CLK
  _15268_/CLK
  _15269_/CLK
  _15270_/CLK
  _15271_/CLK
  _15272_/CLK
  _15273_/CLK
  _15274_/CLK
  _15275_/CLK
  _15276_/CLK
  _15277_/CLK
  _15278_/CLK
  _15279_/CLK
  _15280_/CLK
  _15281_/CLK
  _15282_/CLK
  _15283_/CLK
  _15284_/CLK
  _15285_/CLK
  _15286_/CLK
  _15287_/CLK
  _15288_/CLK
  _15289_/CLK
  _15290_/CLK
  _15291_/CLK
  _15292_/CLK
  _15293_/CLK
  _15294_/CLK
  _15295_/CLK
  _15296_/CLK
  _15297_/CLK
  _15298_/CLK
  _15299_/CLK
  _15300_/CLK
  _15301_/CLK
  _15302_/CLK
  _15303_/CLK
  _15304_/CLK
  _15305_/CLK
  _15306_/CLK
  _15307_/CLK
  _15308_/CLK
  _15309_/CLK
  _15310_/CLK
  _15311_/CLK
  _15312_/CLK
  _15313_/CLK
  _15314_/CLK
  _15315_/CLK
  _15316_/CLK
  _15317_/CLK
  _15318_/CLK
  _15319_/CLK
  _15320_/CLK
  _15321_/CLK
  _15322_/CLK
  _15323_/CLK
  _15324_/CLK
  _15325_/CLK
  _15326_/CLK
  _15327_/CLK
  _15328_/CLK
  _15329_/CLK
  _15330_/CLK
  _15331_/CLK
  _15332_/CLK
  _15333_/CLK
  _15334_/CLK
  _15335_/CLK
  _15336_/CLK
  _15337_/CLK
  _15338_/CLK
  _15339_/CLK
  _15340_/CLK
  _15341_/CLK
  _15342_/CLK
  _15343_/CLK
  _15344_/CLK
  _15345_/CLK
  _15346_/CLK
  _15347_/CLK
  _15348_/CLK
  _15349_/CLK
  _15350_/CLK
  _15351_/CLK
  _15352_/CLK
  _15353_/CLK
  _15354_/CLK
  _15355_/CLK
  _15356_/CLK
  _15357_/CLK
  _15358_/CLK
  _15359_/CLK
  _15360_/CLK
  _15361_/CLK
  _15362_/CLK
  _15363_/CLK
  _15364_/CLK
  _15365_/CLK
  _15366_/CLK
  _15367_/CLK
  _15368_/CLK
  _15369_/CLK
  _15370_/CLK
  _15371_/CLK
  _15372_/CLK
  _15373_/CLK
  _15374_/CLK
  _15375_/CLK
  _15376_/CLK
  _15377_/CLK
Warning: There are 1054 unconstrained endpoints.
  CNNver2_MISO
  CNNver2_MR1_Load
  CNNver2_MR2_Load
  _14327_/D
  _14328_/D
  _14329_/D
  _14330_/D
  _14331_/D
  _14332_/D
  _14333_/D
  _14334_/D
  _14335_/D
  _14336_/D
  _14337_/D
  _14338_/D
  _14339_/D
  _14340_/D
  _14341_/D
  _14342_/D
  _14343_/D
  _14344_/D
  _14345_/D
  _14346_/D
  _14347_/D
  _14348_/D
  _14349_/D
  _14350_/D
  _14351_/D
  _14352_/D
  _14353_/D
  _14354_/D
  _14355_/D
  _14356_/D
  _14357_/D
  _14358_/D
  _14359_/D
  _14360_/D
  _14361_/D
  _14362_/D
  _14363_/D
  _14364_/D
  _14365_/D
  _14366_/D
  _14367_/D
  _14368_/D
  _14369_/D
  _14370_/D
  _14371_/D
  _14372_/D
  _14373_/D
  _14374_/D
  _14375_/D
  _14376_/D
  _14377_/D
  _14378_/D
  _14379_/D
  _14380_/D
  _14381_/D
  _14382_/D
  _14383_/D
  _14384_/D
  _14385_/D
  _14386_/D
  _14387_/D
  _14388_/D
  _14389_/D
  _14390_/D
  _14391_/D
  _14392_/D
  _14393_/D
  _14394_/D
  _14395_/D
  _14396_/D
  _14397_/D
  _14398_/D
  _14399_/D
  _14400_/D
  _14401_/D
  _14402_/D
  _14403_/D
  _14404_/D
  _14405_/D
  _14406_/D
  _14407_/D
  _14408_/D
  _14409_/D
  _14410_/D
  _14411_/D
  _14412_/D
  _14413_/D
  _14414_/D
  _14415_/D
  _14416_/D
  _14417_/D
  _14418_/D
  _14419_/D
  _14420_/D
  _14421_/D
  _14422_/D
  _14423_/D
  _14424_/D
  _14425_/D
  _14426_/D
  _14427_/D
  _14428_/D
  _14429_/D
  _14430_/D
  _14431_/D
  _14432_/D
  _14433_/D
  _14434_/D
  _14435_/D
  _14436_/D
  _14437_/D
  _14438_/D
  _14439_/D
  _14440_/D
  _14441_/D
  _14442_/D
  _14443_/D
  _14444_/D
  _14445_/D
  _14446_/D
  _14447_/D
  _14448_/D
  _14449_/D
  _14450_/D
  _14451_/D
  _14452_/D
  _14453_/D
  _14454_/D
  _14455_/D
  _14456_/D
  _14457_/D
  _14458_/D
  _14459_/D
  _14460_/D
  _14461_/D
  _14462_/D
  _14463_/D
  _14464_/D
  _14465_/D
  _14466_/D
  _14467_/D
  _14468_/D
  _14469_/D
  _14470_/D
  _14471_/D
  _14472_/D
  _14473_/D
  _14474_/D
  _14475_/D
  _14476_/D
  _14477_/D
  _14478_/D
  _14479_/D
  _14480_/D
  _14481_/D
  _14482_/D
  _14483_/D
  _14484_/D
  _14485_/D
  _14486_/D
  _14487_/D
  _14488_/D
  _14489_/D
  _14490_/D
  _14491_/D
  _14492_/D
  _14493_/D
  _14494_/D
  _14495_/D
  _14496_/D
  _14497_/D
  _14498_/D
  _14499_/D
  _14500_/D
  _14501_/D
  _14502_/D
  _14503_/D
  _14504_/D
  _14505_/D
  _14506_/D
  _14507_/D
  _14508_/D
  _14509_/D
  _14510_/D
  _14511_/D
  _14512_/D
  _14513_/D
  _14514_/D
  _14515_/D
  _14516_/D
  _14517_/D
  _14518_/D
  _14519_/D
  _14520_/D
  _14521_/D
  _14522_/D
  _14523_/D
  _14524_/D
  _14525_/D
  _14526_/D
  _14527_/D
  _14528_/D
  _14529_/D
  _14530_/D
  _14531_/D
  _14532_/D
  _14533_/D
  _14534_/D
  _14535_/D
  _14536_/D
  _14537_/D
  _14538_/D
  _14539_/D
  _14540_/D
  _14541_/D
  _14542_/D
  _14543_/D
  _14544_/D
  _14545_/D
  _14546_/D
  _14547_/D
  _14548_/D
  _14549_/D
  _14550_/D
  _14551_/D
  _14552_/D
  _14553_/D
  _14554_/D
  _14555_/D
  _14556_/D
  _14557_/D
  _14558_/D
  _14559_/D
  _14560_/D
  _14561_/D
  _14562_/D
  _14563_/D
  _14564_/D
  _14565_/D
  _14566_/D
  _14567_/D
  _14568_/D
  _14569_/D
  _14570_/D
  _14571_/D
  _14572_/D
  _14573_/D
  _14574_/D
  _14575_/D
  _14576_/D
  _14577_/D
  _14578_/D
  _14579_/D
  _14580_/D
  _14581_/D
  _14582_/D
  _14583_/D
  _14584_/D
  _14585_/D
  _14586_/D
  _14587_/D
  _14588_/D
  _14589_/D
  _14590_/D
  _14591_/D
  _14592_/D
  _14593_/D
  _14594_/D
  _14595_/D
  _14596_/D
  _14597_/D
  _14598_/D
  _14599_/D
  _14600_/D
  _14601_/D
  _14602_/D
  _14603_/D
  _14604_/D
  _14605_/D
  _14606_/D
  _14607_/D
  _14608_/D
  _14609_/D
  _14610_/D
  _14611_/D
  _14612_/D
  _14613_/D
  _14614_/D
  _14615_/D
  _14616_/D
  _14617_/D
  _14618_/D
  _14619_/D
  _14620_/D
  _14621_/D
  _14622_/D
  _14623_/D
  _14624_/D
  _14625_/D
  _14626_/D
  _14627_/D
  _14628_/D
  _14629_/D
  _14630_/D
  _14631_/D
  _14632_/D
  _14633_/D
  _14634_/D
  _14635_/D
  _14636_/D
  _14637_/D
  _14638_/D
  _14639_/D
  _14640_/D
  _14641_/D
  _14642_/D
  _14643_/D
  _14644_/D
  _14645_/D
  _14646_/D
  _14647_/D
  _14648_/D
  _14649_/D
  _14650_/D
  _14651_/D
  _14652_/D
  _14653_/D
  _14654_/D
  _14655_/D
  _14656_/D
  _14657_/D
  _14658_/D
  _14659_/D
  _14660_/D
  _14661_/D
  _14662_/D
  _14663_/D
  _14664_/D
  _14665_/D
  _14666_/D
  _14667_/D
  _14668_/D
  _14669_/D
  _14670_/D
  _14671_/D
  _14672_/D
  _14673_/D
  _14674_/D
  _14675_/D
  _14676_/D
  _14677_/D
  _14678_/D
  _14679_/D
  _14680_/D
  _14681_/D
  _14682_/D
  _14683_/D
  _14684_/D
  _14685_/D
  _14686_/D
  _14687_/D
  _14688_/D
  _14689_/D
  _14690_/D
  _14691_/D
  _14692_/D
  _14693_/D
  _14694_/D
  _14695_/D
  _14696_/D
  _14697_/D
  _14698_/D
  _14699_/D
  _14700_/D
  _14701_/D
  _14702_/D
  _14703_/D
  _14704_/D
  _14705_/D
  _14706_/D
  _14707_/D
  _14708_/D
  _14709_/D
  _14710_/D
  _14711_/D
  _14712_/D
  _14713_/D
  _14714_/D
  _14715_/D
  _14716_/D
  _14717_/D
  _14718_/D
  _14719_/D
  _14720_/D
  _14721_/D
  _14722_/D
  _14723_/D
  _14724_/D
  _14725_/D
  _14726_/D
  _14727_/D
  _14728_/D
  _14729_/D
  _14730_/D
  _14731_/D
  _14732_/D
  _14733_/D
  _14734_/D
  _14735_/D
  _14736_/D
  _14737_/D
  _14738_/D
  _14739_/D
  _14740_/D
  _14741_/D
  _14742_/D
  _14743_/D
  _14744_/D
  _14745_/D
  _14746_/D
  _14747_/D
  _14748_/D
  _14749_/D
  _14750_/D
  _14751_/D
  _14752_/D
  _14753_/D
  _14754_/D
  _14755_/D
  _14756_/D
  _14757_/D
  _14758_/D
  _14759_/D
  _14760_/D
  _14761_/D
  _14762_/D
  _14763_/D
  _14764_/D
  _14765_/D
  _14766_/D
  _14767_/D
  _14768_/D
  _14769_/D
  _14770_/D
  _14771_/D
  _14772_/D
  _14773_/D
  _14774_/D
  _14775_/D
  _14776_/D
  _14777_/D
  _14778_/D
  _14779_/D
  _14780_/D
  _14781_/D
  _14782_/D
  _14783_/D
  _14784_/D
  _14785_/D
  _14786_/D
  _14787_/D
  _14788_/D
  _14789_/D
  _14790_/D
  _14791_/D
  _14792_/D
  _14793_/D
  _14794_/D
  _14795_/D
  _14796_/D
  _14797_/D
  _14798_/D
  _14799_/D
  _14800_/D
  _14801_/D
  _14802_/D
  _14803_/D
  _14804_/D
  _14805_/D
  _14806_/D
  _14807_/D
  _14808_/D
  _14809_/D
  _14810_/D
  _14811_/D
  _14812_/D
  _14813_/D
  _14814_/D
  _14815_/D
  _14816_/D
  _14817_/D
  _14818_/D
  _14819_/D
  _14820_/D
  _14821_/D
  _14822_/D
  _14823_/D
  _14824_/D
  _14825_/D
  _14826_/D
  _14827_/D
  _14828_/D
  _14829_/D
  _14830_/D
  _14831_/D
  _14832_/D
  _14833_/D
  _14834_/D
  _14835_/D
  _14836_/D
  _14837_/D
  _14838_/D
  _14839_/D
  _14840_/D
  _14841_/D
  _14842_/D
  _14843_/D
  _14844_/D
  _14845_/D
  _14846_/D
  _14847_/D
  _14848_/D
  _14849_/D
  _14850_/D
  _14851_/D
  _14852_/D
  _14853_/D
  _14854_/D
  _14855_/D
  _14856_/D
  _14857_/D
  _14858_/D
  _14859_/D
  _14860_/D
  _14861_/D
  _14862_/D
  _14863_/D
  _14864_/D
  _14865_/D
  _14866_/D
  _14867_/D
  _14868_/D
  _14869_/D
  _14870_/D
  _14871_/D
  _14872_/D
  _14873_/D
  _14874_/D
  _14875_/D
  _14876_/D
  _14877_/D
  _14878_/D
  _14879_/D
  _14880_/D
  _14881_/D
  _14882_/D
  _14883_/D
  _14884_/D
  _14885_/D
  _14886_/D
  _14887_/D
  _14888_/D
  _14889_/D
  _14890_/D
  _14891_/D
  _14892_/D
  _14893_/D
  _14894_/D
  _14895_/D
  _14896_/D
  _14897_/D
  _14898_/D
  _14899_/D
  _14900_/D
  _14901_/D
  _14902_/D
  _14903_/D
  _14904_/D
  _14905_/D
  _14906_/D
  _14907_/D
  _14908_/D
  _14909_/D
  _14910_/D
  _14911_/D
  _14912_/D
  _14913_/D
  _14914_/D
  _14915_/D
  _14916_/D
  _14917_/D
  _14918_/D
  _14919_/D
  _14920_/D
  _14921_/D
  _14922_/D
  _14923_/D
  _14924_/D
  _14925_/D
  _14926_/D
  _14927_/D
  _14928_/D
  _14929_/D
  _14930_/D
  _14931_/D
  _14932_/D
  _14933_/D
  _14934_/D
  _14935_/D
  _14936_/D
  _14937_/D
  _14938_/D
  _14939_/D
  _14940_/D
  _14941_/D
  _14942_/D
  _14943_/D
  _14944_/D
  _14945_/D
  _14946_/D
  _14947_/D
  _14948_/D
  _14949_/D
  _14950_/D
  _14951_/D
  _14952_/D
  _14953_/D
  _14954_/D
  _14955_/D
  _14956_/D
  _14957_/D
  _14958_/D
  _14959_/D
  _14960_/D
  _14961_/D
  _14962_/D
  _14963_/D
  _14964_/D
  _14965_/D
  _14966_/D
  _14967_/D
  _14968_/D
  _14969_/D
  _14970_/D
  _14971_/D
  _14972_/D
  _14973_/D
  _14974_/D
  _14975_/D
  _14976_/D
  _14977_/D
  _14978_/D
  _14979_/D
  _14980_/D
  _14981_/D
  _14982_/D
  _14983_/D
  _14984_/D
  _14985_/D
  _14986_/D
  _14987_/D
  _14988_/D
  _14989_/D
  _14990_/D
  _14991_/D
  _14992_/D
  _14993_/D
  _14994_/D
  _14995_/D
  _14996_/D
  _14997_/D
  _14998_/D
  _14999_/D
  _15000_/D
  _15001_/D
  _15002_/D
  _15003_/D
  _15004_/D
  _15005_/D
  _15006_/D
  _15007_/D
  _15008_/D
  _15009_/D
  _15010_/D
  _15011_/D
  _15012_/D
  _15013_/D
  _15014_/D
  _15015_/D
  _15016_/D
  _15017_/D
  _15018_/D
  _15019_/D
  _15020_/D
  _15021_/D
  _15022_/D
  _15023_/D
  _15024_/D
  _15025_/D
  _15026_/D
  _15027_/D
  _15028_/D
  _15029_/D
  _15030_/D
  _15031_/D
  _15032_/D
  _15033_/D
  _15034_/D
  _15035_/D
  _15036_/D
  _15037_/D
  _15038_/D
  _15039_/D
  _15040_/D
  _15041_/D
  _15042_/D
  _15043_/D
  _15044_/D
  _15045_/D
  _15046_/D
  _15047_/D
  _15048_/D
  _15049_/D
  _15050_/D
  _15051_/D
  _15052_/D
  _15053_/D
  _15054_/D
  _15055_/D
  _15056_/D
  _15057_/D
  _15058_/D
  _15059_/D
  _15060_/D
  _15061_/D
  _15062_/D
  _15063_/D
  _15064_/D
  _15065_/D
  _15066_/D
  _15067_/D
  _15068_/D
  _15069_/D
  _15070_/D
  _15071_/D
  _15072_/D
  _15073_/D
  _15074_/D
  _15075_/D
  _15076_/D
  _15077_/D
  _15078_/D
  _15079_/D
  _15080_/D
  _15081_/D
  _15082_/D
  _15083_/D
  _15084_/D
  _15085_/D
  _15086_/D
  _15087_/D
  _15088_/D
  _15089_/D
  _15090_/D
  _15091_/D
  _15092_/D
  _15093_/D
  _15094_/D
  _15095_/D
  _15096_/D
  _15097_/D
  _15098_/D
  _15099_/D
  _15100_/D
  _15101_/D
  _15102_/D
  _15103_/D
  _15104_/D
  _15105_/D
  _15106_/D
  _15107_/D
  _15108_/D
  _15109_/D
  _15110_/D
  _15111_/D
  _15112_/D
  _15113_/D
  _15114_/D
  _15115_/D
  _15116_/D
  _15117_/D
  _15118_/D
  _15119_/D
  _15120_/D
  _15121_/D
  _15122_/D
  _15123_/D
  _15124_/D
  _15125_/D
  _15126_/D
  _15127_/D
  _15128_/D
  _15129_/D
  _15130_/D
  _15131_/D
  _15132_/D
  _15133_/D
  _15134_/D
  _15135_/D
  _15136_/D
  _15137_/D
  _15138_/D
  _15139_/D
  _15140_/D
  _15141_/D
  _15142_/D
  _15143_/D
  _15144_/D
  _15145_/D
  _15146_/D
  _15147_/D
  _15148_/D
  _15149_/D
  _15150_/D
  _15151_/D
  _15152_/D
  _15153_/D
  _15154_/D
  _15155_/D
  _15156_/D
  _15157_/D
  _15158_/D
  _15159_/D
  _15160_/D
  _15161_/D
  _15162_/D
  _15163_/D
  _15164_/D
  _15165_/D
  _15166_/D
  _15167_/D
  _15168_/D
  _15169_/D
  _15170_/D
  _15171_/D
  _15172_/D
  _15173_/D
  _15174_/D
  _15175_/D
  _15176_/D
  _15177_/D
  _15178_/D
  _15179_/D
  _15180_/D
  _15181_/D
  _15182_/D
  _15183_/D
  _15184_/D
  _15185_/D
  _15186_/D
  _15187_/D
  _15188_/D
  _15189_/D
  _15190_/D
  _15191_/D
  _15192_/D
  _15193_/D
  _15194_/D
  _15195_/D
  _15196_/D
  _15197_/D
  _15198_/D
  _15199_/D
  _15200_/D
  _15201_/D
  _15202_/D
  _15203_/D
  _15204_/D
  _15205_/D
  _15206_/D
  _15207_/D
  _15208_/D
  _15209_/D
  _15210_/D
  _15211_/D
  _15212_/D
  _15213_/D
  _15214_/D
  _15215_/D
  _15216_/D
  _15217_/D
  _15218_/D
  _15219_/D
  _15220_/D
  _15221_/D
  _15222_/D
  _15223_/D
  _15224_/D
  _15225_/D
  _15226_/D
  _15227_/D
  _15228_/D
  _15229_/D
  _15230_/D
  _15231_/D
  _15232_/D
  _15233_/D
  _15234_/D
  _15235_/D
  _15236_/D
  _15237_/D
  _15238_/D
  _15239_/D
  _15240_/D
  _15241_/D
  _15242_/D
  _15243_/D
  _15244_/D
  _15245_/D
  _15246_/D
  _15247_/D
  _15248_/D
  _15249_/D
  _15250_/D
  _15251_/D
  _15252_/D
  _15253_/D
  _15254_/D
  _15255_/D
  _15256_/D
  _15257_/D
  _15258_/D
  _15259_/D
  _15260_/D
  _15261_/D
  _15262_/D
  _15263_/D
  _15264_/D
  _15265_/D
  _15266_/D
  _15267_/D
  _15268_/D
  _15269_/D
  _15270_/D
  _15271_/D
  _15272_/D
  _15273_/D
  _15274_/D
  _15275_/D
  _15276_/D
  _15277_/D
  _15278_/D
  _15279_/D
  _15280_/D
  _15281_/D
  _15282_/D
  _15283_/D
  _15284_/D
  _15285_/D
  _15286_/D
  _15287_/D
  _15288_/D
  _15289_/D
  _15290_/D
  _15291_/D
  _15292_/D
  _15293_/D
  _15294_/D
  _15295_/D
  _15296_/D
  _15297_/D
  _15298_/D
  _15299_/D
  _15300_/D
  _15301_/D
  _15302_/D
  _15303_/D
  _15304_/D
  _15305_/D
  _15306_/D
  _15307_/D
  _15308_/D
  _15309_/D
  _15310_/D
  _15311_/D
  _15312_/D
  _15313_/D
  _15314_/D
  _15315_/D
  _15316_/D
  _15317_/D
  _15318_/D
  _15319_/D
  _15320_/D
  _15321_/D
  _15322_/D
  _15323_/D
  _15324_/D
  _15325_/D
  _15326_/D
  _15327_/D
  _15328_/D
  _15329_/D
  _15330_/D
  _15331_/D
  _15332_/D
  _15333_/D
  _15334_/D
  _15335_/D
  _15336_/D
  _15337_/D
  _15338_/D
  _15339_/D
  _15340_/D
  _15341_/D
  _15342_/D
  _15343_/D
  _15344_/D
  _15345_/D
  _15346_/D
  _15347_/D
  _15348_/D
  _15349_/D
  _15350_/D
  _15351_/D
  _15352_/D
  _15353_/D
  _15354_/D
  _15355_/D
  _15356_/D
  _15357_/D
  _15358_/D
  _15359_/D
  _15360_/D
  _15361_/D
  _15362_/D
  _15363_/D
  _15364_/D
  _15365_/D
  _15366_/D
  _15367_/D
  _15368_/D
  _15369_/D
  _15370_/D
  _15371_/D
  _15372_/D
  _15373_/D
  _15374_/D
  _15375_/D
  _15376_/D
  _15377_/D
