Clock: clk
Sources: 
Generated: no
Virtual: yes
Propagated: no
Period: 10.000000

===========================================================================
report_clock_properties
============================================================================
Clock                   Period          Waveform
----------------------------------------------------
clk                  10.000000    0.000000  5.000000

===========================================================================
report_clock_latency
============================================================================
Clock clk
rise -> rise
    min     max
0.000000 0.000000 source latency
2.458621         network latency _15261_/CLK
        3.539360 network latency _15074_/CLK
---------------
2.458621 3.539360 latency
        1.080739 skew

rise -> fall
    min     max
0.000000 0.000000 source latency
2.398269         network latency _15261_/CLK
        3.311991 network latency _15074_/CLK
---------------
2.398269 3.311991 latency
        0.913722 skew



===========================================================================
report_clock_min_period
============================================================================
clk period_min = 0.00 fmax = inf
