Clock: clk_i
Sources: clk_i 
Generated: no
Virtual: yes
Propagated: no
Period: 10.000000

===========================================================================
report_clock_properties
============================================================================
Clock                   Period          Waveform
----------------------------------------------------
clk_i                10.000000    0.000000  5.000000

===========================================================================
report_clock_latency
============================================================================
Clock clk_i
rise -> rise
    min     max
0.000000 0.000000 source latency
0.209261         network latency _174_/CLK
        0.212804 network latency _185_/CLK
---------------
0.209261 0.212804 latency
        0.003543 skew

fall -> fall
    min     max
0.000000 0.000000 source latency
0.205592         network latency _174_/CLK
        0.208978 network latency _185_/CLK
---------------
0.205592 0.208978 latency
        0.003386 skew



===========================================================================
report_clock_min_period
============================================================================
clk_i period_min = 1.89 fmax = 529.88
