
===========================================================================
 report_power
============================================================================
======================= nom_fast_1p32V_m40C Corner ===================================

Group                    Internal    Switching      Leakage        Total
                            Power        Power        Power        Power (Watts)
------------------------------------------------------------------------
Sequential           1.087810e-03 1.397113e-04 1.033221e-06 1.228555e-03  49.2%
Combinational        6.974202e-04 5.692966e-04 2.214491e-06 1.268931e-03  50.8%
Clock                0.000000e+00 0.000000e+00 0.000000e+00 0.000000e+00   0.0%
Macro                0.000000e+00 0.000000e+00 0.000000e+00 0.000000e+00   0.0%
Pad                  0.000000e+00 0.000000e+00 0.000000e+00 0.000000e+00   0.0%
------------------------------------------------------------------------
Total                1.785237e-03 7.090073e-04 3.247735e-06 2.497492e-03 100.0%
                            71.5%        28.4%         0.1%

