Clock: clk
Sources: 
Generated: no
Virtual: yes
Propagated: no
Period: 10.000000

===========================================================================
report_clock_properties
============================================================================
Clock                   Period          Waveform
----------------------------------------------------
clk                  10.000000    0.000000  5.000000

===========================================================================
report_clock_latency
============================================================================
Clock clk
rise -> rise
    min     max
0.000000 0.000000 source latency
4.631711         network latency _14353_/CLK
        5.430628 network latency _14620_/CLK
---------------
4.631711 5.430628 latency
        0.798917 skew

rise -> fall
    min     max
0.000000 0.000000 source latency
3.774711         network latency _14353_/CLK
        4.484682 network latency _14620_/CLK
---------------
3.774711 4.484682 latency
        0.709970 skew



===========================================================================
report_clock_min_period
============================================================================
clk period_min = 0.00 fmax = inf
