
33. Executing PROC_DLATCH pass (convert process syncs to latches).
No latch inferred for signal `\fragment_mux_10x10_6x6.\c' from process `\fragment_mux_10x10_6x6.$proc$/home/designer/projects/CNN4IC/unic_cass_wrapper_user_project/CLASSIFIER_plus_cross_TOP/src/fragment_mux_10x10_6x6.v:9$112'.
No latch inferred for signal `\fragment_mux_10x10_6x6.\fragment_flat' from process `\fragment_mux_10x10_6x6.$proc$/home/designer/projects/CNN4IC/unic_cass_wrapper_user_project/CLASSIFIER_plus_cross_TOP/src/fragment_mux_10x10_6x6.v:9$112'.
No latch inferred for signal `\fragment_mux_10x10_6x6.\r' from process `\fragment_mux_10x10_6x6.$proc$/home/designer/projects/CNN4IC/unic_cass_wrapper_user_project/CLASSIFIER_plus_cross_TOP/src/fragment_mux_10x10_6x6.v:9$112'.
No latch inferred for signal `\fragment_mux_10x10_6x6.\base_row' from process `\fragment_mux_10x10_6x6.$proc$/home/designer/projects/CNN4IC/unic_cass_wrapper_user_project/CLASSIFIER_plus_cross_TOP/src/fragment_mux_10x10_6x6.v:9$112'.
No latch inferred for signal `\fragment_mux_10x10_6x6.\base_col' from process `\fragment_mux_10x10_6x6.$proc$/home/designer/projects/CNN4IC/unic_cass_wrapper_user_project/CLASSIFIER_plus_cross_TOP/src/fragment_mux_10x10_6x6.v:9$112'.
No latch inferred for signal `\fragment_mux_10x10_6x6.\flat_idx' from process `\fragment_mux_10x10_6x6.$proc$/home/designer/projects/CNN4IC/unic_cass_wrapper_user_project/CLASSIFIER_plus_cross_TOP/src/fragment_mux_10x10_6x6.v:9$112'.
No latch inferred for signal `$paramod\SC_STATEMACHINE_IMAGE_LOADER\ROW_BITS=s32'00000000000000000000000000011110.\o_load00' from process `$paramod\SC_STATEMACHINE_IMAGE_LOADER\ROW_BITS=s32'00000000000000000000000000011110.$proc$/home/designer/projects/CNN4IC/unic_cass_wrapper_user_project/CLASSIFIER_plus_cross_TOP/src/SC_STATEMACHINE_IMAGE_LOADER.v:98$109'.
No latch inferred for signal `$paramod\SC_STATEMACHINE_IMAGE_LOADER\ROW_BITS=s32'00000000000000000000000000011110.\o_load01' from process `$paramod\SC_STATEMACHINE_IMAGE_LOADER\ROW_BITS=s32'00000000000000000000000000011110.$proc$/home/designer/projects/CNN4IC/unic_cass_wrapper_user_project/CLASSIFIER_plus_cross_TOP/src/SC_STATEMACHINE_IMAGE_LOADER.v:98$109'.
No latch inferred for signal `$paramod\SC_STATEMACHINE_IMAGE_LOADER\ROW_BITS=s32'00000000000000000000000000011110.\o_load02' from process `$paramod\SC_STATEMACHINE_IMAGE_LOADER\ROW_BITS=s32'00000000000000000000000000011110.$proc$/home/designer/projects/CNN4IC/unic_cass_wrapper_user_project/CLASSIFIER_plus_cross_TOP/src/SC_STATEMACHINE_IMAGE_LOADER.v:98$109'.
No latch inferred for signal `$paramod\SC_STATEMACHINE_IMAGE_LOADER\ROW_BITS=s32'00000000000000000000000000011110.\o_load03' from process `$paramod\SC_STATEMACHINE_IMAGE_LOADER\ROW_BITS=s32'00000000000000000000000000011110.$proc$/home/designer/projects/CNN4IC/unic_cass_wrapper_user_project/CLASSIFIER_plus_cross_TOP/src/SC_STATEMACHINE_IMAGE_LOADER.v:98$109'.
No latch inferred for signal `$paramod\SC_STATEMACHINE_IMAGE_LOADER\ROW_BITS=s32'00000000000000000000000000011110.\o_load04' from process `$paramod\SC_STATEMACHINE_IMAGE_LOADER\ROW_BITS=s32'00000000000000000000000000011110.$proc$/home/designer/projects/CNN4IC/unic_cass_wrapper_user_project/CLASSIFIER_plus_cross_TOP/src/SC_STATEMACHINE_IMAGE_LOADER.v:98$109'.
No latch inferred for signal `$paramod\SC_STATEMACHINE_IMAGE_LOADER\ROW_BITS=s32'00000000000000000000000000011110.\o_load05' from process `$paramod\SC_STATEMACHINE_IMAGE_LOADER\ROW_BITS=s32'00000000000000000000000000011110.$proc$/home/designer/projects/CNN4IC/unic_cass_wrapper_user_project/CLASSIFIER_plus_cross_TOP/src/SC_STATEMACHINE_IMAGE_LOADER.v:98$109'.
No latch inferred for signal `$paramod\SC_STATEMACHINE_IMAGE_LOADER\ROW_BITS=s32'00000000000000000000000000011110.\o_load06' from process `$paramod\SC_STATEMACHINE_IMAGE_LOADER\ROW_BITS=s32'00000000000000000000000000011110.$proc$/home/designer/projects/CNN4IC/unic_cass_wrapper_user_project/CLASSIFIER_plus_cross_TOP/src/SC_STATEMACHINE_IMAGE_LOADER.v:98$109'.
No latch inferred for signal `$paramod\SC_STATEMACHINE_IMAGE_LOADER\ROW_BITS=s32'00000000000000000000000000011110.\o_load07' from process `$paramod\SC_STATEMACHINE_IMAGE_LOADER\ROW_BITS=s32'00000000000000000000000000011110.$proc$/home/designer/projects/CNN4IC/unic_cass_wrapper_user_project/CLASSIFIER_plus_cross_TOP/src/SC_STATEMACHINE_IMAGE_LOADER.v:98$109'.
No latch inferred for signal `$paramod\SC_STATEMACHINE_IMAGE_LOADER\ROW_BITS=s32'00000000000000000000000000011110.\o_load08' from process `$paramod\SC_STATEMACHINE_IMAGE_LOADER\ROW_BITS=s32'00000000000000000000000000011110.$proc$/home/designer/projects/CNN4IC/unic_cass_wrapper_user_project/CLASSIFIER_plus_cross_TOP/src/SC_STATEMACHINE_IMAGE_LOADER.v:98$109'.
No latch inferred for signal `$paramod\SC_STATEMACHINE_IMAGE_LOADER\ROW_BITS=s32'00000000000000000000000000011110.\o_load09' from process `$paramod\SC_STATEMACHINE_IMAGE_LOADER\ROW_BITS=s32'00000000000000000000000000011110.$proc$/home/designer/projects/CNN4IC/unic_cass_wrapper_user_project/CLASSIFIER_plus_cross_TOP/src/SC_STATEMACHINE_IMAGE_LOADER.v:98$109'.
No latch inferred for signal `$paramod\SC_STATEMACHINE_IMAGE_LOADER\ROW_BITS=s32'00000000000000000000000000011110.\STATE_Signal' from process `$paramod\SC_STATEMACHINE_IMAGE_LOADER\ROW_BITS=s32'00000000000000000000000000011110.$proc$/home/designer/projects/CNN4IC/unic_cass_wrapper_user_project/CLASSIFIER_plus_cross_TOP/src/SC_STATEMACHINE_IMAGE_LOADER.v:58$100'.
No latch inferred for signal `$paramod\SC_STATEMACHINE_WEIGHT_LOADER\ROW_BITS=s32'00000000000000000000000000001111.\o_wload00' from process `$paramod\SC_STATEMACHINE_WEIGHT_LOADER\ROW_BITS=s32'00000000000000000000000000001111.$proc$/home/designer/projects/CNN4IC/unic_cass_wrapper_user_project/CLASSIFIER_plus_cross_TOP/src/SC_STATEMACHINE_WEIGHT_LOADER.v:86$98'.
No latch inferred for signal `$paramod\SC_STATEMACHINE_WEIGHT_LOADER\ROW_BITS=s32'00000000000000000000000000001111.\o_wload01' from process `$paramod\SC_STATEMACHINE_WEIGHT_LOADER\ROW_BITS=s32'00000000000000000000000000001111.$proc$/home/designer/projects/CNN4IC/unic_cass_wrapper_user_project/CLASSIFIER_plus_cross_TOP/src/SC_STATEMACHINE_WEIGHT_LOADER.v:86$98'.
No latch inferred for signal `$paramod\SC_STATEMACHINE_WEIGHT_LOADER\ROW_BITS=s32'00000000000000000000000000001111.\o_wload02' from process `$paramod\SC_STATEMACHINE_WEIGHT_LOADER\ROW_BITS=s32'00000000000000000000000000001111.$proc$/home/designer/projects/CNN4IC/unic_cass_wrapper_user_project/CLASSIFIER_plus_cross_TOP/src/SC_STATEMACHINE_WEIGHT_LOADER.v:86$98'.
No latch inferred for signal `$paramod\SC_STATEMACHINE_WEIGHT_LOADER\ROW_BITS=s32'00000000000000000000000000001111.\o_wload03' from process `$paramod\SC_STATEMACHINE_WEIGHT_LOADER\ROW_BITS=s32'00000000000000000000000000001111.$proc$/home/designer/projects/CNN4IC/unic_cass_wrapper_user_project/CLASSIFIER_plus_cross_TOP/src/SC_STATEMACHINE_WEIGHT_LOADER.v:86$98'.
No latch inferred for signal `$paramod\SC_STATEMACHINE_WEIGHT_LOADER\ROW_BITS=s32'00000000000000000000000000001111.\o_wload04' from process `$paramod\SC_STATEMACHINE_WEIGHT_LOADER\ROW_BITS=s32'00000000000000000000000000001111.$proc$/home/designer/projects/CNN4IC/unic_cass_wrapper_user_project/CLASSIFIER_plus_cross_TOP/src/SC_STATEMACHINE_WEIGHT_LOADER.v:86$98'.
No latch inferred for signal `$paramod\SC_STATEMACHINE_WEIGHT_LOADER\ROW_BITS=s32'00000000000000000000000000001111.\STATE_Signal' from process `$paramod\SC_STATEMACHINE_WEIGHT_LOADER\ROW_BITS=s32'00000000000000000000000000001111.$proc$/home/designer/projects/CNN4IC/unic_cass_wrapper_user_project/CLASSIFIER_plus_cross_TOP/src/SC_STATEMACHINE_WEIGHT_LOADER.v:48$89'.
No latch inferred for signal `\window_mux_6x6_5x5.\c' from process `\window_mux_6x6_5x5.$proc$/home/designer/projects/CNN4IC/unic_cass_wrapper_user_project/CLASSIFIER_plus_cross_TOP/src/window_mux_6x6_5x5.v:12$416'.
No latch inferred for signal `\window_mux_6x6_5x5.\window_flat' from process `\window_mux_6x6_5x5.$proc$/home/designer/projects/CNN4IC/unic_cass_wrapper_user_project/CLASSIFIER_plus_cross_TOP/src/window_mux_6x6_5x5.v:12$416'.
No latch inferred for signal `\window_mux_6x6_5x5.\r' from process `\window_mux_6x6_5x5.$proc$/home/designer/projects/CNN4IC/unic_cass_wrapper_user_project/CLASSIFIER_plus_cross_TOP/src/window_mux_6x6_5x5.v:12$416'.
No latch inferred for signal `\window_mux_6x6_5x5.\base_idx' from process `\window_mux_6x6_5x5.$proc$/home/designer/projects/CNN4IC/unic_cass_wrapper_user_project/CLASSIFIER_plus_cross_TOP/src/window_mux_6x6_5x5.v:12$416'.
