161. Printing statistics.

=== CLASSIFIER_plus_cross_TOP ===

        +----------Local Count, excluding submodules.
        |        +-Local Area, excluding submodules.
        |        | 
    30240        - wires
    31318        - wire bits
       90        - public wires
     1126        - public wire bits
        4        - ports
       36        - port bits
    31246 5.15E+04 cells
     3100        -   $_ANDNOT_
       70        -   $_AND_
    16630        -   $_MUX_
      196        -   $_NAND_
      191        -   $_NOR_
     1797        -   $_NOT_
      649        -   $_ORNOT_
     6123        -   $_OR_
      305        -   $_XNOR_
     1133        -   $_XOR_
     1051 5.15E+04   sg13g2_dfrbpq_1
        1   18.144   sg13g2_ebufn_2

   Area for cell type $_ANDNOT_ is unknown!
   Area for cell type $_AND_ is unknown!
   Area for cell type $_MUX_ is unknown!
   Area for cell type $_NAND_ is unknown!
   Area for cell type $_NOR_ is unknown!
   Area for cell type $_NOT_ is unknown!
   Area for cell type $_ORNOT_ is unknown!
   Area for cell type $_OR_ is unknown!
   Area for cell type $_XNOR_ is unknown!
   Area for cell type $_XOR_ is unknown!

   Chip area for module '\CLASSIFIER_plus_cross_TOP': 51505.372800
     of which used for sequential elements: 51487.228800 (99.96%)

