Clock: clk_i
Sources: clk_i 
Generated: no
Virtual: yes
Propagated: no
Period: 10.000000

===========================================================================
report_clock_properties
============================================================================
Clock                   Period          Waveform
----------------------------------------------------
clk_i                10.000000    0.000000  5.000000

===========================================================================
report_clock_latency
============================================================================
Clock clk_i
rise -> rise
    min     max
0.000000 0.000000 source latency
3.027401         network latency _15333_/CLK
        4.248028 network latency _14916_/CLK
---------------
3.027401 4.248028 latency
        1.220627 skew

rise -> fall
    min     max
0.000000 0.000000 source latency
2.857024         network latency _15333_/CLK
        3.895469 network latency _14916_/CLK
---------------
2.857024 3.895469 latency
        1.038445 skew



===========================================================================
report_clock_min_period
============================================================================
clk_i period_min = 0.00 fmax = inf
