Reading timing models for corner nom_typ_1p20V_25C…
Reading timing library for the 'nom_typ_1p20V_25C' corner at '/home/designer/projects/CNN4IC/IHP-Open-PDK/ihp-sg13g2/libs.ref/sg13g2_stdcell/lib/sg13g2_stdcell_typ_1p20V_25C.lib'…
Reading timing library for the 'nom_typ_1p20V_25C' corner at '/home/designer/projects/CNN4IC/IHP-Open-PDK/ihp-sg13g2/libs.ref/sg13g2_io/lib/sg13g2_io_typ_1p2V_3p3V_25C.lib'…
Reading OpenROAD database at '/home/designer/projects/CNN4IC/unic_cass_wrapper_user_project/CLASSIFIER_plus_cross_TOP/runs/user_project_run/42-openroad-repairantennas/1-diodeinsertion/CLASSIFIER_plus_cross_TOP.odb'…
Reading design constraints file at '/nix/store/w99sjyq5j8hvscxr5zh2x597anf2hadx-python3-3.13.9-env/lib/python3.13/site-packages/librelane/scripts/base.sdc'…
[INFO] Using clock clk_i…
[INFO] Setting output delay to: 2
[INFO] Setting input delay to: 2
[INFO] Setting load to: 0.006
[INFO] Setting clock uncertainty to: 0.25
[INFO] Setting clock transition to: 0.15
[INFO] Setting timing derate to: 5%
%OL_CREATE_REPORT min.rpt

===========================================================================
report_checks -path_delay min (Hold)
============================================================================
======================= nom_typ_1p20V_25C Corner ===================================

No paths found.

%OL_END_REPORT
%OL_CREATE_REPORT max.rpt

===========================================================================
report_checks -path_delay max (Setup)
============================================================================
======================= nom_typ_1p20V_25C Corner ===================================

No paths found.

%OL_END_REPORT
%OL_CREATE_REPORT checks.rpt

===========================================================================
report_checks -unconstrained
===========================================================================
======================= nom_typ_1p20V_25C Corner ===================================

Startpoint: _15401_ (rising edge-triggered flip-flop)
Endpoint: _15414_ (rising edge-triggered flip-flop)
Path Group: unconstrained
Path Type: max

Fanout         Cap        Slew       Delay        Time   Description
---------------------------------------------------------------------------------------------
                      0.142470    0.000000    0.000000 ^ _15401_/CLK (sg13g2_dfrbpq_1)
     4    0.063419    0.261054    0.380096    0.380096 ^ _15401_/Q (sg13g2_dfrbpq_1)
                                                         cnn_inst.proc_u0.cnn_ctrl_u0.cnn_inst.frag_mux.frag_sel[1] (net)
                      0.261109    0.003203    0.383299 ^ fanout712/A (sg13g2_buf_1)
     8    0.099834    0.409801    0.391988    0.775288 ^ fanout712/X (sg13g2_buf_1)
                                                         net712 (net)
                      0.410171    0.010257    0.785545 ^ fanout711/A (sg13g2_buf_1)
     8    0.048939    0.204573    0.283035    1.068579 ^ fanout711/X (sg13g2_buf_1)
                                                         net711 (net)
                      0.204576    0.000620    1.069200 ^ _08122_/A (sg13g2_nor2b_1)
     4    0.026450    0.122489    0.172860    1.242060 v _08122_/Y (sg13g2_nor2b_1)
                                                         _01814_ (net)
                      0.122489    0.000418    1.242478 v _08135_/B (sg13g2_xnor2_1)
     4    0.059635    0.515785    0.433127    1.675605 ^ _08135_/Y (sg13g2_xnor2_1)
                                                         _01827_ (net)
                      0.515825    0.003829    1.679434 ^ fanout581/A (sg13g2_buf_1)
     8    0.109042    0.446750    0.461368    2.140802 ^ fanout581/X (sg13g2_buf_1)
                                                         net581 (net)
                      0.447537    0.015404    2.156205 ^ _08136_/B (sg13g2_nor2_1)
     2    0.027356    0.182674    0.249302    2.405507 v _08136_/Y (sg13g2_nor2_1)
                                                         _01828_ (net)
                      0.182806    0.002559    2.408067 v fanout467/A (sg13g2_buf_1)
     4    0.054147    0.173560    0.229384    2.637451 v fanout467/X (sg13g2_buf_1)
                                                         net467 (net)
                      0.173957    0.006885    2.644336 v fanout457/A (sg13g2_buf_1)
     5    0.037407    0.121858    0.193249    2.837584 v fanout457/X (sg13g2_buf_1)
                                                         net457 (net)
                      0.121990    0.002785    2.840370 v fanout455/A (sg13g2_buf_1)
     8    0.064904    0.204809    0.239317    3.079686 v fanout455/X (sg13g2_buf_1)
                                                         net455 (net)
                      0.204977    0.003996    3.083682 v fanout454/A (sg13g2_buf_1)
     8    0.064474    0.204053    0.259608    3.343290 v fanout454/X (sg13g2_buf_1)
                                                         net454 (net)
                      0.204223    0.003954    3.347244 v _08146_/C (sg13g2_nor3_1)
     3    0.060245    0.766359    0.647104    3.994348 ^ _08146_/Y (sg13g2_nor3_1)
                                                         _01838_ (net)
                      0.766364    0.001720    3.996068 ^ fanout203/A (sg13g2_buf_1)
     8    0.109611    0.450165    0.489555    4.485622 ^ fanout203/X (sg13g2_buf_1)
                                                         net203 (net)
                      0.450168    0.000989    4.486611 ^ fanout202/A (sg13g2_buf_1)
     8    0.082811    0.341555    0.377418    4.864029 ^ fanout202/X (sg13g2_buf_1)
                                                         net202 (net)
                      0.342694    0.016111    4.880140 ^ _08150_/A2 (sg13g2_o21ai_1)
     1    0.004666    0.083643    0.116501    4.996641 v _08150_/Y (sg13g2_o21ai_1)
                                                         _01842_ (net)
                      0.083643    0.000123    4.996765 v fanout148/A (sg13g2_buf_1)
     5    0.051396    0.163442    0.198362    5.195126 v fanout148/X (sg13g2_buf_1)
                                                         net148 (net)
                      0.163444    0.000833    5.195960 v fanout147/A (sg13g2_buf_1)
     6    0.048943    0.156924    0.216151    5.412110 v fanout147/X (sg13g2_buf_1)
                                                         net147 (net)
                      0.157063    0.003180    5.415290 v fanout146/A (sg13g2_buf_1)
     8    0.072844    0.229511    0.265282    5.680573 v fanout146/X (sg13g2_buf_1)
                                                         net146 (net)
                      0.229615    0.004119    5.684691 v fanout145/A (sg13g2_buf_1)
     8    0.061843    0.195770    0.256773    5.941465 v fanout145/X (sg13g2_buf_1)
                                                         net145 (net)
                      0.195779    0.001199    5.942663 v _09730_/A1 (sg13g2_o21ai_1)
     1    0.004366    0.094687    0.143590    6.086254 ^ _09730_/Y (sg13g2_o21ai_1)
                                                         _03422_ (net)
                      0.094687    0.000086    6.086339 ^ _09732_/A2 (sg13g2_a21oi_1)
     1    0.012800    0.144652    0.125502    6.211842 v _09732_/Y (sg13g2_a21oi_1)
                                                         _03424_ (net)
                      0.144658    0.001158    6.212999 v _09733_/C (sg13g2_nor3_1)
     3    0.044910    0.578582    0.488974    6.701973 ^ _09733_/Y (sg13g2_nor3_1)
                                                         _03425_ (net)
                      0.578727    0.007653    6.709627 ^ _09739_/B (sg13g2_nor2_1)
     2    0.009562    0.122580    0.153159    6.862786 v _09739_/Y (sg13g2_nor2_1)
                                                         _03431_ (net)
                      0.122580    0.000148    6.862935 v _10309_/A1 (sg13g2_o21ai_1)
     1    0.005506    0.095803    0.134472    6.997407 ^ _10309_/Y (sg13g2_o21ai_1)
                                                         _04001_ (net)
                      0.095803    0.000158    6.997565 ^ _10312_/A1 (sg13g2_a21oi_1)
     1    0.005134    0.065444    0.088141    7.085706 v _10312_/Y (sg13g2_a21oi_1)
                                                         _04004_ (net)
                      0.065444    0.000137    7.085844 v _10313_/C1 (sg13g2_a221oi_1)
     4    0.054241    0.720952    0.466041    7.551885 ^ _10313_/Y (sg13g2_a221oi_1)
                                                         _04005_ (net)
                      0.721330    0.013620    7.565505 ^ _10314_/B (sg13g2_nand2_1)
     5    0.028469    0.265002    0.373840    7.939344 v _10314_/Y (sg13g2_nand2_1)
                                                         _04006_ (net)
                      0.265002    0.000782    7.940126 v _10334_/A (sg13g2_xor2_1)
     2    0.012854    0.118725    0.186987    8.127113 v _10334_/X (sg13g2_xor2_1)
                                                         _04026_ (net)
                      0.118725    0.000362    8.127476 v _10447_/A2 (sg13g2_a21oi_1)
     2    0.019564    0.186908    0.202832    8.330307 ^ _10447_/Y (sg13g2_a21oi_1)
                                                         _04139_ (net)
                      0.186927    0.001549    8.331857 ^ _10453_/A (sg13g2_xnor2_1)
     2    0.012064    0.138007    0.174639    8.506495 ^ _10453_/Y (sg13g2_xnor2_1)
                                                         _04145_ (net)
                      0.138054    0.000338    8.506833 ^ _10480_/A (sg13g2_xor2_1)
     2    0.017262    0.170877    0.217745    8.724578 ^ _10480_/X (sg13g2_xor2_1)
                                                         _04172_ (net)
                      0.170893    0.001346    8.725924 ^ _10482_/B (sg13g2_xnor2_1)
     2    0.013007    0.150109    0.176207    8.902132 ^ _10482_/Y (sg13g2_xnor2_1)
                                                         _04174_ (net)
                      0.150160    0.000375    8.902507 ^ _10483_/B (sg13g2_xor2_1)
     2    0.012412    0.133325    0.187253    9.089760 ^ _10483_/X (sg13g2_xor2_1)
                                                         _04175_ (net)
                      0.133325    0.000491    9.090251 ^ _10496_/B (sg13g2_xnor2_1)
     2    0.010715    0.127138    0.148229    9.238480 ^ _10496_/Y (sg13g2_xnor2_1)
                                                         _04188_ (net)
                      0.127138    0.000161    9.238641 ^ _11699_/B (sg13g2_xnor2_1)
     2    0.014663    0.156098    0.171816    9.410457 ^ _11699_/Y (sg13g2_xnor2_1)
                                                         _05391_ (net)
                      0.156106    0.000909    9.411366 ^ _11701_/B (sg13g2_xor2_1)
     2    0.011033    0.117081    0.180936    9.592301 ^ _11701_/X (sg13g2_xor2_1)
                                                         _05393_ (net)
                      0.117081    0.000339    9.592641 ^ _11879_/B (sg13g2_xnor2_1)
     2    0.019823    0.195635    0.200944    9.793585 ^ _11879_/Y (sg13g2_xnor2_1)
                                                         _05571_ (net)
                      0.195669    0.002160    9.795745 ^ _11881_/B (sg13g2_xor2_1)
     2    0.011825    0.127729    0.194857    9.990602 ^ _11881_/X (sg13g2_xor2_1)
                                                         _05573_ (net)
                      0.127729    0.000415    9.991017 ^ _11882_/B (sg13g2_xnor2_1)
     2    0.028716    0.267975    0.258539   10.249557 ^ _11882_/Y (sg13g2_xnor2_1)
                                                         _05574_ (net)
                      0.268135    0.005324   10.254880 ^ _12003_/A (sg13g2_xor2_1)
     2    0.014458    0.163493    0.234808   10.489688 ^ _12003_/X (sg13g2_xor2_1)
                                                         _05695_ (net)
                      0.163494    0.000755   10.490442 ^ _12047_/B (sg13g2_xnor2_1)
     2    0.011723    0.139302    0.164814   10.655256 ^ _12047_/Y (sg13g2_xnor2_1)
                                                         _05739_ (net)
                      0.139302    0.000393   10.655649 ^ _12121_/B (sg13g2_xnor2_1)
     2    0.012509    0.151462    0.161981   10.817630 ^ _12121_/Y (sg13g2_xnor2_1)
                                                         _05813_ (net)
                      0.151462    0.000543   10.818172 ^ _12129_/B (sg13g2_xnor2_1)
     2    0.011698    0.137228    0.160746   10.978918 ^ _12129_/Y (sg13g2_xnor2_1)
                                                         _05821_ (net)
                      0.137228    0.000241   10.979159 ^ _12174_/B (sg13g2_xor2_1)
     2    0.013311    0.151515    0.188860   11.168019 ^ _12174_/X (sg13g2_xor2_1)
                                                         _05866_ (net)
                      0.151516    0.000668   11.168687 ^ _12176_/B (sg13g2_xnor2_1)
     2    0.010828    0.130791    0.154815   11.323502 ^ _12176_/Y (sg13g2_xnor2_1)
                                                         _05868_ (net)
                      0.130791    0.000272   11.323773 ^ _12205_/B (sg13g2_xor2_1)
     2    0.013953    0.146634    0.190782   11.514555 ^ _12205_/X (sg13g2_xor2_1)
                                                         _05897_ (net)
                      0.146690    0.000787   11.515342 ^ _12221_/B (sg13g2_xor2_1)
     2    0.010280    0.095267    0.129838   11.645181 v _12221_/X (sg13g2_xor2_1)
                                                         _05913_ (net)
                      0.095267    0.000142   11.645323 v _12222_/A2 (sg13g2_a21oi_1)
     2    0.012158    0.126066    0.150425   11.795747 ^ _12222_/Y (sg13g2_a21oi_1)
                                                         _05914_ (net)
                      0.126066    0.000285   11.796032 ^ _12224_/A1 (sg13g2_o21ai_1)
     2    0.011412    0.091760    0.129757   11.925789 v _12224_/Y (sg13g2_o21ai_1)
                                                         _05916_ (net)
                      0.091760    0.000258   11.926047 v _12226_/A1 (sg13g2_a21oi_1)
     2    0.013633    0.138063    0.148735   12.074782 ^ _12226_/Y (sg13g2_a21oi_1)
                                                         _05918_ (net)
                      0.138110    0.000372   12.075154 ^ _12228_/A1 (sg13g2_o21ai_1)
     2    0.012168    0.097429    0.136961   12.212115 v _12228_/Y (sg13g2_o21ai_1)
                                                         _05920_ (net)
                      0.097429    0.000369   12.212483 v _12231_/A1 (sg13g2_a21oi_1)
     2    0.014858    0.146776    0.158241   12.370726 ^ _12231_/Y (sg13g2_a21oi_1)
                                                         _05923_ (net)
                      0.146780    0.000608   12.371333 ^ _12233_/A1 (sg13g2_o21ai_1)
     3    0.021017    0.148825    0.183019   12.554352 v _12233_/Y (sg13g2_o21ai_1)
                                                         _05925_ (net)
                      0.148836    0.001346   12.555697 v _12249_/A1 (sg13g2_a221oi_1)
     8    0.043883    0.593380    0.533046   13.088743 ^ _12249_/Y (sg13g2_a221oi_1)
                                                         _05941_ (net)
                      0.593394    0.002389   13.091132 ^ _12254_/B (sg13g2_nand2_1)
     1    0.006543    0.114168    0.162935   13.254066 v _12254_/Y (sg13g2_nand2_1)
                                                         _05946_ (net)
                      0.114168    0.000274   13.254341 v _12288_/A2 (sg13g2_a221oi_1)
     1    0.004419    0.125008    0.184301   13.438642 ^ _12288_/Y (sg13g2_a221oi_1)
                                                         _05980_ (net)
                      0.125008    0.000086   13.438727 ^ _12292_/A2 (sg13g2_a22oi_1)
     1    0.023810    0.160812    0.193419   13.632147 v _12292_/Y (sg13g2_a22oi_1)
                                                         _05984_ (net)
                      0.160873    0.002546   13.634693 v _12293_/A2 (sg13g2_o21ai_1)
     2    0.030340    0.326287    0.327463   13.962155 ^ _12293_/Y (sg13g2_o21ai_1)
                                                         _05985_ (net)
                      0.326291    0.000887   13.963042 ^ fanout10/A (sg13g2_buf_1)
     8    0.064472    0.266952    0.314636   14.277679 ^ fanout10/X (sg13g2_buf_1)
                                                         net10 (net)
                      0.267063    0.002480   14.280159 ^ fanout9/A (sg13g2_buf_1)
     8    0.060514    0.251149    0.290880   14.571039 ^ fanout9/X (sg13g2_buf_1)
                                                         net9 (net)
                      0.251271    0.004571   14.575609 ^ _12300_/S (sg13g2_mux2_1)
     1    0.005645    0.044113    0.222047   14.797657 v _12300_/X (sg13g2_mux2_1)
                                                         _01303_ (net)
                      0.044113    0.000224   14.797881 v _15414_/D (sg13g2_dfrbpq_1)
                                             14.797881   data arrival time
---------------------------------------------------------------------------------------------
(Path is unconstrained)




===========================================================================
report_checks --slack_max -0.01
============================================================================
======================= nom_typ_1p20V_25C Corner ===================================

No paths found.


===========================================================================
 report_check_types -max_slew -max_cap -max_fanout -violators
============================================================================
======================= nom_typ_1p20V_25C Corner ===================================



===========================================================================
report_parasitic_annotation -report_unannotated
============================================================================
Found 14 unannotated drivers.
 clk_i
 rst_ni
 ui_PAD2CORE[10]
 ui_PAD2CORE[11]
 ui_PAD2CORE[12]
 ui_PAD2CORE[13]
 ui_PAD2CORE[14]
 ui_PAD2CORE[15]
 ui_PAD2CORE[16]
 ui_PAD2CORE[5]
 ui_PAD2CORE[6]
 ui_PAD2CORE[7]
 ui_PAD2CORE[8]
 ui_PAD2CORE[9]
Found 0 partially unannotated drivers.

===========================================================================
max slew violation count 0
Writing metric design__max_slew_violation__count__corner:nom_typ_1p20V_25C: 0
max fanout violation count 0
Writing metric design__max_fanout_violation__count__corner:nom_typ_1p20V_25C: 0
max cap violation count 0
Writing metric design__max_cap_violation__count__corner:nom_typ_1p20V_25C: 0
============================================================================

===========================================================================
check_setup -verbose -unconstrained_endpoints -multiple_clock -no_clock -no_input_delay -loops -generated_clocks
===========================================================================
Warning: There are 1051 unclocked register/latch pins.
  _14429_/CLK
  _14430_/CLK
  _14431_/CLK
  _14432_/CLK
  _14433_/CLK
  _14434_/CLK
  _14435_/CLK
  _14436_/CLK
  _14437_/CLK
  _14438_/CLK
  _14439_/CLK
  _14440_/CLK
  _14441_/CLK
  _14442_/CLK
  _14443_/CLK
  _14444_/CLK
  _14445_/CLK
  _14446_/CLK
  _14447_/CLK
  _14448_/CLK
  _14449_/CLK
  _14450_/CLK
  _14451_/CLK
  _14452_/CLK
  _14453_/CLK
  _14454_/CLK
  _14455_/CLK
  _14456_/CLK
  _14457_/CLK
  _14458_/CLK
  _14459_/CLK
  _14460_/CLK
  _14461_/CLK
  _14462_/CLK
  _14463_/CLK
  _14464_/CLK
  _14465_/CLK
  _14466_/CLK
  _14467_/CLK
  _14468_/CLK
  _14469_/CLK
  _14470_/CLK
  _14471_/CLK
  _14472_/CLK
  _14473_/CLK
  _14474_/CLK
  _14475_/CLK
  _14476_/CLK
  _14477_/CLK
  _14478_/CLK
  _14479_/CLK
  _14480_/CLK
  _14481_/CLK
  _14482_/CLK
  _14483_/CLK
  _14484_/CLK
  _14485_/CLK
  _14486_/CLK
  _14487_/CLK
  _14488_/CLK
  _14489_/CLK
  _14490_/CLK
  _14491_/CLK
  _14492_/CLK
  _14493_/CLK
  _14494_/CLK
  _14495_/CLK
  _14496_/CLK
  _14497_/CLK
  _14498_/CLK
  _14499_/CLK
  _14500_/CLK
  _14501_/CLK
  _14502_/CLK
  _14503_/CLK
  _14504_/CLK
  _14505_/CLK
  _14506_/CLK
  _14507_/CLK
  _14508_/CLK
  _14509_/CLK
  _14510_/CLK
  _14511_/CLK
  _14512_/CLK
  _14513_/CLK
  _14514_/CLK
  _14515_/CLK
  _14516_/CLK
  _14517_/CLK
  _14518_/CLK
  _14519_/CLK
  _14520_/CLK
  _14521_/CLK
  _14522_/CLK
  _14523_/CLK
  _14524_/CLK
  _14525_/CLK
  _14526_/CLK
  _14527_/CLK
  _14528_/CLK
  _14529_/CLK
  _14530_/CLK
  _14531_/CLK
  _14532_/CLK
  _14533_/CLK
  _14534_/CLK
  _14535_/CLK
  _14536_/CLK
  _14537_/CLK
  _14538_/CLK
  _14539_/CLK
  _14540_/CLK
  _14541_/CLK
  _14542_/CLK
  _14543_/CLK
  _14544_/CLK
  _14545_/CLK
  _14546_/CLK
  _14547_/CLK
  _14548_/CLK
  _14549_/CLK
  _14550_/CLK
  _14551_/CLK
  _14552_/CLK
  _14553_/CLK
  _14554_/CLK
  _14555_/CLK
  _14556_/CLK
  _14557_/CLK
  _14558_/CLK
  _14559_/CLK
  _14560_/CLK
  _14561_/CLK
  _14562_/CLK
  _14563_/CLK
  _14564_/CLK
  _14565_/CLK
  _14566_/CLK
  _14567_/CLK
  _14568_/CLK
  _14569_/CLK
  _14570_/CLK
  _14571_/CLK
  _14572_/CLK
  _14573_/CLK
  _14574_/CLK
  _14575_/CLK
  _14576_/CLK
  _14577_/CLK
  _14578_/CLK
  _14579_/CLK
  _14580_/CLK
  _14581_/CLK
  _14582_/CLK
  _14583_/CLK
  _14584_/CLK
  _14585_/CLK
  _14586_/CLK
  _14587_/CLK
  _14588_/CLK
  _14589_/CLK
  _14590_/CLK
  _14591_/CLK
  _14592_/CLK
  _14593_/CLK
  _14594_/CLK
  _14595_/CLK
  _14596_/CLK
  _14597_/CLK
  _14598_/CLK
  _14599_/CLK
  _14600_/CLK
  _14601_/CLK
  _14602_/CLK
  _14603_/CLK
  _14604_/CLK
  _14605_/CLK
  _14606_/CLK
  _14607_/CLK
  _14608_/CLK
  _14609_/CLK
  _14610_/CLK
  _14611_/CLK
  _14612_/CLK
  _14613_/CLK
  _14614_/CLK
  _14615_/CLK
  _14616_/CLK
  _14617_/CLK
  _14618_/CLK
  _14619_/CLK
  _14620_/CLK
  _14621_/CLK
  _14622_/CLK
  _14623_/CLK
  _14624_/CLK
  _14625_/CLK
  _14626_/CLK
  _14627_/CLK
  _14628_/CLK
  _14629_/CLK
  _14630_/CLK
  _14631_/CLK
  _14632_/CLK
  _14633_/CLK
  _14634_/CLK
  _14635_/CLK
  _14636_/CLK
  _14637_/CLK
  _14638_/CLK
  _14639_/CLK
  _14640_/CLK
  _14641_/CLK
  _14642_/CLK
  _14643_/CLK
  _14644_/CLK
  _14645_/CLK
  _14646_/CLK
  _14647_/CLK
  _14648_/CLK
  _14649_/CLK
  _14650_/CLK
  _14651_/CLK
  _14652_/CLK
  _14653_/CLK
  _14654_/CLK
  _14655_/CLK
  _14656_/CLK
  _14657_/CLK
  _14658_/CLK
  _14659_/CLK
  _14660_/CLK
  _14661_/CLK
  _14662_/CLK
  _14663_/CLK
  _14664_/CLK
  _14665_/CLK
  _14666_/CLK
  _14667_/CLK
  _14668_/CLK
  _14669_/CLK
  _14670_/CLK
  _14671_/CLK
  _14672_/CLK
  _14673_/CLK
  _14674_/CLK
  _14675_/CLK
  _14676_/CLK
  _14677_/CLK
  _14678_/CLK
  _14679_/CLK
  _14680_/CLK
  _14681_/CLK
  _14682_/CLK
  _14683_/CLK
  _14684_/CLK
  _14685_/CLK
  _14686_/CLK
  _14687_/CLK
  _14688_/CLK
  _14689_/CLK
  _14690_/CLK
  _14691_/CLK
  _14692_/CLK
  _14693_/CLK
  _14694_/CLK
  _14695_/CLK
  _14696_/CLK
  _14697_/CLK
  _14698_/CLK
  _14699_/CLK
  _14700_/CLK
  _14701_/CLK
  _14702_/CLK
  _14703_/CLK
  _14704_/CLK
  _14705_/CLK
  _14706_/CLK
  _14707_/CLK
  _14708_/CLK
  _14709_/CLK
  _14710_/CLK
  _14711_/CLK
  _14712_/CLK
  _14713_/CLK
  _14714_/CLK
  _14715_/CLK
  _14716_/CLK
  _14717_/CLK
  _14718_/CLK
  _14719_/CLK
  _14720_/CLK
  _14721_/CLK
  _14722_/CLK
  _14723_/CLK
  _14724_/CLK
  _14725_/CLK
  _14726_/CLK
  _14727_/CLK
  _14728_/CLK
  _14729_/CLK
  _14730_/CLK
  _14731_/CLK
  _14732_/CLK
  _14733_/CLK
  _14734_/CLK
  _14735_/CLK
  _14736_/CLK
  _14737_/CLK
  _14738_/CLK
  _14739_/CLK
  _14740_/CLK
  _14741_/CLK
  _14742_/CLK
  _14743_/CLK
  _14744_/CLK
  _14745_/CLK
  _14746_/CLK
  _14747_/CLK
  _14748_/CLK
  _14749_/CLK
  _14750_/CLK
  _14751_/CLK
  _14752_/CLK
  _14753_/CLK
  _14754_/CLK
  _14755_/CLK
  _14756_/CLK
  _14757_/CLK
  _14758_/CLK
  _14759_/CLK
  _14760_/CLK
  _14761_/CLK
  _14762_/CLK
  _14763_/CLK
  _14764_/CLK
  _14765_/CLK
  _14766_/CLK
  _14767_/CLK
  _14768_/CLK
  _14769_/CLK
  _14770_/CLK
  _14771_/CLK
  _14772_/CLK
  _14773_/CLK
  _14774_/CLK
  _14775_/CLK
  _14776_/CLK
  _14777_/CLK
  _14778_/CLK
  _14779_/CLK
  _14780_/CLK
  _14781_/CLK
  _14782_/CLK
  _14783_/CLK
  _14784_/CLK
  _14785_/CLK
  _14786_/CLK
  _14787_/CLK
  _14788_/CLK
  _14789_/CLK
  _14790_/CLK
  _14791_/CLK
  _14792_/CLK
  _14793_/CLK
  _14794_/CLK
  _14795_/CLK
  _14796_/CLK
  _14797_/CLK
  _14798_/CLK
  _14799_/CLK
  _14800_/CLK
  _14801_/CLK
  _14802_/CLK
  _14803_/CLK
  _14804_/CLK
  _14805_/CLK
  _14806_/CLK
  _14807_/CLK
  _14808_/CLK
  _14809_/CLK
  _14810_/CLK
  _14811_/CLK
  _14812_/CLK
  _14813_/CLK
  _14814_/CLK
  _14815_/CLK
  _14816_/CLK
  _14817_/CLK
  _14818_/CLK
  _14819_/CLK
  _14820_/CLK
  _14821_/CLK
  _14822_/CLK
  _14823_/CLK
  _14824_/CLK
  _14825_/CLK
  _14826_/CLK
  _14827_/CLK
  _14828_/CLK
  _14829_/CLK
  _14830_/CLK
  _14831_/CLK
  _14832_/CLK
  _14833_/CLK
  _14834_/CLK
  _14835_/CLK
  _14836_/CLK
  _14837_/CLK
  _14838_/CLK
  _14839_/CLK
  _14840_/CLK
  _14841_/CLK
  _14842_/CLK
  _14843_/CLK
  _14844_/CLK
  _14845_/CLK
  _14846_/CLK
  _14847_/CLK
  _14848_/CLK
  _14849_/CLK
  _14850_/CLK
  _14851_/CLK
  _14852_/CLK
  _14853_/CLK
  _14854_/CLK
  _14855_/CLK
  _14856_/CLK
  _14857_/CLK
  _14858_/CLK
  _14859_/CLK
  _14860_/CLK
  _14861_/CLK
  _14862_/CLK
  _14863_/CLK
  _14864_/CLK
  _14865_/CLK
  _14866_/CLK
  _14867_/CLK
  _14868_/CLK
  _14869_/CLK
  _14870_/CLK
  _14871_/CLK
  _14872_/CLK
  _14873_/CLK
  _14874_/CLK
  _14875_/CLK
  _14876_/CLK
  _14877_/CLK
  _14878_/CLK
  _14879_/CLK
  _14880_/CLK
  _14881_/CLK
  _14882_/CLK
  _14883_/CLK
  _14884_/CLK
  _14885_/CLK
  _14886_/CLK
  _14887_/CLK
  _14888_/CLK
  _14889_/CLK
  _14890_/CLK
  _14891_/CLK
  _14892_/CLK
  _14893_/CLK
  _14894_/CLK
  _14895_/CLK
  _14896_/CLK
  _14897_/CLK
  _14898_/CLK
  _14899_/CLK
  _14900_/CLK
  _14901_/CLK
  _14902_/CLK
  _14903_/CLK
  _14904_/CLK
  _14905_/CLK
  _14906_/CLK
  _14907_/CLK
  _14908_/CLK
  _14909_/CLK
  _14910_/CLK
  _14911_/CLK
  _14912_/CLK
  _14913_/CLK
  _14914_/CLK
  _14915_/CLK
  _14916_/CLK
  _14917_/CLK
  _14918_/CLK
  _14919_/CLK
  _14920_/CLK
  _14921_/CLK
  _14922_/CLK
  _14923_/CLK
  _14924_/CLK
  _14925_/CLK
  _14926_/CLK
  _14927_/CLK
  _14928_/CLK
  _14929_/CLK
  _14930_/CLK
  _14931_/CLK
  _14932_/CLK
  _14933_/CLK
  _14934_/CLK
  _14935_/CLK
  _14936_/CLK
  _14937_/CLK
  _14938_/CLK
  _14939_/CLK
  _14940_/CLK
  _14941_/CLK
  _14942_/CLK
  _14943_/CLK
  _14944_/CLK
  _14945_/CLK
  _14946_/CLK
  _14947_/CLK
  _14948_/CLK
  _14949_/CLK
  _14950_/CLK
  _14951_/CLK
  _14952_/CLK
  _14953_/CLK
  _14954_/CLK
  _14955_/CLK
  _14956_/CLK
  _14957_/CLK
  _14958_/CLK
  _14959_/CLK
  _14960_/CLK
  _14961_/CLK
  _14962_/CLK
  _14963_/CLK
  _14964_/CLK
  _14965_/CLK
  _14966_/CLK
  _14967_/CLK
  _14968_/CLK
  _14969_/CLK
  _14970_/CLK
  _14971_/CLK
  _14972_/CLK
  _14973_/CLK
  _14974_/CLK
  _14975_/CLK
  _14976_/CLK
  _14977_/CLK
  _14978_/CLK
  _14979_/CLK
  _14980_/CLK
  _14981_/CLK
  _14982_/CLK
  _14983_/CLK
  _14984_/CLK
  _14985_/CLK
  _14986_/CLK
  _14987_/CLK
  _14988_/CLK
  _14989_/CLK
  _14990_/CLK
  _14991_/CLK
  _14992_/CLK
  _14993_/CLK
  _14994_/CLK
  _14995_/CLK
  _14996_/CLK
  _14997_/CLK
  _14998_/CLK
  _14999_/CLK
  _15000_/CLK
  _15001_/CLK
  _15002_/CLK
  _15003_/CLK
  _15004_/CLK
  _15005_/CLK
  _15006_/CLK
  _15007_/CLK
  _15008_/CLK
  _15009_/CLK
  _15010_/CLK
  _15011_/CLK
  _15012_/CLK
  _15013_/CLK
  _15014_/CLK
  _15015_/CLK
  _15016_/CLK
  _15017_/CLK
  _15018_/CLK
  _15019_/CLK
  _15020_/CLK
  _15021_/CLK
  _15022_/CLK
  _15023_/CLK
  _15024_/CLK
  _15025_/CLK
  _15026_/CLK
  _15027_/CLK
  _15028_/CLK
  _15029_/CLK
  _15030_/CLK
  _15031_/CLK
  _15032_/CLK
  _15033_/CLK
  _15034_/CLK
  _15035_/CLK
  _15036_/CLK
  _15037_/CLK
  _15038_/CLK
  _15039_/CLK
  _15040_/CLK
  _15041_/CLK
  _15042_/CLK
  _15043_/CLK
  _15044_/CLK
  _15045_/CLK
  _15046_/CLK
  _15047_/CLK
  _15048_/CLK
  _15049_/CLK
  _15050_/CLK
  _15051_/CLK
  _15052_/CLK
  _15053_/CLK
  _15054_/CLK
  _15055_/CLK
  _15056_/CLK
  _15057_/CLK
  _15058_/CLK
  _15059_/CLK
  _15060_/CLK
  _15061_/CLK
  _15062_/CLK
  _15063_/CLK
  _15064_/CLK
  _15065_/CLK
  _15066_/CLK
  _15067_/CLK
  _15068_/CLK
  _15069_/CLK
  _15070_/CLK
  _15071_/CLK
  _15072_/CLK
  _15073_/CLK
  _15074_/CLK
  _15075_/CLK
  _15076_/CLK
  _15077_/CLK
  _15078_/CLK
  _15079_/CLK
  _15080_/CLK
  _15081_/CLK
  _15082_/CLK
  _15083_/CLK
  _15084_/CLK
  _15085_/CLK
  _15086_/CLK
  _15087_/CLK
  _15088_/CLK
  _15089_/CLK
  _15090_/CLK
  _15091_/CLK
  _15092_/CLK
  _15093_/CLK
  _15094_/CLK
  _15095_/CLK
  _15096_/CLK
  _15097_/CLK
  _15098_/CLK
  _15099_/CLK
  _15100_/CLK
  _15101_/CLK
  _15102_/CLK
  _15103_/CLK
  _15104_/CLK
  _15105_/CLK
  _15106_/CLK
  _15107_/CLK
  _15108_/CLK
  _15109_/CLK
  _15110_/CLK
  _15111_/CLK
  _15112_/CLK
  _15113_/CLK
  _15114_/CLK
  _15115_/CLK
  _15116_/CLK
  _15117_/CLK
  _15118_/CLK
  _15119_/CLK
  _15120_/CLK
  _15121_/CLK
  _15122_/CLK
  _15123_/CLK
  _15124_/CLK
  _15125_/CLK
  _15126_/CLK
  _15127_/CLK
  _15128_/CLK
  _15129_/CLK
  _15130_/CLK
  _15131_/CLK
  _15132_/CLK
  _15133_/CLK
  _15134_/CLK
  _15135_/CLK
  _15136_/CLK
  _15137_/CLK
  _15138_/CLK
  _15139_/CLK
  _15140_/CLK
  _15141_/CLK
  _15142_/CLK
  _15143_/CLK
  _15144_/CLK
  _15145_/CLK
  _15146_/CLK
  _15147_/CLK
  _15148_/CLK
  _15149_/CLK
  _15150_/CLK
  _15151_/CLK
  _15152_/CLK
  _15153_/CLK
  _15154_/CLK
  _15155_/CLK
  _15156_/CLK
  _15157_/CLK
  _15158_/CLK
  _15159_/CLK
  _15160_/CLK
  _15161_/CLK
  _15162_/CLK
  _15163_/CLK
  _15164_/CLK
  _15165_/CLK
  _15166_/CLK
  _15167_/CLK
  _15168_/CLK
  _15169_/CLK
  _15170_/CLK
  _15171_/CLK
  _15172_/CLK
  _15173_/CLK
  _15174_/CLK
  _15175_/CLK
  _15176_/CLK
  _15177_/CLK
  _15178_/CLK
  _15179_/CLK
  _15180_/CLK
  _15181_/CLK
  _15182_/CLK
  _15183_/CLK
  _15184_/CLK
  _15185_/CLK
  _15186_/CLK
  _15187_/CLK
  _15188_/CLK
  _15189_/CLK
  _15190_/CLK
  _15191_/CLK
  _15192_/CLK
  _15193_/CLK
  _15194_/CLK
  _15195_/CLK
  _15196_/CLK
  _15197_/CLK
  _15198_/CLK
  _15199_/CLK
  _15200_/CLK
  _15201_/CLK
  _15202_/CLK
  _15203_/CLK
  _15204_/CLK
  _15205_/CLK
  _15206_/CLK
  _15207_/CLK
  _15208_/CLK
  _15209_/CLK
  _15210_/CLK
  _15211_/CLK
  _15212_/CLK
  _15213_/CLK
  _15214_/CLK
  _15215_/CLK
  _15216_/CLK
  _15217_/CLK
  _15218_/CLK
  _15219_/CLK
  _15220_/CLK
  _15221_/CLK
  _15222_/CLK
  _15223_/CLK
  _15224_/CLK
  _15225_/CLK
  _15226_/CLK
  _15227_/CLK
  _15228_/CLK
  _15229_/CLK
  _15230_/CLK
  _15231_/CLK
  _15232_/CLK
  _15233_/CLK
  _15234_/CLK
  _15235_/CLK
  _15236_/CLK
  _15237_/CLK
  _15238_/CLK
  _15239_/CLK
  _15240_/CLK
  _15241_/CLK
  _15242_/CLK
  _15243_/CLK
  _15244_/CLK
  _15245_/CLK
  _15246_/CLK
  _15247_/CLK
  _15248_/CLK
  _15249_/CLK
  _15250_/CLK
  _15251_/CLK
  _15252_/CLK
  _15253_/CLK
  _15254_/CLK
  _15255_/CLK
  _15256_/CLK
  _15257_/CLK
  _15258_/CLK
  _15259_/CLK
  _15260_/CLK
  _15261_/CLK
  _15262_/CLK
  _15263_/CLK
  _15264_/CLK
  _15265_/CLK
  _15266_/CLK
  _15267_/CLK
  _15268_/CLK
  _15269_/CLK
  _15270_/CLK
  _15271_/CLK
  _15272_/CLK
  _15273_/CLK
  _15274_/CLK
  _15275_/CLK
  _15276_/CLK
  _15277_/CLK
  _15278_/CLK
  _15279_/CLK
  _15280_/CLK
  _15281_/CLK
  _15282_/CLK
  _15283_/CLK
  _15284_/CLK
  _15285_/CLK
  _15286_/CLK
  _15287_/CLK
  _15288_/CLK
  _15289_/CLK
  _15290_/CLK
  _15291_/CLK
  _15292_/CLK
  _15293_/CLK
  _15294_/CLK
  _15295_/CLK
  _15296_/CLK
  _15297_/CLK
  _15298_/CLK
  _15299_/CLK
  _15300_/CLK
  _15301_/CLK
  _15302_/CLK
  _15303_/CLK
  _15304_/CLK
  _15305_/CLK
  _15306_/CLK
  _15307_/CLK
  _15308_/CLK
  _15309_/CLK
  _15310_/CLK
  _15311_/CLK
  _15312_/CLK
  _15313_/CLK
  _15314_/CLK
  _15315_/CLK
  _15316_/CLK
  _15317_/CLK
  _15318_/CLK
  _15319_/CLK
  _15320_/CLK
  _15321_/CLK
  _15322_/CLK
  _15323_/CLK
  _15324_/CLK
  _15325_/CLK
  _15326_/CLK
  _15327_/CLK
  _15328_/CLK
  _15329_/CLK
  _15330_/CLK
  _15331_/CLK
  _15332_/CLK
  _15333_/CLK
  _15334_/CLK
  _15335_/CLK
  _15336_/CLK
  _15337_/CLK
  _15338_/CLK
  _15339_/CLK
  _15340_/CLK
  _15341_/CLK
  _15342_/CLK
  _15343_/CLK
  _15344_/CLK
  _15345_/CLK
  _15346_/CLK
  _15347_/CLK
  _15348_/CLK
  _15349_/CLK
  _15350_/CLK
  _15351_/CLK
  _15352_/CLK
  _15353_/CLK
  _15354_/CLK
  _15355_/CLK
  _15356_/CLK
  _15357_/CLK
  _15358_/CLK
  _15359_/CLK
  _15360_/CLK
  _15361_/CLK
  _15362_/CLK
  _15363_/CLK
  _15364_/CLK
  _15365_/CLK
  _15366_/CLK
  _15367_/CLK
  _15368_/CLK
  _15369_/CLK
  _15370_/CLK
  _15371_/CLK
  _15372_/CLK
  _15373_/CLK
  _15374_/CLK
  _15375_/CLK
  _15376_/CLK
  _15377_/CLK
  _15378_/CLK
  _15379_/CLK
  _15380_/CLK
  _15381_/CLK
  _15382_/CLK
  _15383_/CLK
  _15384_/CLK
  _15385_/CLK
  _15386_/CLK
  _15387_/CLK
  _15388_/CLK
  _15389_/CLK
  _15390_/CLK
  _15391_/CLK
  _15392_/CLK
  _15393_/CLK
  _15394_/CLK
  _15395_/CLK
  _15396_/CLK
  _15397_/CLK
  _15398_/CLK
  _15399_/CLK
  _15400_/CLK
  _15401_/CLK
  _15402_/CLK
  _15403_/CLK
  _15404_/CLK
  _15405_/CLK
  _15406_/CLK
  _15407_/CLK
  _15408_/CLK
  _15409_/CLK
  _15410_/CLK
  _15411_/CLK
  _15412_/CLK
  _15413_/CLK
  _15414_/CLK
  _15415_/CLK
  _15416_/CLK
  _15417_/CLK
  _15418_/CLK
  _15419_/CLK
  _15420_/CLK
  _15421_/CLK
  _15422_/CLK
  _15423_/CLK
  _15424_/CLK
  _15425_/CLK
  _15426_/CLK
  _15427_/CLK
  _15428_/CLK
  _15429_/CLK
  _15430_/CLK
  _15431_/CLK
  _15432_/CLK
  _15433_/CLK
  _15434_/CLK
  _15435_/CLK
  _15436_/CLK
  _15437_/CLK
  _15438_/CLK
  _15439_/CLK
  _15440_/CLK
  _15441_/CLK
  _15442_/CLK
  _15443_/CLK
  _15444_/CLK
  _15445_/CLK
  _15446_/CLK
  _15447_/CLK
  _15448_/CLK
  _15449_/CLK
  _15450_/CLK
  _15451_/CLK
  _15452_/CLK
  _15453_/CLK
  _15454_/CLK
  _15455_/CLK
  _15456_/CLK
  _15457_/CLK
  _15458_/CLK
  _15459_/CLK
  _15460_/CLK
  _15461_/CLK
  _15462_/CLK
  _15463_/CLK
  _15464_/CLK
  _15465_/CLK
  _15466_/CLK
  _15467_/CLK
  _15468_/CLK
  _15469_/CLK
  _15470_/CLK
  _15471_/CLK
  _15472_/CLK
  _15473_/CLK
  _15474_/CLK
  _15475_/CLK
  _15476_/CLK
  _15477_/CLK
  _15478_/CLK
  _15479_/CLK
Warning: There are 1054 unconstrained endpoints.
  uo_CORE2PAD[0]
  uo_CORE2PAD[1]
  uo_CORE2PAD[2]
  _14429_/D
  _14430_/D
  _14431_/D
  _14432_/D
  _14433_/D
  _14434_/D
  _14435_/D
  _14436_/D
  _14437_/D
  _14438_/D
  _14439_/D
  _14440_/D
  _14441_/D
  _14442_/D
  _14443_/D
  _14444_/D
  _14445_/D
  _14446_/D
  _14447_/D
  _14448_/D
  _14449_/D
  _14450_/D
  _14451_/D
  _14452_/D
  _14453_/D
  _14454_/D
  _14455_/D
  _14456_/D
  _14457_/D
  _14458_/D
  _14459_/D
  _14460_/D
  _14461_/D
  _14462_/D
  _14463_/D
  _14464_/D
  _14465_/D
  _14466_/D
  _14467_/D
  _14468_/D
  _14469_/D
  _14470_/D
  _14471_/D
  _14472_/D
  _14473_/D
  _14474_/D
  _14475_/D
  _14476_/D
  _14477_/D
  _14478_/D
  _14479_/D
  _14480_/D
  _14481_/D
  _14482_/D
  _14483_/D
  _14484_/D
  _14485_/D
  _14486_/D
  _14487_/D
  _14488_/D
  _14489_/D
  _14490_/D
  _14491_/D
  _14492_/D
  _14493_/D
  _14494_/D
  _14495_/D
  _14496_/D
  _14497_/D
  _14498_/D
  _14499_/D
  _14500_/D
  _14501_/D
  _14502_/D
  _14503_/D
  _14504_/D
  _14505_/D
  _14506_/D
  _14507_/D
  _14508_/D
  _14509_/D
  _14510_/D
  _14511_/D
  _14512_/D
  _14513_/D
  _14514_/D
  _14515_/D
  _14516_/D
  _14517_/D
  _14518_/D
  _14519_/D
  _14520_/D
  _14521_/D
  _14522_/D
  _14523_/D
  _14524_/D
  _14525_/D
  _14526_/D
  _14527_/D
  _14528_/D
  _14529_/D
  _14530_/D
  _14531_/D
  _14532_/D
  _14533_/D
  _14534_/D
  _14535_/D
  _14536_/D
  _14537_/D
  _14538_/D
  _14539_/D
  _14540_/D
  _14541_/D
  _14542_/D
  _14543_/D
  _14544_/D
  _14545_/D
  _14546_/D
  _14547_/D
  _14548_/D
  _14549_/D
  _14550_/D
  _14551_/D
  _14552_/D
  _14553_/D
  _14554_/D
  _14555_/D
  _14556_/D
  _14557_/D
  _14558_/D
  _14559_/D
  _14560_/D
  _14561_/D
  _14562_/D
  _14563_/D
  _14564_/D
  _14565_/D
  _14566_/D
  _14567_/D
  _14568_/D
  _14569_/D
  _14570_/D
  _14571_/D
  _14572_/D
  _14573_/D
  _14574_/D
  _14575_/D
  _14576_/D
  _14577_/D
  _14578_/D
  _14579_/D
  _14580_/D
  _14581_/D
  _14582_/D
  _14583_/D
  _14584_/D
  _14585_/D
  _14586_/D
  _14587_/D
  _14588_/D
  _14589_/D
  _14590_/D
  _14591_/D
  _14592_/D
  _14593_/D
  _14594_/D
  _14595_/D
  _14596_/D
  _14597_/D
  _14598_/D
  _14599_/D
  _14600_/D
  _14601_/D
  _14602_/D
  _14603_/D
  _14604_/D
  _14605_/D
  _14606_/D
  _14607_/D
  _14608_/D
  _14609_/D
  _14610_/D
  _14611_/D
  _14612_/D
  _14613_/D
  _14614_/D
  _14615_/D
  _14616_/D
  _14617_/D
  _14618_/D
  _14619_/D
  _14620_/D
  _14621_/D
  _14622_/D
  _14623_/D
  _14624_/D
  _14625_/D
  _14626_/D
  _14627_/D
  _14628_/D
  _14629_/D
  _14630_/D
  _14631_/D
  _14632_/D
  _14633_/D
  _14634_/D
  _14635_/D
  _14636_/D
  _14637_/D
  _14638_/D
  _14639_/D
  _14640_/D
  _14641_/D
  _14642_/D
  _14643_/D
  _14644_/D
  _14645_/D
  _14646_/D
  _14647_/D
  _14648_/D
  _14649_/D
  _14650_/D
  _14651_/D
  _14652_/D
  _14653_/D
  _14654_/D
  _14655_/D
  _14656_/D
  _14657_/D
  _14658_/D
  _14659_/D
  _14660_/D
  _14661_/D
  _14662_/D
  _14663_/D
  _14664_/D
  _14665_/D
  _14666_/D
  _14667_/D
  _14668_/D
  _14669_/D
  _14670_/D
  _14671_/D
  _14672_/D
  _14673_/D
  _14674_/D
  _14675_/D
  _14676_/D
  _14677_/D
  _14678_/D
  _14679_/D
  _14680_/D
  _14681_/D
  _14682_/D
  _14683_/D
  _14684_/D
  _14685_/D
  _14686_/D
  _14687_/D
  _14688_/D
  _14689_/D
  _14690_/D
  _14691_/D
  _14692_/D
  _14693_/D
  _14694_/D
  _14695_/D
  _14696_/D
  _14697_/D
  _14698_/D
  _14699_/D
  _14700_/D
  _14701_/D
  _14702_/D
  _14703_/D
  _14704_/D
  _14705_/D
  _14706_/D
  _14707_/D
  _14708_/D
  _14709_/D
  _14710_/D
  _14711_/D
  _14712_/D
  _14713_/D
  _14714_/D
  _14715_/D
  _14716_/D
  _14717_/D
  _14718_/D
  _14719_/D
  _14720_/D
  _14721_/D
  _14722_/D
  _14723_/D
  _14724_/D
  _14725_/D
  _14726_/D
  _14727_/D
  _14728_/D
  _14729_/D
  _14730_/D
  _14731_/D
  _14732_/D
  _14733_/D
  _14734_/D
  _14735_/D
  _14736_/D
  _14737_/D
  _14738_/D
  _14739_/D
  _14740_/D
  _14741_/D
  _14742_/D
  _14743_/D
  _14744_/D
  _14745_/D
  _14746_/D
  _14747_/D
  _14748_/D
  _14749_/D
  _14750_/D
  _14751_/D
  _14752_/D
  _14753_/D
  _14754_/D
  _14755_/D
  _14756_/D
  _14757_/D
  _14758_/D
  _14759_/D
  _14760_/D
  _14761_/D
  _14762_/D
  _14763_/D
  _14764_/D
  _14765_/D
  _14766_/D
  _14767_/D
  _14768_/D
  _14769_/D
  _14770_/D
  _14771_/D
  _14772_/D
  _14773_/D
  _14774_/D
  _14775_/D
  _14776_/D
  _14777_/D
  _14778_/D
  _14779_/D
  _14780_/D
  _14781_/D
  _14782_/D
  _14783_/D
  _14784_/D
  _14785_/D
  _14786_/D
  _14787_/D
  _14788_/D
  _14789_/D
  _14790_/D
  _14791_/D
  _14792_/D
  _14793_/D
  _14794_/D
  _14795_/D
  _14796_/D
  _14797_/D
  _14798_/D
  _14799_/D
  _14800_/D
  _14801_/D
  _14802_/D
  _14803_/D
  _14804_/D
  _14805_/D
  _14806_/D
  _14807_/D
  _14808_/D
  _14809_/D
  _14810_/D
  _14811_/D
  _14812_/D
  _14813_/D
  _14814_/D
  _14815_/D
  _14816_/D
  _14817_/D
  _14818_/D
  _14819_/D
  _14820_/D
  _14821_/D
  _14822_/D
  _14823_/D
  _14824_/D
  _14825_/D
  _14826_/D
  _14827_/D
  _14828_/D
  _14829_/D
  _14830_/D
  _14831_/D
  _14832_/D
  _14833_/D
  _14834_/D
  _14835_/D
  _14836_/D
  _14837_/D
  _14838_/D
  _14839_/D
  _14840_/D
  _14841_/D
  _14842_/D
  _14843_/D
  _14844_/D
  _14845_/D
  _14846_/D
  _14847_/D
  _14848_/D
  _14849_/D
  _14850_/D
  _14851_/D
  _14852_/D
  _14853_/D
  _14854_/D
  _14855_/D
  _14856_/D
  _14857_/D
  _14858_/D
  _14859_/D
  _14860_/D
  _14861_/D
  _14862_/D
  _14863_/D
  _14864_/D
  _14865_/D
  _14866_/D
  _14867_/D
  _14868_/D
  _14869_/D
  _14870_/D
  _14871_/D
  _14872_/D
  _14873_/D
  _14874_/D
  _14875_/D
  _14876_/D
  _14877_/D
  _14878_/D
  _14879_/D
  _14880_/D
  _14881_/D
  _14882_/D
  _14883_/D
  _14884_/D
  _14885_/D
  _14886_/D
  _14887_/D
  _14888_/D
  _14889_/D
  _14890_/D
  _14891_/D
  _14892_/D
  _14893_/D
  _14894_/D
  _14895_/D
  _14896_/D
  _14897_/D
  _14898_/D
  _14899_/D
  _14900_/D
  _14901_/D
  _14902_/D
  _14903_/D
  _14904_/D
  _14905_/D
  _14906_/D
  _14907_/D
  _14908_/D
  _14909_/D
  _14910_/D
  _14911_/D
  _14912_/D
  _14913_/D
  _14914_/D
  _14915_/D
  _14916_/D
  _14917_/D
  _14918_/D
  _14919_/D
  _14920_/D
  _14921_/D
  _14922_/D
  _14923_/D
  _14924_/D
  _14925_/D
  _14926_/D
  _14927_/D
  _14928_/D
  _14929_/D
  _14930_/D
  _14931_/D
  _14932_/D
  _14933_/D
  _14934_/D
  _14935_/D
  _14936_/D
  _14937_/D
  _14938_/D
  _14939_/D
  _14940_/D
  _14941_/D
  _14942_/D
  _14943_/D
  _14944_/D
  _14945_/D
  _14946_/D
  _14947_/D
  _14948_/D
  _14949_/D
  _14950_/D
  _14951_/D
  _14952_/D
  _14953_/D
  _14954_/D
  _14955_/D
  _14956_/D
  _14957_/D
  _14958_/D
  _14959_/D
  _14960_/D
  _14961_/D
  _14962_/D
  _14963_/D
  _14964_/D
  _14965_/D
  _14966_/D
  _14967_/D
  _14968_/D
  _14969_/D
  _14970_/D
  _14971_/D
  _14972_/D
  _14973_/D
  _14974_/D
  _14975_/D
  _14976_/D
  _14977_/D
  _14978_/D
  _14979_/D
  _14980_/D
  _14981_/D
  _14982_/D
  _14983_/D
  _14984_/D
  _14985_/D
  _14986_/D
  _14987_/D
  _14988_/D
  _14989_/D
  _14990_/D
  _14991_/D
  _14992_/D
  _14993_/D
  _14994_/D
  _14995_/D
  _14996_/D
  _14997_/D
  _14998_/D
  _14999_/D
  _15000_/D
  _15001_/D
  _15002_/D
  _15003_/D
  _15004_/D
  _15005_/D
  _15006_/D
  _15007_/D
  _15008_/D
  _15009_/D
  _15010_/D
  _15011_/D
  _15012_/D
  _15013_/D
  _15014_/D
  _15015_/D
  _15016_/D
  _15017_/D
  _15018_/D
  _15019_/D
  _15020_/D
  _15021_/D
  _15022_/D
  _15023_/D
  _15024_/D
  _15025_/D
  _15026_/D
  _15027_/D
  _15028_/D
  _15029_/D
  _15030_/D
  _15031_/D
  _15032_/D
  _15033_/D
  _15034_/D
  _15035_/D
  _15036_/D
  _15037_/D
  _15038_/D
  _15039_/D
  _15040_/D
  _15041_/D
  _15042_/D
  _15043_/D
  _15044_/D
  _15045_/D
  _15046_/D
  _15047_/D
  _15048_/D
  _15049_/D
  _15050_/D
  _15051_/D
  _15052_/D
  _15053_/D
  _15054_/D
  _15055_/D
  _15056_/D
  _15057_/D
  _15058_/D
  _15059_/D
  _15060_/D
  _15061_/D
  _15062_/D
  _15063_/D
  _15064_/D
  _15065_/D
  _15066_/D
  _15067_/D
  _15068_/D
  _15069_/D
  _15070_/D
  _15071_/D
  _15072_/D
  _15073_/D
  _15074_/D
  _15075_/D
  _15076_/D
  _15077_/D
  _15078_/D
  _15079_/D
  _15080_/D
  _15081_/D
  _15082_/D
  _15083_/D
  _15084_/D
  _15085_/D
  _15086_/D
  _15087_/D
  _15088_/D
  _15089_/D
  _15090_/D
  _15091_/D
  _15092_/D
  _15093_/D
  _15094_/D
  _15095_/D
  _15096_/D
  _15097_/D
  _15098_/D
  _15099_/D
  _15100_/D
  _15101_/D
  _15102_/D
  _15103_/D
  _15104_/D
  _15105_/D
  _15106_/D
  _15107_/D
  _15108_/D
  _15109_/D
  _15110_/D
  _15111_/D
  _15112_/D
  _15113_/D
  _15114_/D
  _15115_/D
  _15116_/D
  _15117_/D
  _15118_/D
  _15119_/D
  _15120_/D
  _15121_/D
  _15122_/D
  _15123_/D
  _15124_/D
  _15125_/D
  _15126_/D
  _15127_/D
  _15128_/D
  _15129_/D
  _15130_/D
  _15131_/D
  _15132_/D
  _15133_/D
  _15134_/D
  _15135_/D
  _15136_/D
  _15137_/D
  _15138_/D
  _15139_/D
  _15140_/D
  _15141_/D
  _15142_/D
  _15143_/D
  _15144_/D
  _15145_/D
  _15146_/D
  _15147_/D
  _15148_/D
  _15149_/D
  _15150_/D
  _15151_/D
  _15152_/D
  _15153_/D
  _15154_/D
  _15155_/D
  _15156_/D
  _15157_/D
  _15158_/D
  _15159_/D
  _15160_/D
  _15161_/D
  _15162_/D
  _15163_/D
  _15164_/D
  _15165_/D
  _15166_/D
  _15167_/D
  _15168_/D
  _15169_/D
  _15170_/D
  _15171_/D
  _15172_/D
  _15173_/D
  _15174_/D
  _15175_/D
  _15176_/D
  _15177_/D
  _15178_/D
  _15179_/D
  _15180_/D
  _15181_/D
  _15182_/D
  _15183_/D
  _15184_/D
  _15185_/D
  _15186_/D
  _15187_/D
  _15188_/D
  _15189_/D
  _15190_/D
  _15191_/D
  _15192_/D
  _15193_/D
  _15194_/D
  _15195_/D
  _15196_/D
  _15197_/D
  _15198_/D
  _15199_/D
  _15200_/D
  _15201_/D
  _15202_/D
  _15203_/D
  _15204_/D
  _15205_/D
  _15206_/D
  _15207_/D
  _15208_/D
  _15209_/D
  _15210_/D
  _15211_/D
  _15212_/D
  _15213_/D
  _15214_/D
  _15215_/D
  _15216_/D
  _15217_/D
  _15218_/D
  _15219_/D
  _15220_/D
  _15221_/D
  _15222_/D
  _15223_/D
  _15224_/D
  _15225_/D
  _15226_/D
  _15227_/D
  _15228_/D
  _15229_/D
  _15230_/D
  _15231_/D
  _15232_/D
  _15233_/D
  _15234_/D
  _15235_/D
  _15236_/D
  _15237_/D
  _15238_/D
  _15239_/D
  _15240_/D
  _15241_/D
  _15242_/D
  _15243_/D
  _15244_/D
  _15245_/D
  _15246_/D
  _15247_/D
  _15248_/D
  _15249_/D
  _15250_/D
  _15251_/D
  _15252_/D
  _15253_/D
  _15254_/D
  _15255_/D
  _15256_/D
  _15257_/D
  _15258_/D
  _15259_/D
  _15260_/D
  _15261_/D
  _15262_/D
  _15263_/D
  _15264_/D
  _15265_/D
  _15266_/D
  _15267_/D
  _15268_/D
  _15269_/D
  _15270_/D
  _15271_/D
  _15272_/D
  _15273_/D
  _15274_/D
  _15275_/D
  _15276_/D
  _15277_/D
  _15278_/D
  _15279_/D
  _15280_/D
  _15281_/D
  _15282_/D
  _15283_/D
  _15284_/D
  _15285_/D
  _15286_/D
  _15287_/D
  _15288_/D
  _15289_/D
  _15290_/D
  _15291_/D
  _15292_/D
  _15293_/D
  _15294_/D
  _15295_/D
  _15296_/D
  _15297_/D
  _15298_/D
  _15299_/D
  _15300_/D
  _15301_/D
  _15302_/D
  _15303_/D
  _15304_/D
  _15305_/D
  _15306_/D
  _15307_/D
  _15308_/D
  _15309_/D
  _15310_/D
  _15311_/D
  _15312_/D
  _15313_/D
  _15314_/D
  _15315_/D
  _15316_/D
  _15317_/D
  _15318_/D
  _15319_/D
  _15320_/D
  _15321_/D
  _15322_/D
  _15323_/D
  _15324_/D
  _15325_/D
  _15326_/D
  _15327_/D
  _15328_/D
  _15329_/D
  _15330_/D
  _15331_/D
  _15332_/D
  _15333_/D
  _15334_/D
  _15335_/D
  _15336_/D
  _15337_/D
  _15338_/D
  _15339_/D
  _15340_/D
  _15341_/D
  _15342_/D
  _15343_/D
  _15344_/D
  _15345_/D
  _15346_/D
  _15347_/D
  _15348_/D
  _15349_/D
  _15350_/D
  _15351_/D
  _15352_/D
  _15353_/D
  _15354_/D
  _15355_/D
  _15356_/D
  _15357_/D
  _15358_/D
  _15359_/D
  _15360_/D
  _15361_/D
  _15362_/D
  _15363_/D
  _15364_/D
  _15365_/D
  _15366_/D
  _15367_/D
  _15368_/D
  _15369_/D
  _15370_/D
  _15371_/D
  _15372_/D
  _15373_/D
  _15374_/D
  _15375_/D
  _15376_/D
  _15377_/D
  _15378_/D
  _15379_/D
  _15380_/D
  _15381_/D
  _15382_/D
  _15383_/D
  _15384_/D
  _15385_/D
  _15386_/D
  _15387_/D
  _15388_/D
  _15389_/D
  _15390_/D
  _15391_/D
  _15392_/D
  _15393_/D
  _15394_/D
  _15395_/D
  _15396_/D
  _15397_/D
  _15398_/D
  _15399_/D
  _15400_/D
  _15401_/D
  _15402_/D
  _15403_/D
  _15404_/D
  _15405_/D
  _15406_/D
  _15407_/D
  _15408_/D
  _15409_/D
  _15410_/D
  _15411_/D
  _15412_/D
  _15413_/D
  _15414_/D
  _15415_/D
  _15416_/D
  _15417_/D
  _15418_/D
  _15419_/D
  _15420_/D
  _15421_/D
  _15422_/D
  _15423_/D
  _15424_/D
  _15425_/D
  _15426_/D
  _15427_/D
  _15428_/D
  _15429_/D
  _15430_/D
  _15431_/D
  _15432_/D
  _15433_/D
  _15434_/D
  _15435_/D
  _15436_/D
  _15437_/D
  _15438_/D
  _15439_/D
  _15440_/D
  _15441_/D
  _15442_/D
  _15443_/D
  _15444_/D
  _15445_/D
  _15446_/D
  _15447_/D
  _15448_/D
  _15449_/D
  _15450_/D
  _15451_/D
  _15452_/D
  _15453_/D
  _15454_/D
  _15455_/D
  _15456_/D
  _15457_/D
  _15458_/D
  _15459_/D
  _15460_/D
  _15461_/D
  _15462_/D
  _15463_/D
  _15464_/D
  _15465_/D
  _15466_/D
  _15467_/D
  _15468_/D
  _15469_/D
  _15470_/D
  _15471_/D
  _15472_/D
  _15473_/D
  _15474_/D
  _15475_/D
  _15476_/D
  _15477_/D
  _15478_/D
  _15479_/D
%OL_END_REPORT
%OL_CREATE_REPORT power.rpt

===========================================================================
 report_power
============================================================================
======================= nom_typ_1p20V_25C Corner ===================================

Group                    Internal    Switching      Leakage        Total
                            Power        Power        Power        Power (Watts)
------------------------------------------------------------------------
Sequential           4.627525e-04 2.186587e-04 4.775493e-07 6.818888e-04  21.6%
Combinational        9.091390e-04 1.563388e-03 1.074372e-06 2.473602e-03  78.4%
Clock                -2.177404e-12 0.000000e+00 4.320010e-12 2.142606e-12   0.0%
Macro                0.000000e+00 0.000000e+00 0.000000e+00 0.000000e+00   0.0%
Pad                  0.000000e+00 0.000000e+00 0.000000e+00 0.000000e+00   0.0%
------------------------------------------------------------------------
Total                1.371888e-03 1.782045e-03 1.551902e-06 3.155485e-03 100.0%
                            43.5%        56.5%         0.0%
Writing metric power__internal__total: 0.0013718877453356981
Writing metric power__switching__total: 0.0017820453504100442
Writing metric power__leakage__total: 1.55190161876817e-6
Writing metric power__total: 0.003155485028401017

%OL_END_REPORT
%OL_CREATE_REPORT skew.min.rpt

===========================================================================
Clock Skew (Hold)
============================================================================
Writing metric clock__skew__worst_hold__corner:nom_typ_1p20V_25C: 0.0
======================= nom_typ_1p20V_25C Corner ===================================

Clock clk_i
No launch/capture paths found.

%OL_END_REPORT
%OL_CREATE_REPORT skew.max.rpt

===========================================================================
Clock Skew (Setup)
============================================================================
Writing metric clock__skew__worst_setup__corner:nom_typ_1p20V_25C: 0.0
======================= nom_typ_1p20V_25C Corner ===================================

Clock clk_i
No launch/capture paths found.

%OL_END_REPORT
%OL_CREATE_REPORT ws.min.rpt

===========================================================================
Worst Slack (Hold)
============================================================================
Writing metric timing__hold__ws__corner:nom_typ_1p20V_25C: 1.0000000433293989e+39
nom_typ_1p20V_25C: 1.0000000433293989e+39
%OL_END_REPORT
%OL_CREATE_REPORT ws.max.rpt

===========================================================================
Worst Slack (Setup)
============================================================================
Writing metric timing__setup__ws__corner:nom_typ_1p20V_25C: 1.0000000433293989e+39
nom_typ_1p20V_25C: 1.0000000433293989e+39
%OL_END_REPORT
%OL_CREATE_REPORT tns.min.rpt

===========================================================================
Total Negative Slack (Hold)
============================================================================
Writing metric timing__hold__tns__corner:nom_typ_1p20V_25C: 0.0
nom_typ_1p20V_25C: 0.0
%OL_END_REPORT
%OL_CREATE_REPORT tns.max.rpt

===========================================================================
Total Negative Slack (Setup)
============================================================================
Writing metric timing__setup__tns__corner:nom_typ_1p20V_25C: 0.0
nom_typ_1p20V_25C: 0.0
%OL_END_REPORT
%OL_CREATE_REPORT wns.min.rpt

===========================================================================
Worst Negative Slack (Hold)
============================================================================
Writing metric timing__hold__wns__corner:nom_typ_1p20V_25C: 0
nom_typ_1p20V_25C: 0
%OL_END_REPORT
%OL_CREATE_REPORT wns.max.rpt

===========================================================================
Worst Negative Slack (Setup)
============================================================================
Writing metric timing__setup__wns__corner:nom_typ_1p20V_25C: 0.0
nom_typ_1p20V_25C: 0.0
%OL_END_REPORT
%OL_CREATE_REPORT violator_list.rpt

===========================================================================
Violator List
============================================================================
Writing metric timing__hold_vio__count__corner:nom_typ_1p20V_25C: 0
Writing metric timing__hold_r2r__ws__corner:nom_typ_1p20V_25C: 1e30
Writing metric timing__hold_r2r_vio__count__corner:nom_typ_1p20V_25C: 0
Writing metric timing__setup_vio__count__corner:nom_typ_1p20V_25C: 0
Writing metric timing__setup_r2r__ws__corner:nom_typ_1p20V_25C: 1e30
Writing metric timing__setup_r2r_vio__count__corner:nom_typ_1p20V_25C: 0
%OL_END_REPORT
%OL_CREATE_REPORT unpropagated.rpt
%OL_END_REPORT
%OL_CREATE_REPORT clock.rpt
Clock: clk_i
Sources: clk_i 
Generated: no
Virtual: yes
Propagated: no
Period: 10.000000

===========================================================================
report_clock_properties
============================================================================
Clock                   Period          Waveform
----------------------------------------------------
clk_i                10.000000    0.000000  5.000000

===========================================================================
report_clock_latency
============================================================================
Clock clk_i
rise -> rise
    min     max
0.000000 0.000000 source latency
3.027401         network latency _15333_/CLK
        4.248028 network latency _14916_/CLK
---------------
3.027401 4.248028 latency
        1.220627 skew

rise -> fall
    min     max
0.000000 0.000000 source latency
2.857024         network latency _15333_/CLK
        3.895469 network latency _14916_/CLK
---------------
2.857024 3.895469 latency
        1.038445 skew



===========================================================================
report_clock_min_period
============================================================================
clk_i period_min = 0.00 fmax = inf
%OL_END_REPORT
