Clock: clk_i
Sources: clk_i 
Generated: no
Virtual: yes
Propagated: no
Period: 10.000000

===========================================================================
report_clock_properties
============================================================================
Clock                   Period          Waveform
----------------------------------------------------
clk_i                10.000000    0.000000  5.000000

===========================================================================
report_clock_latency
============================================================================
Clock clk_i
rise -> rise
    min     max
0.000000 0.000000 source latency
2.886797         network latency _15371_/CLK
        4.009432 network latency _14916_/CLK
---------------
2.886797 4.009432 latency
        1.122636 skew

rise -> fall
    min     max
0.000000 0.000000 source latency
2.748874         network latency _15333_/CLK
        3.703936 network latency _14916_/CLK
---------------
2.748874 3.703936 latency
        0.955062 skew



===========================================================================
report_clock_min_period
============================================================================
clk_i period_min = 0.00 fmax = inf
