Reading timing models for corner nom_typ_1p20V_25C…
Reading timing library for the 'nom_typ_1p20V_25C' corner at '/opt/pdks/ciel/ihp-sg13g2/versions/c4b8b4e5e7a05f375cca3815d51b3a37721fbf5c/ihp-sg13g2/libs.ref/sg13g2_stdcell/lib/sg13g2_stdcell_typ_1p20V_25C.lib'…
Reading timing library for the 'nom_typ_1p20V_25C' corner at '/opt/pdks/ciel/ihp-sg13g2/versions/c4b8b4e5e7a05f375cca3815d51b3a37721fbf5c/ihp-sg13g2/libs.ref/sg13g2_io/lib/sg13g2_io_typ_1p2V_3p3V_25C.lib'…
Reading OpenROAD database at '/home/designer/shared/CNN4IC/cnnver3_tests/librelane/CNNver3/runs/RUN_2026-03-06_05-17-31/42-openroad-repairantennas/1-diodeinsertion/CNNver2.odb'…
Reading design constraints file at '/nix/store/8h87vsa3wlidvqi062p0312chxkh8ihd-python3.13-librelane-3.0.0.dev47/lib/python3.13/site-packages/librelane/scripts/base.sdc'…
[WARNING STA-0366] port 'clk' not found.
[INFO] Using clock clk…
[INFO] Setting output delay to: 2
[INFO] Setting input delay to: 2
[WARNING STA-0366] port 'clk' not found.
[INFO] Setting load to: 0.006
[INFO] Setting clock uncertainty to: 0.25
[INFO] Setting clock transition to: 0.15
[WARNING STA-0419] transition time can not be specified for virtual clocks.
[INFO] Setting timing derate to: 5%
[WARNING STA-0450] virtual clock clk can not be propagated.
[INFO] Setting signal min routing layer to: Metal2 and clock min routing layer to Metal2. 
[INFO] Setting signal max routing layer to: TopMetal2 and clock max routing layer to TopMetal2. 
+ global_route -congestion_iterations 50 -verbose
[INFO GRT-0020] Min routing layer: Metal2
[INFO GRT-0021] Max routing layer: TopMetal2
[INFO GRT-0022] Global adjustment: 30%
[INFO GRT-0023] Grid origin: (0, 0)
[INFO GRT-0088] Layer Metal1  Track-Pitch = 0.4200  line-2-Via Pitch: 0.3650
[INFO GRT-0088] Layer Metal2  Track-Pitch = 0.4800  line-2-Via Pitch: 0.4150
[INFO GRT-0088] Layer Metal3  Track-Pitch = 0.4200  line-2-Via Pitch: 0.4150
[INFO GRT-0088] Layer Metal4  Track-Pitch = 0.4800  line-2-Via Pitch: 0.4150
[INFO GRT-0088] Layer Metal5  Track-Pitch = 0.4200  line-2-Via Pitch: 0.6200
[INFO GRT-0088] Layer TopMetal1 Track-Pitch = 2.2800  line-2-Via Pitch: 3.4100
[INFO GRT-0088] Layer TopMetal2 Track-Pitch = 4.0000  line-2-Via Pitch: 3.9500
[INFO GRT-0003] Macros: 0
[INFO GRT-0004] Blockages: 0
[INFO GRT-0019] Found 0 clock nets.
[INFO GRT-0001] Minimum degree: 2
[INFO GRT-0002] Maximum degree: 9

[INFO GRT-0053] Routing resources analysis:
          Routing      Original      Derated      Resource
Layer     Direction    Resources     Resources    Reduction (%)
---------------------------------------------------------------
Metal1     Horizontal          0             0          0.00%
Metal2     Vertical        74303         49381          33.54%
Metal3     Horizontal      87941         57539          34.57%
Metal4     Vertical        74303         49381          33.54%
Metal5     Horizontal      86982         56831          34.66%
TopMetal1    Vertical        15235          9456          37.93%
TopMetal2    Horizontal       7840          4760          39.29%
---------------------------------------------------------------

[INFO GRT-0101] Running extra iterations to remove overflow.
[INFO GRT-0102] Start extra iteration 1/50
[INFO GRT-0102] Start extra iteration 2/50
[INFO GRT-0197] Via related to pin nodes: 51058
[INFO GRT-0198] Via related Steiner nodes: 1118
[INFO GRT-0199] Via filling finished.
[INFO GRT-0111] Final number of vias: 63961
[INFO GRT-0112] Final usage 3D: 245539

[INFO GRT-0096] Final congestion report:
Layer         Resource        Demand        Usage (%)    Max H / Max V / Total Overflow
---------------------------------------------------------------------------------------
Metal1               0             0            0.00%             0 /  0 /  0
Metal2           49381         23919           48.44%             0 /  0 /  0
Metal3           57539         21910           38.08%             0 /  0 /  0
Metal4           49381          5420           10.98%             0 /  0 /  0
Metal5           56831          2394            4.21%             0 /  0 /  0
TopMetal1           9456            13            0.14%             0 /  0 /  0
TopMetal2           4760             0            0.00%             0 /  0 /  0
---------------------------------------------------------------------------------------
Total           227348         53656           23.60%             0 /  0 /  0

[INFO GRT-0018] Total wirelength: 549943 um
[INFO GRT-0014] Routed nets: 9724
[INFO ORD-0030] Using 16 thread(s).
+ detailed_route -droute_end_iter 64 -or_seed 42 -verbose 1 -output_drc /home/designer/shared/CNN4IC/cnnver3_tests/librelane/CNNver3/runs/RUN_2026-03-06_05-17-31/44-openroad-detailedrouting/drt-run-0/CNNver2.drc
[INFO DRT-0149] Reading tech and libs.
[WARNING DRT-0349] LEF58_ENCLOSURE with no CUTCLASS is not supported. Skipping for layer Cont
[WARNING DRT-0349] LEF58_ENCLOSURE with no CUTCLASS is not supported. Skipping for layer Via1
[WARNING DRT-0349] LEF58_ENCLOSURE with no CUTCLASS is not supported. Skipping for layer Via1
[WARNING DRT-0349] LEF58_ENCLOSURE with no CUTCLASS is not supported. Skipping for layer Via2
[WARNING DRT-0349] LEF58_ENCLOSURE with no CUTCLASS is not supported. Skipping for layer Via3
[WARNING DRT-0349] LEF58_ENCLOSURE with no CUTCLASS is not supported. Skipping for layer Via4
[WARNING DRT-0349] LEF58_ENCLOSURE with no CUTCLASS is not supported. Skipping for layer TopVia1
[WARNING DRT-0349] LEF58_ENCLOSURE with no CUTCLASS is not supported. Skipping for layer TopVia1
[WARNING DRT-0349] LEF58_ENCLOSURE with no CUTCLASS is not supported. Skipping for layer TopVia2
[WARNING DRT-0349] LEF58_ENCLOSURE with no CUTCLASS is not supported. Skipping for layer TopVia2

Units:                1000
Number of layers:     15
Number of macros:     106
Number of vias:       76
Number of viarulegen: 6

[INFO DRT-0150] Reading design.

Design:                   CNNver2
Die area:                 ( 0 0 ) ( 515085 533805 )
Number of track patterns: 14
Number of DEF vias:       0
Number of components:     9719
Number of terminals:      10
Number of snets:          2
Number of nets:           9724

[INFO DRT-0167] List of default vias:
  Layer Via2
    default via: Via2_YX
  Layer Via3
    default via: Via3_XY
  Layer Via4
    default via: Via4_YX
  Layer TopVia1
    default via: TopVia1EWNS
  Layer TopVia2
    default via: TopVia2EWNS
[INFO DRT-0162] Library cell analysis.
[INFO DRT-0163] Instance analysis.
[INFO DRT-0164] Number of unique instances = 110.
[INFO DRT-0168] Init region query.
[INFO DRT-0024]   Complete GatPoly.
[INFO DRT-0024]   Complete Cont.
[INFO DRT-0024]   Complete Metal1.
[INFO DRT-0024]   Complete Via1.
[INFO DRT-0024]   Complete Metal2.
[INFO DRT-0024]   Complete Via2.
[INFO DRT-0024]   Complete Metal3.
[INFO DRT-0024]   Complete Via3.
[INFO DRT-0024]   Complete Metal4.
[INFO DRT-0024]   Complete Via4.
[INFO DRT-0024]   Complete Metal5.
[INFO DRT-0024]   Complete TopVia1.
[INFO DRT-0024]   Complete TopMetal1.
[INFO DRT-0024]   Complete TopVia2.
[INFO DRT-0024]   Complete TopMetal2.
[INFO DRT-0033] GatPoly shape region query size = 0.
[INFO DRT-0033] Cont shape region query size = 0.
[INFO DRT-0033] Metal1 shape region query size = 233927.
[INFO DRT-0033] Via1 shape region query size = 4690.
[INFO DRT-0033] Metal2 shape region query size = 1876.
[INFO DRT-0033] Via2 shape region query size = 4690.
[INFO DRT-0033] Metal3 shape region query size = 1884.
[INFO DRT-0033] Via3 shape region query size = 4690.
[INFO DRT-0033] Metal4 shape region query size = 1876.
[INFO DRT-0033] Via4 shape region query size = 4690.
[INFO DRT-0033] Metal5 shape region query size = 2814.
[INFO DRT-0033] TopVia1 shape region query size = 1876.
[INFO DRT-0033] TopMetal1 shape region query size = 1064.
[INFO DRT-0033] TopVia2 shape region query size = 98.
[INFO DRT-0033] TopMetal2 shape region query size = 126.
[INFO DRT-0165] Start pin access.
[INFO DRT-0078]   Complete 637 pins.
[INFO DRT-0079]   Complete 100 unique inst patterns.
[INFO DRT-0081]   Complete 110 unique inst patterns.
[INFO DRT-0084]   Complete 5178 groups.
#scanned instances     = 9719
#unique  instances     = 110
#stdCellGenAp          = 5227
#stdCellValidPlanarAp  = 0
#stdCellValidViaAp     = 3974
#stdCellPinNoAp        = 0
#stdCellPinCnt         = 31165
#instTermValidViaApCnt = 0
#macroGenAp            = 0
#macroValidPlanarAp    = 0
#macroValidViaAp       = 0
#macroNoAp             = 0
[INFO DRT-0166] Complete pin access.
[INFO DRT-0267] cpu time = 00:02:08, elapsed time = 00:00:09, memory = 279.88 (MB), peak = 279.88 (MB)

[INFO DRT-0157] Number of guides:     70691

[INFO DRT-0169] Post process guides.
[INFO DRT-0176] GCELLGRID X 0 DO 71 STEP 7200 ;
[INFO DRT-0177] GCELLGRID Y 0 DO 74 STEP 7200 ;
[INFO DRT-0028]   Complete GatPoly.
[INFO DRT-0028]   Complete Cont.
[INFO DRT-0028]   Complete Metal1.
[INFO DRT-0028]   Complete Via1.
[INFO DRT-0028]   Complete Metal2.
[INFO DRT-0028]   Complete Via2.
[INFO DRT-0028]   Complete Metal3.
[INFO DRT-0028]   Complete Via3.
[INFO DRT-0028]   Complete Metal4.
[INFO DRT-0028]   Complete Via4.
[INFO DRT-0028]   Complete Metal5.
[INFO DRT-0028]   Complete TopVia1.
[INFO DRT-0028]   Complete TopMetal1.
[INFO DRT-0028]   Complete TopVia2.
[INFO DRT-0028]   Complete TopMetal2.
[INFO DRT-0178] Init guide query.
[INFO DRT-0035]   Complete GatPoly (guide).
[INFO DRT-0035]   Complete Cont (guide).
[INFO DRT-0035]   Complete Metal1 (guide).
[INFO DRT-0035]   Complete Via1 (guide).
[INFO DRT-0035]   Complete Metal2 (guide).
[INFO DRT-0035]   Complete Via2 (guide).
[INFO DRT-0035]   Complete Metal3 (guide).
[INFO DRT-0035]   Complete Via3 (guide).
[INFO DRT-0035]   Complete Metal4 (guide).
[INFO DRT-0035]   Complete Via4 (guide).
[INFO DRT-0035]   Complete Metal5 (guide).
[INFO DRT-0035]   Complete TopVia1 (guide).
[INFO DRT-0035]   Complete TopMetal1 (guide).
[INFO DRT-0035]   Complete TopVia2 (guide).
[INFO DRT-0035]   Complete TopMetal2 (guide).
[INFO DRT-0036] GatPoly guide region query size = 0.
[INFO DRT-0036] Cont guide region query size = 0.
[INFO DRT-0036] Metal1 guide region query size = 25442.
[INFO DRT-0036] Via1 guide region query size = 0.
[INFO DRT-0036] Metal2 guide region query size = 21030.
[INFO DRT-0036] Via2 guide region query size = 0.
[INFO DRT-0036] Metal3 guide region query size = 10475.
[INFO DRT-0036] Via3 guide region query size = 0.
[INFO DRT-0036] Metal4 guide region query size = 917.
[INFO DRT-0036] Via4 guide region query size = 0.
[INFO DRT-0036] Metal5 guide region query size = 222.
[INFO DRT-0036] TopVia1 guide region query size = 0.
[INFO DRT-0036] TopMetal1 guide region query size = 1.
[INFO DRT-0036] TopVia2 guide region query size = 0.
[INFO DRT-0036] TopMetal2 guide region query size = 0.
[INFO DRT-0179] Init gr pin query.
[INFO DRT-0267] cpu time = 00:00:01, elapsed time = 00:00:00, memory = 298.62 (MB), peak = 298.62 (MB)
[INFO DRT-0245] skipped writing guide updates to database.
[INFO DRT-0185] Post process initialize RPin region query.
[INFO DRT-0181] Start track assignment.
[INFO DRT-0184] Done with 21948 vertical wires in 2 frboxes and 36139 horizontal wires in 2 frboxes.
[INFO DRT-0186] Done with 7339 vertical wires in 2 frboxes and 4099 horizontal wires in 2 frboxes.
[INFO DRT-0182] Complete track assignment.
[INFO DRT-0267] cpu time = 00:00:09, elapsed time = 00:00:02, memory = 417.79 (MB), peak = 417.79 (MB)
[INFO DRT-0187] Start routing data preparation.
[INFO DRT-0267] cpu time = 00:00:00, elapsed time = 00:00:00, memory = 417.79 (MB), peak = 417.79 (MB)
[INFO DRT-0194] Start detail routing.
[INFO DRT-0195] Start 0th optimization iteration.
    Completing 10% with 0 violations.
    elapsed time = 00:00:01, memory = 1126.61 (MB).
    Completing 20% with 0 violations.
    elapsed time = 00:00:06, memory = 1330.71 (MB).
    Completing 30% with 593 violations.
    elapsed time = 00:00:29, memory = 942.53 (MB).
    Completing 40% with 593 violations.
    elapsed time = 00:00:33, memory = 1657.01 (MB).
    Completing 50% with 593 violations.
    elapsed time = 00:00:41, memory = 1378.14 (MB).
    Completing 60% with 1295 violations.
    elapsed time = 00:00:53, memory = 1585.36 (MB).
    Completing 70% with 1295 violations.
    elapsed time = 00:00:57, memory = 1696.62 (MB).
    Completing 80% with 2015 violations.
    elapsed time = 00:01:13, memory = 1565.48 (MB).
    Completing 90% with 2015 violations.
    elapsed time = 00:01:18, memory = 1769.43 (MB).
    Completing 100% with 2820 violations.
    elapsed time = 00:01:31, memory = 1231.46 (MB).
[INFO DRT-0199]   Number of violations = 3762.
Viol/Layer      Metal1   Via1 Metal2   Via2 Metal3   Via3 Metal4 Metal5
Cut Spacing          0      1      0      1      0      0      0      0
Metal Spacing        0      0    846      0     10      0      2      0
Recheck              9      0    635      0    256      0     29     13
Short                0     10   1785     16    147      1      1      0
[INFO DRT-0267] cpu time = 00:10:54, elapsed time = 00:01:31, memory = 1570.21 (MB), peak = 1893.48 (MB)
Total wire length = 402934 um.
Total wire length on LAYER Metal1 = 0 um.
Total wire length on LAYER Metal2 = 179679 um.
Total wire length on LAYER Metal3 = 162740 um.
Total wire length on LAYER Metal4 = 43176 um.
Total wire length on LAYER Metal5 = 17239 um.
Total wire length on LAYER TopMetal1 = 98 um.
Total wire length on LAYER TopMetal2 = 0 um.
Total number of vias = 65091.
Up-via summary (total 65091):

-------------------
   GatPoly        0
    Metal1    31455
    Metal2    30655
    Metal3     2486
    Metal4      493
    Metal5        2
 TopMetal1        0
-------------------
          65091


[INFO DRT-0195] Start 1st optimization iteration.
    Completing 10% with 3762 violations.
    elapsed time = 00:00:01, memory = 2058.09 (MB).
    Completing 20% with 3762 violations.
    elapsed time = 00:00:03, memory = 2139.10 (MB).
    Completing 30% with 3359 violations.
    elapsed time = 00:00:20, memory = 1878.80 (MB).
    Completing 40% with 3359 violations.
    elapsed time = 00:00:23, memory = 2263.68 (MB).
    Completing 50% with 3359 violations.
    elapsed time = 00:00:32, memory = 1970.57 (MB).
    Completing 60% with 3203 violations.
    elapsed time = 00:00:40, memory = 2125.20 (MB).
    Completing 70% with 3203 violations.
    elapsed time = 00:00:42, memory = 2209.18 (MB).
    Completing 80% with 2758 violations.
    elapsed time = 00:01:04, memory = 2092.68 (MB).
    Completing 90% with 2758 violations.
    elapsed time = 00:01:08, memory = 2090.67 (MB).
    Completing 100% with 2374 violations.
    elapsed time = 00:01:20, memory = 1598.52 (MB).
[INFO DRT-0199]   Number of violations = 2374.
Viol/Layer        Via1 Metal2 Metal3 Metal4
Cut Spacing          1      0      0      0
Metal Spacing        0    870      6      1
Short                0   1443     50      3
[INFO DRT-0267] cpu time = 00:09:47, elapsed time = 00:01:20, memory = 1601.52 (MB), peak = 2319.07 (MB)
Total wire length = 401059 um.
Total wire length on LAYER Metal1 = 0 um.
Total wire length on LAYER Metal2 = 177771 um.
Total wire length on LAYER Metal3 = 161752 um.
Total wire length on LAYER Metal4 = 44178 um.
Total wire length on LAYER Metal5 = 17260 um.
Total wire length on LAYER TopMetal1 = 96 um.
Total wire length on LAYER TopMetal2 = 0 um.
Total number of vias = 64590.
Up-via summary (total 64590):

-------------------
   GatPoly        0
    Metal1    31447
    Metal2    29982
    Metal3     2666
    Metal4      493
    Metal5        2
 TopMetal1        0
-------------------
          64590


[INFO DRT-0195] Start 2nd optimization iteration.
    Completing 10% with 2374 violations.
    elapsed time = 00:00:01, memory = 2166.15 (MB).
    Completing 20% with 2374 violations.
    elapsed time = 00:00:05, memory = 2128.64 (MB).
    Completing 30% with 2237 violations.
    elapsed time = 00:00:19, memory = 1607.59 (MB).
    Completing 40% with 2237 violations.
    elapsed time = 00:00:22, memory = 2132.86 (MB).
    Completing 50% with 2237 violations.
    elapsed time = 00:00:26, memory = 1939.72 (MB).
    Completing 60% with 2120 violations.
    elapsed time = 00:00:39, memory = 2246.61 (MB).
    Completing 70% with 2120 violations.
    elapsed time = 00:00:42, memory = 2107.97 (MB).
    Completing 80% with 1977 violations.
    elapsed time = 00:00:57, memory = 1625.05 (MB).
    Completing 90% with 1977 violations.
    elapsed time = 00:01:00, memory = 2284.05 (MB).
    Completing 100% with 1949 violations.
    elapsed time = 00:01:15, memory = 1624.85 (MB).
[INFO DRT-0199]   Number of violations = 1949.
Viol/Layer      Metal2 Metal3 Metal4
Metal Spacing      721      8      1
Short             1159     59      1
[INFO DRT-0267] cpu time = 00:09:02, elapsed time = 00:01:16, memory = 1627.73 (MB), peak = 2325.67 (MB)
Total wire length = 400439 um.
Total wire length on LAYER Metal1 = 0 um.
Total wire length on LAYER Metal2 = 177164 um.
Total wire length on LAYER Metal3 = 161430 um.
Total wire length on LAYER Metal4 = 44540 um.
Total wire length on LAYER Metal5 = 17206 um.
Total wire length on LAYER TopMetal1 = 97 um.
Total wire length on LAYER TopMetal2 = 0 um.
Total number of vias = 64446.
Up-via summary (total 64446):

-------------------
   GatPoly        0
    Metal1    31452
    Metal2    29869
    Metal3     2632
    Metal4      491
    Metal5        2
 TopMetal1        0
-------------------
          64446


[INFO DRT-0195] Start 3rd optimization iteration.
    Completing 10% with 1949 violations.
    elapsed time = 00:00:00, memory = 1627.73 (MB).
    Completing 20% with 1949 violations.
    elapsed time = 00:00:01, memory = 2165.20 (MB).
    Completing 30% with 1520 violations.
    elapsed time = 00:00:08, memory = 1627.79 (MB).
    Completing 40% with 1520 violations.
    elapsed time = 00:00:08, memory = 2348.54 (MB).
    Completing 50% with 1520 violations.
    elapsed time = 00:00:10, memory = 1988.26 (MB).
    Completing 60% with 963 violations.
    elapsed time = 00:00:12, memory = 2160.55 (MB).
    Completing 70% with 963 violations.
    elapsed time = 00:00:13, memory = 2011.52 (MB).
    Completing 80% with 490 violations.
    elapsed time = 00:00:19, memory = 1631.27 (MB).
    Completing 90% with 490 violations.
    elapsed time = 00:00:20, memory = 2127.66 (MB).
    Completing 100% with 23 violations.
    elapsed time = 00:00:23, memory = 1642.76 (MB).
[INFO DRT-0199]   Number of violations = 23.
Viol/Layer      Metal2
Metal Spacing       13
Short               10
[INFO DRT-0267] cpu time = 00:02:22, elapsed time = 00:00:23, memory = 1642.76 (MB), peak = 2392.91 (MB)
Total wire length = 399676 um.
Total wire length on LAYER Metal1 = 0 um.
Total wire length on LAYER Metal2 = 165954 um.
Total wire length on LAYER Metal3 = 160906 um.
Total wire length on LAYER Metal4 = 54720 um.
Total wire length on LAYER Metal5 = 17998 um.
Total wire length on LAYER TopMetal1 = 97 um.
Total wire length on LAYER TopMetal2 = 0 um.
Total number of vias = 65568.
Up-via summary (total 65568):

-------------------
   GatPoly        0
    Metal1    31449
    Metal2    29937
    Metal3     3599
    Metal4      581
    Metal5        2
 TopMetal1        0
-------------------
          65568


[INFO DRT-0195] Start 4th optimization iteration.
    Completing 10% with 23 violations.
    elapsed time = 00:00:00, memory = 1642.76 (MB).
    Completing 20% with 23 violations.
    elapsed time = 00:00:00, memory = 1642.76 (MB).
    Completing 30% with 20 violations.
    elapsed time = 00:00:00, memory = 1642.79 (MB).
    Completing 40% with 20 violations.
    elapsed time = 00:00:00, memory = 1642.79 (MB).
    Completing 50% with 20 violations.
    elapsed time = 00:00:00, memory = 1642.79 (MB).
    Completing 60% with 9 violations.
    elapsed time = 00:00:01, memory = 1642.72 (MB).
    Completing 70% with 9 violations.
    elapsed time = 00:00:01, memory = 1642.72 (MB).
    Completing 80% with 8 violations.
    elapsed time = 00:00:01, memory = 1642.72 (MB).
    Completing 90% with 8 violations.
    elapsed time = 00:00:01, memory = 1642.72 (MB).
    Completing 100% with 0 violations.
    elapsed time = 00:00:01, memory = 1642.72 (MB).
[INFO DRT-0199]   Number of violations = 0.
[INFO DRT-0267] cpu time = 00:00:14, elapsed time = 00:00:01, memory = 1642.72 (MB), peak = 2392.91 (MB)
Total wire length = 399661 um.
Total wire length on LAYER Metal1 = 0 um.
Total wire length on LAYER Metal2 = 165880 um.
Total wire length on LAYER Metal3 = 160899 um.
Total wire length on LAYER Metal4 = 54783 um.
Total wire length on LAYER Metal5 = 18001 um.
Total wire length on LAYER TopMetal1 = 97 um.
Total wire length on LAYER TopMetal2 = 0 um.
Total number of vias = 65566.
Up-via summary (total 65566):

-------------------
   GatPoly        0
    Metal1    31449
    Metal2    29930
    Metal3     3602
    Metal4      583
    Metal5        2
 TopMetal1        0
-------------------
          65566


[INFO DRT-0198] Complete detail routing.
Total wire length = 399661 um.
Total wire length on LAYER Metal1 = 0 um.
Total wire length on LAYER Metal2 = 165880 um.
Total wire length on LAYER Metal3 = 160899 um.
Total wire length on LAYER Metal4 = 54783 um.
Total wire length on LAYER Metal5 = 18001 um.
Total wire length on LAYER TopMetal1 = 97 um.
Total wire length on LAYER TopMetal2 = 0 um.
Total number of vias = 65566.
Up-via summary (total 65566):

-------------------
   GatPoly        0
    Metal1    31449
    Metal2    29930
    Metal3     3602
    Metal4      583
    Metal5        2
 TopMetal1        0
-------------------
          65566


[INFO DRT-0267] cpu time = 00:32:23, elapsed time = 00:04:34, memory = 1642.97 (MB), peak = 2392.91 (MB)

[INFO DRT-0180] Post processing.
+ check_antennas 
[INFO ANT-0002] Found 4 net violations.
[INFO ANT-0001] Found 4 pin violations.
[INFO] Running antenna repair iteration 1…
+ repair_antennas sg13g2_antennanp -ratio_margin 10
[INFO GRT-0020] Min routing layer: Metal2
[INFO GRT-0021] Max routing layer: TopMetal2
[INFO GRT-0022] Global adjustment: 30%
[INFO GRT-0023] Grid origin: (0, 0)
[INFO GRT-0088] Layer Metal1  Track-Pitch = 0.4200  line-2-Via Pitch: 0.3650
[INFO GRT-0088] Layer Metal2  Track-Pitch = 0.4800  line-2-Via Pitch: 0.4150
[INFO GRT-0088] Layer Metal3  Track-Pitch = 0.4200  line-2-Via Pitch: 0.4150
[INFO GRT-0088] Layer Metal4  Track-Pitch = 0.4800  line-2-Via Pitch: 0.4150
[INFO GRT-0088] Layer Metal5  Track-Pitch = 0.4200  line-2-Via Pitch: 0.6200
[INFO GRT-0088] Layer TopMetal1 Track-Pitch = 2.2800  line-2-Via Pitch: 3.4100
[INFO GRT-0088] Layer TopMetal2 Track-Pitch = 4.0000  line-2-Via Pitch: 3.9500
[INFO GRT-0003] Macros: 0
[INFO GRT-0004] Blockages: 0
[INFO GRT-0019] Found 0 clock nets.
[INFO GRT-0001] Minimum degree: 2147483647
[INFO GRT-0002] Maximum degree: 1
[INFO GRT-0006] Repairing antennas, iteration 1.
[INFO GRT-0012] Found 4 antenna violations.
[INFO GRT-0015] Inserted 4 diodes.
[INFO GRT-0009] rerouting 4 nets.
[INFO GRT-0001] Minimum degree: 3
[INFO GRT-0002] Maximum degree: 4
+ detailed_route -droute_end_iter 64 -or_seed 42 -verbose 1 -output_drc /home/designer/shared/CNN4IC/cnnver3_tests/librelane/CNNver3/runs/RUN_2026-03-06_05-17-31/44-openroad-detailedrouting/drt-run-1/CNNver2.drc
[INFO DRT-0024]   Complete GatPoly.
[INFO DRT-0024]   Complete Cont.
[INFO DRT-0024]   Complete Metal1.
[INFO DRT-0024]   Complete Via1.
[INFO DRT-0024]   Complete Metal2.
[INFO DRT-0024]   Complete Via2.
[INFO DRT-0024]   Complete Metal3.
[INFO DRT-0024]   Complete Via3.
[INFO DRT-0024]   Complete Metal4.
[INFO DRT-0024]   Complete Via4.
[INFO DRT-0024]   Complete Metal5.
[INFO DRT-0024]   Complete TopVia1.
[INFO DRT-0024]   Complete TopMetal1.
[INFO DRT-0024]   Complete TopVia2.
[INFO DRT-0024]   Complete TopMetal2.
[INFO DRT-0165] Start pin access.
[INFO DRT-0078]   Complete 643 pins.
[INFO DRT-0079]   Complete 100 unique inst patterns.
[INFO DRT-0081]   Complete 112 unique inst patterns.
[INFO DRT-0084]   Complete 5182 groups.
#scanned instances     = 9723
#unique  instances     = 112
#stdCellGenAp          = 5243
#stdCellValidPlanarAp  = 0
#stdCellValidViaAp     = 3990
#stdCellPinNoAp        = 0
#stdCellPinCnt         = 31165
#instTermValidViaApCnt = 0
#macroGenAp            = 0
#macroValidPlanarAp    = 0
#macroValidViaAp       = 0
#macroNoAp             = 0
[INFO DRT-0166] Complete pin access.
[INFO DRT-0267] cpu time = 00:02:10, elapsed time = 00:00:08, memory = 1581.42 (MB), peak = 2392.91 (MB)

[INFO DRT-0157] Number of guides:     70697

[INFO DRT-0169] Post process guides.
[INFO DRT-0176] GCELLGRID X 0 DO 71 STEP 7200 ;
[INFO DRT-0177] GCELLGRID Y 0 DO 74 STEP 7200 ;
[INFO DRT-0028]   Complete GatPoly.
[INFO DRT-0028]   Complete Cont.
[INFO DRT-0028]   Complete Metal1.
[INFO DRT-0028]   Complete Via1.
[INFO DRT-0028]   Complete Metal2.
[INFO DRT-0028]   Complete Via2.
[INFO DRT-0028]   Complete Metal3.
[INFO DRT-0028]   Complete Via3.
[INFO DRT-0028]   Complete Metal4.
[INFO DRT-0028]   Complete Via4.
[INFO DRT-0028]   Complete Metal5.
[INFO DRT-0028]   Complete TopVia1.
[INFO DRT-0028]   Complete TopMetal1.
[INFO DRT-0028]   Complete TopVia2.
[INFO DRT-0028]   Complete TopMetal2.
[INFO DRT-0178] Init guide query.
[INFO DRT-0035]   Complete GatPoly (guide).
[INFO DRT-0035]   Complete Cont (guide).
[INFO DRT-0035]   Complete Metal1 (guide).
[INFO DRT-0035]   Complete Via1 (guide).
[INFO DRT-0035]   Complete Metal2 (guide).
[INFO DRT-0035]   Complete Via2 (guide).
[INFO DRT-0035]   Complete Metal3 (guide).
[INFO DRT-0035]   Complete Via3 (guide).
[INFO DRT-0035]   Complete Metal4 (guide).
[INFO DRT-0035]   Complete Via4 (guide).
[INFO DRT-0035]   Complete Metal5 (guide).
[INFO DRT-0035]   Complete TopVia1 (guide).
[INFO DRT-0035]   Complete TopMetal1 (guide).
[INFO DRT-0035]   Complete TopVia2 (guide).
[INFO DRT-0035]   Complete TopMetal2 (guide).
[INFO DRT-0036] GatPoly guide region query size = 0.
[INFO DRT-0036] Cont guide region query size = 0.
[INFO DRT-0036] Metal1 guide region query size = 25445.
[INFO DRT-0036] Via1 guide region query size = 0.
[INFO DRT-0036] Metal2 guide region query size = 21033.
[INFO DRT-0036] Via2 guide region query size = 0.
[INFO DRT-0036] Metal3 guide region query size = 10475.
[INFO DRT-0036] Via3 guide region query size = 0.
[INFO DRT-0036] Metal4 guide region query size = 917.
[INFO DRT-0036] Via4 guide region query size = 0.
[INFO DRT-0036] Metal5 guide region query size = 222.
[INFO DRT-0036] TopVia1 guide region query size = 0.
[INFO DRT-0036] TopMetal1 guide region query size = 1.
[INFO DRT-0036] TopVia2 guide region query size = 0.
[INFO DRT-0036] TopMetal2 guide region query size = 0.
[INFO DRT-0179] Init gr pin query.
[INFO DRT-0267] cpu time = 00:00:01, elapsed time = 00:00:00, memory = 1581.42 (MB), peak = 2392.91 (MB)
[INFO DRT-0245] skipped writing guide updates to database.
[INFO DRT-0185] Post process initialize RPin region query.
[INFO DRT-0181] Start track assignment.
[INFO DRT-0184] Done with 21951 vertical wires in 2 frboxes and 36142 horizontal wires in 2 frboxes.
[INFO DRT-0186] Done with 7262 vertical wires in 2 frboxes and 3997 horizontal wires in 2 frboxes.
[INFO DRT-0182] Complete track assignment.
[INFO DRT-0267] cpu time = 00:00:09, elapsed time = 00:00:02, memory = 1599.79 (MB), peak = 2392.91 (MB)
[INFO DRT-0187] Start routing data preparation.
[INFO DRT-0267] cpu time = 00:00:00, elapsed time = 00:00:00, memory = 1599.79 (MB), peak = 2392.91 (MB)
[INFO DRT-0194] Start detail routing.
[INFO DRT-0195] Start 0th optimization iteration.
    Completing 10% with 0 violations.
    elapsed time = 00:00:00, memory = 2110.54 (MB).
    Completing 20% with 0 violations.
    elapsed time = 00:00:00, memory = 2060.67 (MB).
    Completing 30% with 16 violations.
    elapsed time = 00:00:01, memory = 1606.31 (MB).
    Completing 40% with 16 violations.
    elapsed time = 00:00:01, memory = 2236.53 (MB).
    Completing 50% with 16 violations.
    elapsed time = 00:00:02, memory = 1891.42 (MB).
    Completing 60% with 18 violations.
    elapsed time = 00:00:03, memory = 2175.68 (MB).
    Completing 70% with 18 violations.
    elapsed time = 00:00:03, memory = 2134.88 (MB).
    Completing 80% with 21 violations.
    elapsed time = 00:00:04, memory = 1987.89 (MB).
    Completing 90% with 21 violations.
    elapsed time = 00:00:04, memory = 2026.82 (MB).
    Completing 100% with 21 violations.
    elapsed time = 00:00:04, memory = 1601.10 (MB).
[INFO DRT-0199]   Number of violations = 26.
Viol/Layer      Metal2
Metal Spacing        2
Recheck              5
Short               19
[INFO DRT-0267] cpu time = 00:01:06, elapsed time = 00:00:04, memory = 1658.22 (MB), peak = 2392.91 (MB)
Total wire length = 399703 um.
Total wire length on LAYER Metal1 = 0 um.
Total wire length on LAYER Metal2 = 165905 um.
Total wire length on LAYER Metal3 = 160915 um.
Total wire length on LAYER Metal4 = 54783 um.
Total wire length on LAYER Metal5 = 18001 um.
Total wire length on LAYER TopMetal1 = 97 um.
Total wire length on LAYER TopMetal2 = 0 um.
Total number of vias = 65582.
Up-via summary (total 65582):

-------------------
   GatPoly        0
    Metal1    31453
    Metal2    29942
    Metal3     3602
    Metal4      583
    Metal5        2
 TopMetal1        0
-------------------
          65582


[INFO DRT-0195] Start 1st optimization iteration.
    Completing 10% with 26 violations.
    elapsed time = 00:00:00, memory = 2210.60 (MB).
    Completing 20% with 26 violations.
    elapsed time = 00:00:00, memory = 2131.13 (MB).
    Completing 30% with 20 violations.
    elapsed time = 00:00:01, memory = 1972.65 (MB).
    Completing 40% with 20 violations.
    elapsed time = 00:00:01, memory = 2245.90 (MB).
    Completing 50% with 20 violations.
    elapsed time = 00:00:02, memory = 1885.43 (MB).
    Completing 60% with 21 violations.
    elapsed time = 00:00:02, memory = 2230.68 (MB).
    Completing 70% with 21 violations.
    elapsed time = 00:00:03, memory = 2153.61 (MB).
    Completing 80% with 15 violations.
    elapsed time = 00:00:03, memory = 2125.20 (MB).
    Completing 90% with 15 violations.
    elapsed time = 00:00:04, memory = 2125.19 (MB).
    Completing 100% with 14 violations.
    elapsed time = 00:00:04, memory = 1659.36 (MB).
[INFO DRT-0199]   Number of violations = 14.
Viol/Layer      Metal2
Metal Spacing        5
Short                9
[INFO DRT-0267] cpu time = 00:01:04, elapsed time = 00:00:05, memory = 1659.36 (MB), peak = 2392.91 (MB)
Total wire length = 399688 um.
Total wire length on LAYER Metal1 = 0 um.
Total wire length on LAYER Metal2 = 165898 um.
Total wire length on LAYER Metal3 = 160907 um.
Total wire length on LAYER Metal4 = 54783 um.
Total wire length on LAYER Metal5 = 18001 um.
Total wire length on LAYER TopMetal1 = 97 um.
Total wire length on LAYER TopMetal2 = 0 um.
Total number of vias = 65576.
Up-via summary (total 65576):

-------------------
   GatPoly        0
    Metal1    31453
    Metal2    29936
    Metal3     3602
    Metal4      583
    Metal5        2
 TopMetal1        0
-------------------
          65576


[INFO DRT-0195] Start 2nd optimization iteration.
    Completing 10% with 14 violations.
    elapsed time = 00:00:00, memory = 1659.36 (MB).
    Completing 20% with 14 violations.
    elapsed time = 00:00:00, memory = 1659.36 (MB).
    Completing 30% with 12 violations.
    elapsed time = 00:00:00, memory = 1659.39 (MB).
    Completing 40% with 12 violations.
    elapsed time = 00:00:00, memory = 1659.39 (MB).
    Completing 50% with 12 violations.
    elapsed time = 00:00:00, memory = 1659.39 (MB).
    Completing 60% with 4 violations.
    elapsed time = 00:00:00, memory = 1659.39 (MB).
    Completing 70% with 4 violations.
    elapsed time = 00:00:00, memory = 1659.39 (MB).
    Completing 80% with 4 violations.
    elapsed time = 00:00:00, memory = 1659.39 (MB).
    Completing 90% with 4 violations.
    elapsed time = 00:00:00, memory = 1659.39 (MB).
    Completing 100% with 3 violations.
    elapsed time = 00:00:00, memory = 1659.39 (MB).
[INFO DRT-0199]   Number of violations = 3.
Viol/Layer      Metal2
Short                3
[INFO DRT-0267] cpu time = 00:00:10, elapsed time = 00:00:01, memory = 1659.39 (MB), peak = 2392.91 (MB)
Total wire length = 399691 um.
Total wire length on LAYER Metal1 = 0 um.
Total wire length on LAYER Metal2 = 165904 um.
Total wire length on LAYER Metal3 = 160904 um.
Total wire length on LAYER Metal4 = 54783 um.
Total wire length on LAYER Metal5 = 18001 um.
Total wire length on LAYER TopMetal1 = 97 um.
Total wire length on LAYER TopMetal2 = 0 um.
Total number of vias = 65572.
Up-via summary (total 65572):

-------------------
   GatPoly        0
    Metal1    31453
    Metal2    29932
    Metal3     3602
    Metal4      583
    Metal5        2
 TopMetal1        0
-------------------
          65572


[INFO DRT-0195] Start 3rd stubborn tiles iteration.
    Completing 10% with 3 violations.
    elapsed time = 00:00:00, memory = 1736.39 (MB).
    Completing 20% with 3 violations.
    elapsed time = 00:00:00, memory = 1780.89 (MB).
    Completing 30% with 3 violations.
    elapsed time = 00:00:00, memory = 1825.39 (MB).
    Completing 40% with 3 violations.
    elapsed time = 00:00:00, memory = 1792.89 (MB).
    Completing 50% with 3 violations.
    elapsed time = 00:00:00, memory = 1857.89 (MB).
    Completing 60% with 3 violations.
    elapsed time = 00:00:01, memory = 1857.89 (MB).
    Completing 70% with 3 violations.
    elapsed time = 00:00:01, memory = 1870.55 (MB).
    Completing 80% with 3 violations.
    elapsed time = 00:00:01, memory = 1863.68 (MB).
    Completing 90% with 3 violations.
    elapsed time = 00:00:01, memory = 1777.80 (MB).
    Completing 100% with 0 violations.
    elapsed time = 00:00:02, memory = 1668.30 (MB).
[INFO DRT-0199]   Number of violations = 0.
[INFO DRT-0267] cpu time = 00:00:32, elapsed time = 00:00:02, memory = 1668.30 (MB), peak = 2392.91 (MB)
Total wire length = 399683 um.
Total wire length on LAYER Metal1 = 0 um.
Total wire length on LAYER Metal2 = 165865 um.
Total wire length on LAYER Metal3 = 160904 um.
Total wire length on LAYER Metal4 = 54815 um.
Total wire length on LAYER Metal5 = 18001 um.
Total wire length on LAYER TopMetal1 = 97 um.
Total wire length on LAYER TopMetal2 = 0 um.
Total number of vias = 65580.
Up-via summary (total 65580):

-------------------
   GatPoly        0
    Metal1    31453
    Metal2    29936
    Metal3     3606
    Metal4      583
    Metal5        2
 TopMetal1        0
-------------------
          65580


[INFO DRT-0198] Complete detail routing.
Total wire length = 399683 um.
Total wire length on LAYER Metal1 = 0 um.
Total wire length on LAYER Metal2 = 165865 um.
Total wire length on LAYER Metal3 = 160904 um.
Total wire length on LAYER Metal4 = 54815 um.
Total wire length on LAYER Metal5 = 18001 um.
Total wire length on LAYER TopMetal1 = 97 um.
Total wire length on LAYER TopMetal2 = 0 um.
Total number of vias = 65580.
Up-via summary (total 65580):

-------------------
   GatPoly        0
    Metal1    31453
    Metal2    29936
    Metal3     3606
    Metal4      583
    Metal5        2
 TopMetal1        0
-------------------
          65580


[INFO DRT-0267] cpu time = 00:02:54, elapsed time = 00:00:12, memory = 1668.30 (MB), peak = 2392.91 (MB)

[INFO DRT-0180] Post processing.
+ check_antennas 
[INFO ANT-0002] Found 1 net violations.
[INFO ANT-0001] Found 1 pin violations.
[INFO] Running antenna repair iteration 2…
+ repair_antennas sg13g2_antennanp -ratio_margin 10
[INFO GRT-0020] Min routing layer: Metal2
[INFO GRT-0021] Max routing layer: TopMetal2
[INFO GRT-0022] Global adjustment: 30%
[INFO GRT-0023] Grid origin: (0, 0)
[INFO GRT-0088] Layer Metal1  Track-Pitch = 0.4200  line-2-Via Pitch: 0.3650
[INFO GRT-0088] Layer Metal2  Track-Pitch = 0.4800  line-2-Via Pitch: 0.4150
[INFO GRT-0088] Layer Metal3  Track-Pitch = 0.4200  line-2-Via Pitch: 0.4150
[INFO GRT-0088] Layer Metal4  Track-Pitch = 0.4800  line-2-Via Pitch: 0.4150
[INFO GRT-0088] Layer Metal5  Track-Pitch = 0.4200  line-2-Via Pitch: 0.6200
[INFO GRT-0088] Layer TopMetal1 Track-Pitch = 2.2800  line-2-Via Pitch: 3.4100
[INFO GRT-0088] Layer TopMetal2 Track-Pitch = 4.0000  line-2-Via Pitch: 3.9500
[INFO GRT-0003] Macros: 0
[INFO GRT-0004] Blockages: 0
[INFO GRT-0019] Found 0 clock nets.
[INFO GRT-0001] Minimum degree: 2147483647
[INFO GRT-0002] Maximum degree: 1
[INFO GRT-0006] Repairing antennas, iteration 1.
[INFO GRT-0012] Found 1 antenna violations.
[INFO GRT-0015] Inserted 1 diodes.
[INFO GRT-0009] rerouting 1 nets.
[INFO GRT-0001] Minimum degree: 4
[INFO GRT-0002] Maximum degree: 4
+ detailed_route -droute_end_iter 64 -or_seed 42 -verbose 1 -output_drc /home/designer/shared/CNN4IC/cnnver3_tests/librelane/CNNver3/runs/RUN_2026-03-06_05-17-31/44-openroad-detailedrouting/drt-run-2/CNNver2.drc
[INFO DRT-0024]   Complete GatPoly.
[INFO DRT-0024]   Complete Cont.
[INFO DRT-0024]   Complete Metal1.
[INFO DRT-0024]   Complete Via1.
[INFO DRT-0024]   Complete Metal2.
[INFO DRT-0024]   Complete Via2.
[INFO DRT-0024]   Complete Metal3.
[INFO DRT-0024]   Complete Via3.
[INFO DRT-0024]   Complete Metal4.
[INFO DRT-0024]   Complete Via4.
[INFO DRT-0024]   Complete Metal5.
[INFO DRT-0024]   Complete TopVia1.
[INFO DRT-0024]   Complete TopMetal1.
[INFO DRT-0024]   Complete TopVia2.
[INFO DRT-0024]   Complete TopMetal2.
[INFO DRT-0165] Start pin access.
[INFO DRT-0078]   Complete 643 pins.
[INFO DRT-0079]   Complete 100 unique inst patterns.
[INFO DRT-0081]   Complete 112 unique inst patterns.
[INFO DRT-0084]   Complete 5183 groups.
#scanned instances     = 9724
#unique  instances     = 112
#stdCellGenAp          = 5243
#stdCellValidPlanarAp  = 0
#stdCellValidViaAp     = 3990
#stdCellPinNoAp        = 0
#stdCellPinCnt         = 31165
#instTermValidViaApCnt = 0
#macroGenAp            = 0
#macroValidPlanarAp    = 0
#macroValidViaAp       = 0
#macroNoAp             = 0
[INFO DRT-0166] Complete pin access.
[INFO DRT-0267] cpu time = 00:02:15, elapsed time = 00:00:09, memory = 1667.52 (MB), peak = 2392.91 (MB)

[INFO DRT-0157] Number of guides:     70698

[INFO DRT-0169] Post process guides.
[INFO DRT-0176] GCELLGRID X 0 DO 71 STEP 7200 ;
[INFO DRT-0177] GCELLGRID Y 0 DO 74 STEP 7200 ;
[INFO DRT-0028]   Complete GatPoly.
[INFO DRT-0028]   Complete Cont.
[INFO DRT-0028]   Complete Metal1.
[INFO DRT-0028]   Complete Via1.
[INFO DRT-0028]   Complete Metal2.
[INFO DRT-0028]   Complete Via2.
[INFO DRT-0028]   Complete Metal3.
[INFO DRT-0028]   Complete Via3.
[INFO DRT-0028]   Complete Metal4.
[INFO DRT-0028]   Complete Via4.
[INFO DRT-0028]   Complete Metal5.
[INFO DRT-0028]   Complete TopVia1.
[INFO DRT-0028]   Complete TopMetal1.
[INFO DRT-0028]   Complete TopVia2.
[INFO DRT-0028]   Complete TopMetal2.
[INFO DRT-0178] Init guide query.
[INFO DRT-0035]   Complete GatPoly (guide).
[INFO DRT-0035]   Complete Cont (guide).
[INFO DRT-0035]   Complete Metal1 (guide).
[INFO DRT-0035]   Complete Via1 (guide).
[INFO DRT-0035]   Complete Metal2 (guide).
[INFO DRT-0035]   Complete Via2 (guide).
[INFO DRT-0035]   Complete Metal3 (guide).
[INFO DRT-0035]   Complete Via3 (guide).
[INFO DRT-0035]   Complete Metal4 (guide).
[INFO DRT-0035]   Complete Via4 (guide).
[INFO DRT-0035]   Complete Metal5 (guide).
[INFO DRT-0035]   Complete TopVia1 (guide).
[INFO DRT-0035]   Complete TopMetal1 (guide).
[INFO DRT-0035]   Complete TopVia2 (guide).
[INFO DRT-0035]   Complete TopMetal2 (guide).
[INFO DRT-0036] GatPoly guide region query size = 0.
[INFO DRT-0036] Cont guide region query size = 0.
[INFO DRT-0036] Metal1 guide region query size = 25446.
[INFO DRT-0036] Via1 guide region query size = 0.
[INFO DRT-0036] Metal2 guide region query size = 21034.
[INFO DRT-0036] Via2 guide region query size = 0.
[INFO DRT-0036] Metal3 guide region query size = 10475.
[INFO DRT-0036] Via3 guide region query size = 0.
[INFO DRT-0036] Metal4 guide region query size = 917.
[INFO DRT-0036] Via4 guide region query size = 0.
[INFO DRT-0036] Metal5 guide region query size = 222.
[INFO DRT-0036] TopVia1 guide region query size = 0.
[INFO DRT-0036] TopMetal1 guide region query size = 1.
[INFO DRT-0036] TopVia2 guide region query size = 0.
[INFO DRT-0036] TopMetal2 guide region query size = 0.
[INFO DRT-0179] Init gr pin query.
[INFO DRT-0267] cpu time = 00:00:01, elapsed time = 00:00:00, memory = 1667.52 (MB), peak = 2392.91 (MB)
[INFO DRT-0245] skipped writing guide updates to database.
[INFO DRT-0185] Post process initialize RPin region query.
[INFO DRT-0181] Start track assignment.
[INFO DRT-0184] Done with 21952 vertical wires in 2 frboxes and 36143 horizontal wires in 2 frboxes.
[INFO DRT-0186] Done with 7359 vertical wires in 2 frboxes and 4081 horizontal wires in 2 frboxes.
[INFO DRT-0182] Complete track assignment.
[INFO DRT-0267] cpu time = 00:00:09, elapsed time = 00:00:02, memory = 1667.52 (MB), peak = 2392.91 (MB)
[INFO DRT-0187] Start routing data preparation.
[INFO DRT-0267] cpu time = 00:00:00, elapsed time = 00:00:00, memory = 1667.52 (MB), peak = 2392.91 (MB)
[INFO DRT-0194] Start detail routing.
[INFO DRT-0195] Start 0th optimization iteration.
    Completing 10% with 0 violations.
    elapsed time = 00:00:00, memory = 2220.77 (MB).
    Completing 20% with 0 violations.
    elapsed time = 00:00:00, memory = 2204.29 (MB).
    Completing 30% with 4 violations.
    elapsed time = 00:00:01, memory = 1667.58 (MB).
    Completing 40% with 4 violations.
    elapsed time = 00:00:01, memory = 2283.83 (MB).
    Completing 50% with 4 violations.
    elapsed time = 00:00:02, memory = 1959.45 (MB).
    Completing 60% with 4 violations.
    elapsed time = 00:00:02, memory = 2248.18 (MB).
    Completing 70% with 4 violations.
    elapsed time = 00:00:03, memory = 2265.53 (MB).
    Completing 80% with 4 violations.
    elapsed time = 00:00:03, memory = 2054.33 (MB).
    Completing 90% with 4 violations.
    elapsed time = 00:00:04, memory = 2110.45 (MB).
    Completing 100% with 4 violations.
    elapsed time = 00:00:04, memory = 1670.58 (MB).
[INFO DRT-0199]   Number of violations = 7.
Viol/Layer      Metal2
Recheck              3
Short                4
[INFO DRT-0267] cpu time = 00:01:04, elapsed time = 00:00:05, memory = 1670.70 (MB), peak = 2392.91 (MB)
Total wire length = 399689 um.
Total wire length on LAYER Metal1 = 0 um.
Total wire length on LAYER Metal2 = 165878 um.
Total wire length on LAYER Metal3 = 160904 um.
Total wire length on LAYER Metal4 = 54808 um.
Total wire length on LAYER Metal5 = 18001 um.
Total wire length on LAYER TopMetal1 = 97 um.
Total wire length on LAYER TopMetal2 = 0 um.
Total number of vias = 65577.
Up-via summary (total 65577):

-------------------
   GatPoly        0
    Metal1    31454
    Metal2    29934
    Metal3     3604
    Metal4      583
    Metal5        2
 TopMetal1        0
-------------------
          65577


[INFO DRT-0195] Start 1st optimization iteration.
    Completing 10% with 7 violations.
    elapsed time = 00:00:00, memory = 2164.95 (MB).
    Completing 20% with 7 violations.
    elapsed time = 00:00:00, memory = 2189.45 (MB).
    Completing 30% with 5 violations.
    elapsed time = 00:00:01, memory = 1945.07 (MB).
    Completing 40% with 5 violations.
    elapsed time = 00:00:01, memory = 2295.70 (MB).
    Completing 50% with 5 violations.
    elapsed time = 00:00:02, memory = 1896.71 (MB).
    Completing 60% with 1 violations.
    elapsed time = 00:00:02, memory = 2214.51 (MB).
    Completing 70% with 1 violations.
    elapsed time = 00:00:03, memory = 2153.91 (MB).
    Completing 80% with 1 violations.
    elapsed time = 00:00:03, memory = 2145.58 (MB).
    Completing 90% with 1 violations.
    elapsed time = 00:00:03, memory = 2118.46 (MB).
    Completing 100% with 1 violations.
    elapsed time = 00:00:04, memory = 1679.81 (MB).
[INFO DRT-0199]   Number of violations = 1.
Viol/Layer      Metal2
Short                1
[INFO DRT-0267] cpu time = 00:01:04, elapsed time = 00:00:04, memory = 1679.81 (MB), peak = 2392.91 (MB)
Total wire length = 399689 um.
Total wire length on LAYER Metal1 = 0 um.
Total wire length on LAYER Metal2 = 165877 um.
Total wire length on LAYER Metal3 = 160905 um.
Total wire length on LAYER Metal4 = 54808 um.
Total wire length on LAYER Metal5 = 18001 um.
Total wire length on LAYER TopMetal1 = 97 um.
Total wire length on LAYER TopMetal2 = 0 um.
Total number of vias = 65577.
Up-via summary (total 65577):

-------------------
   GatPoly        0
    Metal1    31454
    Metal2    29934
    Metal3     3604
    Metal4      583
    Metal5        2
 TopMetal1        0
-------------------
          65577


[INFO DRT-0195] Start 2nd optimization iteration.
    Completing 10% with 1 violations.
    elapsed time = 00:00:00, memory = 1679.81 (MB).
    Completing 20% with 1 violations.
    elapsed time = 00:00:00, memory = 1679.81 (MB).
    Completing 30% with 1 violations.
    elapsed time = 00:00:00, memory = 1679.81 (MB).
    Completing 40% with 1 violations.
    elapsed time = 00:00:00, memory = 1679.81 (MB).
    Completing 50% with 1 violations.
    elapsed time = 00:00:00, memory = 1679.81 (MB).
    Completing 60% with 1 violations.
    elapsed time = 00:00:00, memory = 1679.81 (MB).
    Completing 70% with 1 violations.
    elapsed time = 00:00:00, memory = 1679.81 (MB).
    Completing 80% with 1 violations.
    elapsed time = 00:00:00, memory = 1679.81 (MB).
    Completing 90% with 1 violations.
    elapsed time = 00:00:00, memory = 1679.81 (MB).
    Completing 100% with 1 violations.
    elapsed time = 00:00:00, memory = 1679.81 (MB).
[INFO DRT-0199]   Number of violations = 1.
Viol/Layer      Metal2
Short                1
[INFO DRT-0267] cpu time = 00:00:04, elapsed time = 00:00:00, memory = 1679.81 (MB), peak = 2392.91 (MB)
Total wire length = 399688 um.
Total wire length on LAYER Metal1 = 0 um.
Total wire length on LAYER Metal2 = 165876 um.
Total wire length on LAYER Metal3 = 160905 um.
Total wire length on LAYER Metal4 = 54808 um.
Total wire length on LAYER Metal5 = 18001 um.
Total wire length on LAYER TopMetal1 = 97 um.
Total wire length on LAYER TopMetal2 = 0 um.
Total number of vias = 65577.
Up-via summary (total 65577):

-------------------
   GatPoly        0
    Metal1    31454
    Metal2    29934
    Metal3     3604
    Metal4      583
    Metal5        2
 TopMetal1        0
-------------------
          65577


[INFO DRT-0195] Start 3rd stubborn tiles iteration.
    Completing 10% with 1 violations.
    elapsed time = 00:00:00, memory = 1775.81 (MB).
    Completing 20% with 1 violations.
    elapsed time = 00:00:00, memory = 1907.81 (MB).
    Completing 30% with 1 violations.
    elapsed time = 00:00:00, memory = 1967.81 (MB).
    Completing 40% with 1 violations.
    elapsed time = 00:00:00, memory = 1967.81 (MB).
    Completing 50% with 1 violations.
    elapsed time = 00:00:00, memory = 1967.81 (MB).
    Completing 60% with 1 violations.
    elapsed time = 00:00:00, memory = 1967.81 (MB).
    Completing 70% with 1 violations.
    elapsed time = 00:00:00, memory = 1903.19 (MB).
    Completing 80% with 1 violations.
    elapsed time = 00:00:00, memory = 1775.81 (MB).
    Completing 90% with 1 violations.
    elapsed time = 00:00:00, memory = 1727.81 (MB).
    Completing 100% with 0 violations.
    elapsed time = 00:00:01, memory = 1679.77 (MB).
[INFO DRT-0199]   Number of violations = 0.
[INFO DRT-0267] cpu time = 00:00:14, elapsed time = 00:00:01, memory = 1679.77 (MB), peak = 2392.91 (MB)
Total wire length = 399688 um.
Total wire length on LAYER Metal1 = 0 um.
Total wire length on LAYER Metal2 = 165873 um.
Total wire length on LAYER Metal3 = 160908 um.
Total wire length on LAYER Metal4 = 54808 um.
Total wire length on LAYER Metal5 = 18001 um.
Total wire length on LAYER TopMetal1 = 97 um.
Total wire length on LAYER TopMetal2 = 0 um.
Total number of vias = 65581.
Up-via summary (total 65581):

-------------------
   GatPoly        0
    Metal1    31454
    Metal2    29938
    Metal3     3604
    Metal4      583
    Metal5        2
 TopMetal1        0
-------------------
          65581


[INFO DRT-0198] Complete detail routing.
Total wire length = 399688 um.
Total wire length on LAYER Metal1 = 0 um.
Total wire length on LAYER Metal2 = 165873 um.
Total wire length on LAYER Metal3 = 160908 um.
Total wire length on LAYER Metal4 = 54808 um.
Total wire length on LAYER Metal5 = 18001 um.
Total wire length on LAYER TopMetal1 = 97 um.
Total wire length on LAYER TopMetal2 = 0 um.
Total number of vias = 65581.
Up-via summary (total 65581):

-------------------
   GatPoly        0
    Metal1    31454
    Metal2    29938
    Metal3     3604
    Metal4      583
    Metal5        2
 TopMetal1        0
-------------------
          65581


[INFO DRT-0267] cpu time = 00:02:29, elapsed time = 00:00:10, memory = 1679.77 (MB), peak = 2392.91 (MB)

[INFO DRT-0180] Post processing.
+ check_antennas 
[INFO ANT-0002] Found 0 net violations.
[INFO ANT-0001] Found 0 pin violations.
Setting global connections for newly added cells…
[INFO] Setting global connections...
[INFO ODB-0403] 10 connections made, 0 conflicts skipped.
Updating metrics…
Cell type report:                       Count       Area
  Antenna cell                              5      27.22
  Buffer                                   63     457.23
  Timing Repair Buffer                   1114    8084.97
  Inverter                                685    3728.59
  Sequential cell                        1051   51487.23
  Multi-Input combinational cell         6806   71115.41
  Total                                  9724  134900.64
Writing OpenROAD database to '/home/designer/shared/CNN4IC/cnnver3_tests/librelane/CNNver3/runs/RUN_2026-03-06_05-17-31/44-openroad-detailedrouting/CNNver2.odb'…
Writing netlist to '/home/designer/shared/CNN4IC/cnnver3_tests/librelane/CNNver3/runs/RUN_2026-03-06_05-17-31/44-openroad-detailedrouting/CNNver2.nl.v'…
Writing powered netlist to '/home/designer/shared/CNN4IC/cnnver3_tests/librelane/CNNver3/runs/RUN_2026-03-06_05-17-31/44-openroad-detailedrouting/CNNver2.pnl.v'…
Writing layout to '/home/designer/shared/CNN4IC/cnnver3_tests/librelane/CNNver3/runs/RUN_2026-03-06_05-17-31/44-openroad-detailedrouting/CNNver2.def'…
Writing timing constraints to '/home/designer/shared/CNN4IC/cnnver3_tests/librelane/CNNver3/runs/RUN_2026-03-06_05-17-31/44-openroad-detailedrouting/CNNver2.sdc'…
