Netgen 1.5.308 compiled on Tue Jan  6 19:09:47 UTC 2026
Warning: netgen command 'format' use fully-qualified name '::netgen::format'
Warning: netgen command 'global' use fully-qualified name '::netgen::global'
Warning:  A case-insensitive file has been read and so the	verilog file must be treated case-insensitive to match.
Reading SPICE netlist file '/opt/pdks/ciel/ihp-sg13g2/versions/c4b8b4e5e7a05f375cca3815d51b3a37721fbf5c/ihp-sg13g2/libs.ref/sg13g2_stdcell/spice/sg13g2_stdcell.spice'...
Call to undefined subcircuit sg13_lv_nmos
Creating placeholder cell definition.
Call to undefined subcircuit sg13_lv_pmos
Creating placeholder cell definition.
Call to undefined subcircuit dantenna
Creating placeholder cell definition.
Call to undefined subcircuit dpantenna
Creating placeholder cell definition.
Reading SPICE netlist file '/opt/pdks/ciel/ihp-sg13g2/versions/c4b8b4e5e7a05f375cca3815d51b3a37721fbf5c/ihp-sg13g2/libs.ref/sg13g2_io/spice/sg13g2_io.spi'...
Call to undefined subcircuit sg13_hv_nmos
Creating placeholder cell definition.
Call to undefined subcircuit sg13_hv_pmos
Creating placeholder cell definition.
Call to undefined subcircuit rppd
Creating placeholder cell definition.
Reading Verilog netlist file '/home/designer/shared/CNN4IC/cnnver3_tests/librelane/CNNver3/runs/RUN_2026-03-06_05-17-31/52-openroad-fillinsertion/CNNver2.pnl.v'...
Warning:  A case-insensitive file has been read and so the	verilog file must be treated case-insensitive to match.
Treating empty subcircuits as black-box cells
Generating JSON file result

Reading setup file /nix/store/8h87vsa3wlidvqi062p0312chxkh8ihd-python3.13-librelane-3.0.0.dev47/lib/python3.13/site-packages/librelane/scripts/netgen/setup.tcl

Model rppd pin 1 == 2
No property b found for device rppd
Model sg13_hv_nmos pin 1 == 3
No property ng found for device sg13_hv_nmos
No property as found for device sg13_hv_nmos
No property ad found for device sg13_hv_nmos
No property pd found for device sg13_hv_nmos
No property ps found for device sg13_hv_nmos
No property trise found for device sg13_hv_nmos
No property z1 found for device sg13_hv_nmos
No property z2 found for device sg13_hv_nmos
No property wmin found for device sg13_hv_nmos
No property rfmode found for device sg13_hv_nmos
No property pre_layout found for device sg13_hv_nmos
Model sg13_hv_pmos pin 1 == 3
No property ng found for device sg13_hv_pmos
No property as found for device sg13_hv_pmos
No property ad found for device sg13_hv_pmos
No property pd found for device sg13_hv_pmos
No property ps found for device sg13_hv_pmos
No property trise found for device sg13_hv_pmos
No property z1 found for device sg13_hv_pmos
No property z2 found for device sg13_hv_pmos
No property wmin found for device sg13_hv_pmos
No property rfmode found for device sg13_hv_pmos
No property pre_layout found for device sg13_hv_pmos
Model sg13_lv_nmos pin 1 == 3
No property trise found for device sg13_lv_nmos
No property z1 found for device sg13_lv_nmos
No property z2 found for device sg13_lv_nmos
No property wmin found for device sg13_lv_nmos
No property rfmode found for device sg13_lv_nmos
No property pre_layout found for device sg13_lv_nmos
Model sg13_lv_pmos pin 1 == 3
No property trise found for device sg13_lv_pmos
No property z1 found for device sg13_lv_pmos
No property z2 found for device sg13_lv_pmos
No property wmin found for device sg13_lv_pmos
No property rfmode found for device sg13_lv_pmos
No property pre_layout found for device sg13_lv_pmos
No property DEV_A found for device dantenna
No property DEV_P found for device dantenna
No property DEV_C found for device dantenna
No property DEV_A found for device dpantenna
No property DEV_P found for device dpantenna
No property DEV_C found for device dpantenna
Comparison output logged to file /home/designer/shared/CNN4IC/cnnver3_tests/librelane/CNNver3/runs/RUN_2026-03-06_05-17-31/69-netgen-lvs/reports/lvs.netgen.rpt
Logging to file "/home/designer/shared/CNN4IC/cnnver3_tests/librelane/CNNver3/runs/RUN_2026-03-06_05-17-31/69-netgen-lvs/reports/lvs.netgen.rpt" enabled

Contents of circuit 1:  Circuit: 'sg13g2_decap_8'
Circuit sg13g2_decap_8 contains 0 device instances.
Circuit contains 0 nets, and 2 disconnected pins.
Contents of circuit 2:  Circuit: 'sg13g2_decap_8'
Circuit sg13g2_decap_8 contains 2 device instances.
  Class: sg13_lv_pmos          instances:   1
  Class: sg13_lv_nmos          instances:   1
Circuit contains 2 nets.

Circuit sg13g2_decap_8 contains no devices.

Contents of circuit 1:  Circuit: 'sg13g2_xnor2_1'
Circuit sg13g2_xnor2_1 contains 0 device instances.
Circuit contains 0 nets, and 5 disconnected pins.
Contents of circuit 2:  Circuit: 'sg13g2_xnor2_1'
Circuit sg13g2_xnor2_1 contains 10 device instances.
  Class: sg13_lv_pmos          instances:   5
  Class: sg13_lv_nmos          instances:   5
Circuit contains 9 nets.

Circuit sg13g2_xnor2_1 contains no devices.

Contents of circuit 1:  Circuit: 'sg13g2_o21ai_1'
Circuit sg13g2_o21ai_1 contains 0 device instances.
Circuit contains 0 nets, and 6 disconnected pins.
Contents of circuit 2:  Circuit: 'sg13g2_o21ai_1'
Circuit sg13g2_o21ai_1 contains 6 device instances.
  Class: sg13_lv_pmos          instances:   3
  Class: sg13_lv_nmos          instances:   3
Circuit contains 8 nets.

Circuit sg13g2_o21ai_1 contains no devices.

Contents of circuit 1:  Circuit: 'sg13g2_nand2_1'
Circuit sg13g2_nand2_1 contains 0 device instances.
Circuit contains 0 nets, and 5 disconnected pins.
Contents of circuit 2:  Circuit: 'sg13g2_nand2_1'
Circuit sg13g2_nand2_1 contains 4 device instances.
  Class: sg13_lv_pmos          instances:   2
  Class: sg13_lv_nmos          instances:   2
Circuit contains 6 nets.

Circuit sg13g2_nand2_1 contains no devices.

Contents of circuit 1:  Circuit: 'sg13g2_decap_4'
Circuit sg13g2_decap_4 contains 0 device instances.
Circuit contains 0 nets, and 2 disconnected pins.
Contents of circuit 2:  Circuit: 'sg13g2_decap_4'
Circuit sg13g2_decap_4 contains 2 device instances.
  Class: sg13_lv_pmos          instances:   1
  Class: sg13_lv_nmos          instances:   1
Circuit contains 2 nets.

Circuit sg13g2_decap_4 contains no devices.

Contents of circuit 1:  Circuit: 'sg13g2_fill_2'
Circuit sg13g2_fill_2 contains 0 device instances.
Circuit contains 0 nets, and 2 disconnected pins.
Contents of circuit 2:  Circuit: 'sg13g2_fill_2'
Circuit sg13g2_fill_2 contains 0 device instances.
Circuit contains 0 nets, and 2 disconnected pins.

Circuit sg13g2_fill_2 contains no devices.

Contents of circuit 1:  Circuit: 'sg13g2_a21oi_1'
Circuit sg13g2_a21oi_1 contains 0 device instances.
Circuit contains 0 nets, and 6 disconnected pins.
Contents of circuit 2:  Circuit: 'sg13g2_a21oi_1'
Circuit sg13g2_a21oi_1 contains 6 device instances.
  Class: sg13_lv_pmos          instances:   3
  Class: sg13_lv_nmos          instances:   3
Circuit contains 8 nets.

Circuit sg13g2_a21oi_1 contains no devices.

Contents of circuit 1:  Circuit: 'sg13g2_a22oi_1'
Circuit sg13g2_a22oi_1 contains 0 device instances.
Circuit contains 0 nets, and 7 disconnected pins.
Contents of circuit 2:  Circuit: 'sg13g2_a22oi_1'
Circuit sg13g2_a22oi_1 contains 8 device instances.
  Class: sg13_lv_pmos          instances:   4
  Class: sg13_lv_nmos          instances:   4
Circuit contains 10 nets.

Circuit sg13g2_a22oi_1 contains no devices.

Contents of circuit 1:  Circuit: 'sg13g2_buf_1'
Circuit sg13g2_buf_1 contains 0 device instances.
Circuit contains 0 nets, and 4 disconnected pins.
Contents of circuit 2:  Circuit: 'sg13g2_buf_1'
Circuit sg13g2_buf_1 contains 4 device instances.
  Class: sg13_lv_pmos          instances:   2
  Class: sg13_lv_nmos          instances:   2
Circuit contains 5 nets.

Circuit sg13g2_buf_1 contains no devices.

Contents of circuit 1:  Circuit: 'sg13g2_mux2_1'
Circuit sg13g2_mux2_1 contains 0 device instances.
Circuit contains 0 nets, and 6 disconnected pins.
Contents of circuit 2:  Circuit: 'sg13g2_mux2_1'
Circuit sg13g2_mux2_1 contains 12 device instances.
  Class: sg13_lv_pmos          instances:   6
  Class: sg13_lv_nmos          instances:   6
Circuit contains 12 nets.

Circuit sg13g2_mux2_1 contains no devices.

Contents of circuit 1:  Circuit: 'sg13g2_fill_1'
Circuit sg13g2_fill_1 contains 0 device instances.
Circuit contains 0 nets, and 2 disconnected pins.
Contents of circuit 2:  Circuit: 'sg13g2_fill_1'
Circuit sg13g2_fill_1 contains 0 device instances.
Circuit contains 0 nets, and 2 disconnected pins.

Circuit sg13g2_fill_1 contains no devices.

Contents of circuit 1:  Circuit: 'sg13g2_tiehi'
Circuit sg13g2_tiehi contains 0 device instances.
Circuit contains 0 nets, and 3 disconnected pins.
Contents of circuit 2:  Circuit: 'sg13g2_tiehi'
Circuit sg13g2_tiehi contains 4 device instances.
  Class: sg13_lv_pmos          instances:   2
  Class: sg13_lv_nmos          instances:   2
Circuit contains 6 nets.

Circuit sg13g2_tiehi contains no devices.

Contents of circuit 1:  Circuit: 'sg13g2_nand2b_1'
Circuit sg13g2_nand2b_1 contains 0 device instances.
Circuit contains 0 nets, and 5 disconnected pins.
Contents of circuit 2:  Circuit: 'sg13g2_nand2b_1'
Circuit sg13g2_nand2b_1 contains 6 device instances.
  Class: sg13_lv_pmos          instances:   3
  Class: sg13_lv_nmos          instances:   3
Circuit contains 7 nets.

Circuit sg13g2_nand2b_1 contains no devices.

Contents of circuit 1:  Circuit: 'sg13g2_dfrbpq_1'
Circuit sg13g2_dfrbpq_1 contains 0 device instances.
Circuit contains 0 nets, and 6 disconnected pins.
Contents of circuit 2:  Circuit: 'sg13g2_dfrbpq_1'
Circuit sg13g2_dfrbpq_1 contains 32 device instances.
  Class: sg13_lv_pmos          instances:  16
  Class: sg13_lv_nmos          instances:  16
Circuit contains 21 nets.

Circuit sg13g2_dfrbpq_1 contains no devices.

Contents of circuit 1:  Circuit: 'sg13g2_xor2_1'
Circuit sg13g2_xor2_1 contains 0 device instances.
Circuit contains 0 nets, and 5 disconnected pins.
Contents of circuit 2:  Circuit: 'sg13g2_xor2_1'
Circuit sg13g2_xor2_1 contains 10 device instances.
  Class: sg13_lv_pmos          instances:   5
  Class: sg13_lv_nmos          instances:   5
Circuit contains 9 nets.

Circuit sg13g2_xor2_1 contains no devices.

Contents of circuit 1:  Circuit: 'sg13g2_nor3_1'
Circuit sg13g2_nor3_1 contains 0 device instances.
Circuit contains 0 nets, and 6 disconnected pins.
Contents of circuit 2:  Circuit: 'sg13g2_nor3_1'
Circuit sg13g2_nor3_1 contains 6 device instances.
  Class: sg13_lv_pmos          instances:   3
  Class: sg13_lv_nmos          instances:   3
Circuit contains 8 nets.

Circuit sg13g2_nor3_1 contains no devices.

Contents of circuit 1:  Circuit: 'sg13g2_a221oi_1'
Circuit sg13g2_a221oi_1 contains 0 device instances.
Circuit contains 0 nets, and 8 disconnected pins.
Contents of circuit 2:  Circuit: 'sg13g2_a221oi_1'
Circuit sg13g2_a221oi_1 contains 10 device instances.
  Class: sg13_lv_pmos          instances:   5
  Class: sg13_lv_nmos          instances:   5
Circuit contains 12 nets.

Circuit sg13g2_a221oi_1 contains no devices.

Contents of circuit 1:  Circuit: 'sg13g2_nor2_1'
Circuit sg13g2_nor2_1 contains 0 device instances.
Circuit contains 0 nets, and 5 disconnected pins.
Contents of circuit 2:  Circuit: 'sg13g2_nor2_1'
Circuit sg13g2_nor2_1 contains 4 device instances.
  Class: sg13_lv_pmos          instances:   2
  Class: sg13_lv_nmos          instances:   2
Circuit contains 6 nets.

Circuit sg13g2_nor2_1 contains no devices.

Contents of circuit 1:  Circuit: 'sg13g2_inv_1'
Circuit sg13g2_inv_1 contains 0 device instances.
Circuit contains 0 nets, and 4 disconnected pins.
Contents of circuit 2:  Circuit: 'sg13g2_inv_1'
Circuit sg13g2_inv_1 contains 2 device instances.
  Class: sg13_lv_pmos          instances:   1
  Class: sg13_lv_nmos          instances:   1
Circuit contains 4 nets.

Circuit sg13g2_inv_1 contains no devices.

Contents of circuit 1:  Circuit: 'sg13g2_nor2b_1'
Circuit sg13g2_nor2b_1 contains 0 device instances.
Circuit contains 0 nets, and 5 disconnected pins.
Contents of circuit 2:  Circuit: 'sg13g2_nor2b_1'
Circuit sg13g2_nor2b_1 contains 6 device instances.
  Class: sg13_lv_pmos          instances:   3
  Class: sg13_lv_nmos          instances:   3
Circuit contains 7 nets.

Circuit sg13g2_nor2b_1 contains no devices.

Contents of circuit 1:  Circuit: 'sg13g2_nor4_1'
Circuit sg13g2_nor4_1 contains 0 device instances.
Circuit contains 0 nets, and 7 disconnected pins.
Contents of circuit 2:  Circuit: 'sg13g2_nor4_1'
Circuit sg13g2_nor4_1 contains 8 device instances.
  Class: sg13_lv_pmos          instances:   4
  Class: sg13_lv_nmos          instances:   4
Circuit contains 10 nets.

Circuit sg13g2_nor4_1 contains no devices.

Contents of circuit 1:  Circuit: 'sg13g2_a21o_1'
Circuit sg13g2_a21o_1 contains 0 device instances.
Circuit contains 0 nets, and 6 disconnected pins.
Contents of circuit 2:  Circuit: 'sg13g2_a21o_1'
Circuit sg13g2_a21o_1 contains 8 device instances.
  Class: sg13_lv_pmos          instances:   4
  Class: sg13_lv_nmos          instances:   4
Circuit contains 9 nets.

Circuit sg13g2_a21o_1 contains no devices.

Contents of circuit 1:  Circuit: 'sg13g2_mux4_1'
Circuit sg13g2_mux4_1 contains 0 device instances.
Circuit contains 0 nets, and 9 disconnected pins.
Contents of circuit 2:  Circuit: 'sg13g2_mux4_1'
Circuit sg13g2_mux4_1 contains 26 device instances.
  Class: sg13_lv_pmos          instances:  13
  Class: sg13_lv_nmos          instances:  13
Circuit contains 22 nets.

Circuit sg13g2_mux4_1 contains no devices.

Contents of circuit 1:  Circuit: 'sg13g2_nand3b_1'
Circuit sg13g2_nand3b_1 contains 0 device instances.
Circuit contains 0 nets, and 6 disconnected pins.
Contents of circuit 2:  Circuit: 'sg13g2_nand3b_1'
Circuit sg13g2_nand3b_1 contains 8 device instances.
  Class: sg13_lv_pmos          instances:   4
  Class: sg13_lv_nmos          instances:   4
Circuit contains 9 nets.

Circuit sg13g2_nand3b_1 contains no devices.

Contents of circuit 1:  Circuit: 'sg13g2_and2_1'
Circuit sg13g2_and2_1 contains 0 device instances.
Circuit contains 0 nets, and 5 disconnected pins.
Contents of circuit 2:  Circuit: 'sg13g2_and2_1'
Circuit sg13g2_and2_1 contains 6 device instances.
  Class: sg13_lv_pmos          instances:   3
  Class: sg13_lv_nmos          instances:   3
Circuit contains 7 nets.

Circuit sg13g2_and2_1 contains no devices.

Contents of circuit 1:  Circuit: 'sg13g2_or2_1'
Circuit sg13g2_or2_1 contains 0 device instances.
Circuit contains 0 nets, and 5 disconnected pins.
Contents of circuit 2:  Circuit: 'sg13g2_or2_1'
Circuit sg13g2_or2_1 contains 6 device instances.
  Class: sg13_lv_pmos          instances:   3
  Class: sg13_lv_nmos          instances:   3
Circuit contains 7 nets.

Circuit sg13g2_or2_1 contains no devices.

Contents of circuit 1:  Circuit: 'sg13g2_nand3_1'
Circuit sg13g2_nand3_1 contains 0 device instances.
Circuit contains 0 nets, and 6 disconnected pins.
Contents of circuit 2:  Circuit: 'sg13g2_nand3_1'
Circuit sg13g2_nand3_1 contains 6 device instances.
  Class: sg13_lv_pmos          instances:   3
  Class: sg13_lv_nmos          instances:   3
Circuit contains 8 nets.

Circuit sg13g2_nand3_1 contains no devices.

Contents of circuit 1:  Circuit: 'sg13g2_antennanp'
Circuit sg13g2_antennanp contains 0 device instances.
Circuit contains 0 nets, and 3 disconnected pins.
Contents of circuit 2:  Circuit: 'sg13g2_antennanp'
Circuit sg13g2_antennanp contains 2 device instances.
  Class: dpantenna             instances:   1
  Class: dantenna              instances:   1
Circuit contains 3 nets.

Circuit sg13g2_antennanp contains no devices.

Contents of circuit 1:  Circuit: 'sg13g2_and3_1'
Circuit sg13g2_and3_1 contains 0 device instances.
Circuit contains 0 nets, and 6 disconnected pins.
Contents of circuit 2:  Circuit: 'sg13g2_and3_1'
Circuit sg13g2_and3_1 contains 8 device instances.
  Class: sg13_lv_pmos          instances:   4
  Class: sg13_lv_nmos          instances:   4
Circuit contains 9 nets.

Circuit sg13g2_and3_1 contains no devices.

Contents of circuit 1:  Circuit: 'sg13g2_or3_1'
Circuit sg13g2_or3_1 contains 0 device instances.
Circuit contains 0 nets, and 6 disconnected pins.
Contents of circuit 2:  Circuit: 'sg13g2_or3_1'
Circuit sg13g2_or3_1 contains 8 device instances.
  Class: sg13_lv_pmos          instances:   4
  Class: sg13_lv_nmos          instances:   4
Circuit contains 9 nets.

Circuit sg13g2_or3_1 contains no devices.

Contents of circuit 1:  Circuit: 'sg13g2_nand4_1'
Circuit sg13g2_nand4_1 contains 0 device instances.
Circuit contains 0 nets, and 7 disconnected pins.
Contents of circuit 2:  Circuit: 'sg13g2_nand4_1'
Circuit sg13g2_nand4_1 contains 8 device instances.
  Class: sg13_lv_pmos          instances:   4
  Class: sg13_lv_nmos          instances:   4
Circuit contains 10 nets.

Circuit sg13g2_nand4_1 contains no devices.

Contents of circuit 1:  Circuit: 'sg13g2_and4_1'
Circuit sg13g2_and4_1 contains 0 device instances.
Circuit contains 0 nets, and 7 disconnected pins.
Contents of circuit 2:  Circuit: 'sg13g2_and4_1'
Circuit sg13g2_and4_1 contains 10 device instances.
  Class: sg13_lv_pmos          instances:   5
  Class: sg13_lv_nmos          instances:   5
Circuit contains 11 nets.

Circuit sg13g2_and4_1 contains no devices.

Contents of circuit 1:  Circuit: 'sg13g2_or4_1'
Circuit sg13g2_or4_1 contains 0 device instances.
Circuit contains 0 nets, and 7 disconnected pins.
Contents of circuit 2:  Circuit: 'sg13g2_or4_1'
Circuit sg13g2_or4_1 contains 10 device instances.
  Class: sg13_lv_pmos          instances:   5
  Class: sg13_lv_nmos          instances:   5
Circuit contains 11 nets.

Circuit sg13g2_or4_1 contains no devices.

Contents of circuit 1:  Circuit: 'sg13g2_ebufn_2'
Circuit sg13g2_ebufn_2 contains 0 device instances.
Circuit contains 0 nets, and 5 disconnected pins.
Contents of circuit 2:  Circuit: 'sg13g2_ebufn_2'
Circuit sg13g2_ebufn_2 contains 8 device instances.
  Class: sg13_lv_pmos          instances:   4
  Class: sg13_lv_nmos          instances:   4
Circuit contains 9 nets.

Circuit sg13g2_ebufn_2 contains no devices.

Contents of circuit 1:  Circuit: 'CNNver2'
Circuit CNNver2 contains 23728 device instances.
  Class: sg13g2_antennanp      instances:   5
  Class: sg13g2_dfrbpq_1       instances: 1051
  Class: sg13g2_and3_1         instances:  19
  Class: sg13g2_or2_1          instances:  96
  Class: sg13g2_nor2b_1        instances: 120
  Class: sg13g2_nand3_1        instances:  75
  Class: sg13g2_mux2_1         instances: 553
  Class: sg13g2_decap_4        instances: 1819
  Class: sg13g2_decap_8        instances: 7205
  Class: sg13g2_and2_1         instances: 142
  Class: sg13g2_tiehi          instances: 782
  Class: sg13g2_nor4_1         instances:  24
  Class: sg13g2_nand2_1        instances: 646
  Class: sg13g2_ebufn_2        instances:   1
  Class: sg13g2_nor3_1         instances: 114
  Class: sg13g2_nand3b_1       instances:   8
  Class: sg13g2_fill_1         instances: 2504
  Class: sg13g2_fill_2         instances: 2476
  Class: sg13g2_or4_1          instances:   4
  Class: sg13g2_nor2_1         instances: 744
  Class: sg13g2_buf_1          instances: 1177
  Class: sg13g2_a22oi_1        instances: 118
  Class: sg13g2_o21ai_1        instances: 1115
  Class: sg13g2_a21oi_1        instances: 1065
  Class: sg13g2_a21o_1         instances: 127
  Class: sg13g2_nand2b_1       instances: 175
  Class: sg13g2_a221oi_1       instances: 161
  Class: sg13g2_inv_1          instances: 685
  Class: sg13g2_xor2_1         instances: 213
  Class: sg13g2_mux4_1         instances: 117
  Class: sg13g2_xnor2_1        instances: 343
  Class: sg13g2_and4_1         instances:   7
  Class: sg13g2_or3_1          instances:  24
  Class: sg13g2_nand4_1        instances:  13
Circuit contains 9726 nets.
Contents of circuit 2:  Circuit: 'CNNver2'
Circuit CNNver2 contains 23728 device instances.
  Class: sg13g2_antennanp      instances:   5
  Class: sg13g2_dfrbpq_1       instances: 1051
  Class: sg13g2_and3_1         instances:  19
  Class: sg13g2_or2_1          instances:  96
  Class: sg13g2_nor2b_1        instances: 120
  Class: sg13g2_nand3_1        instances:  75
  Class: sg13g2_mux2_1         instances: 553
  Class: sg13g2_decap_4        instances: 1819
  Class: sg13g2_decap_8        instances: 7205
  Class: sg13g2_and2_1         instances: 142
  Class: sg13g2_tiehi          instances: 782
  Class: sg13g2_nor4_1         instances:  24
  Class: sg13g2_nand2_1        instances: 646
  Class: sg13g2_ebufn_2        instances:   1
  Class: sg13g2_nor3_1         instances: 114
  Class: sg13g2_nand3b_1       instances:   8
  Class: sg13g2_fill_1         instances: 2504
  Class: sg13g2_fill_2         instances: 2476
  Class: sg13g2_or4_1          instances:   4
  Class: sg13g2_nor2_1         instances: 744
  Class: sg13g2_buf_1          instances: 1177
  Class: sg13g2_a22oi_1        instances: 118
  Class: sg13g2_o21ai_1        instances: 1115
  Class: sg13g2_a21oi_1        instances: 1065
  Class: sg13g2_a21o_1         instances: 127
  Class: sg13g2_nand2b_1       instances: 175
  Class: sg13g2_a221oi_1       instances: 161
  Class: sg13g2_inv_1          instances: 685
  Class: sg13g2_xor2_1         instances: 213
  Class: sg13g2_mux4_1         instances: 117
  Class: sg13g2_xnor2_1        instances: 343
  Class: sg13g2_and4_1         instances:   7
  Class: sg13g2_or3_1          instances:  24
  Class: sg13g2_nand4_1        instances:  13
Circuit contains 9726 nets.

Circuit was modified by parallel/series device merging.
New circuit summary:

Contents of circuit 1:  Circuit: 'CNNver2'
Circuit CNNver2 contains 9728 device instances.
  Class: sg13g2_antennanp      instances:   5
  Class: sg13g2_dfrbpq_1       instances: 1051
  Class: sg13g2_and3_1         instances:  19
  Class: sg13g2_or2_1          instances:  96
  Class: sg13g2_nor2b_1        instances: 120
  Class: sg13g2_nand3_1        instances:  75
  Class: sg13g2_mux2_1         instances: 553
  Class: sg13g2_decap_4        instances:   1
  Class: sg13g2_decap_8        instances:   1
  Class: sg13g2_and2_1         instances: 142
  Class: sg13g2_tiehi          instances: 782
  Class: sg13g2_nor4_1         instances:  24
  Class: sg13g2_nand2_1        instances: 646
  Class: sg13g2_ebufn_2        instances:   1
  Class: sg13g2_nor3_1         instances: 114
  Class: sg13g2_nand3b_1       instances:   8
  Class: sg13g2_fill_1         instances:   1
  Class: sg13g2_fill_2         instances:   1
  Class: sg13g2_or4_1          instances:   4
  Class: sg13g2_nor2_1         instances: 744
  Class: sg13g2_buf_1          instances: 1177
  Class: sg13g2_a22oi_1        instances: 118
  Class: sg13g2_o21ai_1        instances: 1115
  Class: sg13g2_a21oi_1        instances: 1065
  Class: sg13g2_a21o_1         instances: 127
  Class: sg13g2_nand2b_1       instances: 175
  Class: sg13g2_a221oi_1       instances: 161
  Class: sg13g2_inv_1          instances: 685
  Class: sg13g2_xor2_1         instances: 213
  Class: sg13g2_mux4_1         instances: 117
  Class: sg13g2_xnor2_1        instances: 343
  Class: sg13g2_and4_1         instances:   7
  Class: sg13g2_or3_1          instances:  24
  Class: sg13g2_nand4_1        instances:  13
Circuit contains 9726 nets.
Contents of circuit 2:  Circuit: 'CNNver2'
Circuit CNNver2 contains 9728 device instances.
  Class: sg13g2_antennanp      instances:   5
  Class: sg13g2_dfrbpq_1       instances: 1051
  Class: sg13g2_and3_1         instances:  19
  Class: sg13g2_or2_1          instances:  96
  Class: sg13g2_nor2b_1        instances: 120
  Class: sg13g2_nand3_1        instances:  75
  Class: sg13g2_mux2_1         instances: 553
  Class: sg13g2_decap_4        instances:   1
  Class: sg13g2_decap_8        instances:   1
  Class: sg13g2_and2_1         instances: 142
  Class: sg13g2_tiehi          instances: 782
  Class: sg13g2_nor4_1         instances:  24
  Class: sg13g2_nand2_1        instances: 646
  Class: sg13g2_ebufn_2        instances:   1
  Class: sg13g2_nor3_1         instances: 114
  Class: sg13g2_nand3b_1       instances:   8
  Class: sg13g2_fill_1         instances:   1
  Class: sg13g2_fill_2         instances:   1
  Class: sg13g2_or4_1          instances:   4
  Class: sg13g2_nor2_1         instances: 744
  Class: sg13g2_buf_1          instances: 1177
  Class: sg13g2_a22oi_1        instances: 118
  Class: sg13g2_o21ai_1        instances: 1115
  Class: sg13g2_a21oi_1        instances: 1065
  Class: sg13g2_a21o_1         instances: 127
  Class: sg13g2_nand2b_1       instances: 175
  Class: sg13g2_a221oi_1       instances: 161
  Class: sg13g2_inv_1          instances: 685
  Class: sg13g2_xor2_1         instances: 213
  Class: sg13g2_mux4_1         instances: 117
  Class: sg13g2_xnor2_1        instances: 343
  Class: sg13g2_and4_1         instances:   7
  Class: sg13g2_or3_1          instances:  24
  Class: sg13g2_nand4_1        instances:  13
Circuit contains 9726 nets.

Circuit 1 contains 9728 devices, Circuit 2 contains 9728 devices.
Circuit 1 contains 9726 nets,    Circuit 2 contains 9726 nets.


Final result: 
Circuits match uniquely.
.
Logging to file "/home/designer/shared/CNN4IC/cnnver3_tests/librelane/CNNver3/runs/RUN_2026-03-06_05-17-31/69-netgen-lvs/reports/lvs.netgen.rpt" disabled
LVS Done.
