
 /----------------------------------------------------------------------------\
 |  yosys -- Yosys Open SYnthesis Suite                                       |
 |  Copyright (C) 2012 - 2025  Claire Xenia Wolf <claire@yosyshq.com>         |
 |  Distributed under an ISC-like license, type "license" to see terms        |
 \----------------------------------------------------------------------------/
 Yosys 0.60 (git sha1 5bafeb77dc71e054fa331ab9efa613e6fb0a1c49, clang++ 21.1.2 -fPIC -O3)

1. Executing Liberty frontend: /home/designer/projects/CNN4IC/IHP-Open-PDK/ihp-sg13g2/libs.ref/sg13g2_stdcell/lib/sg13g2_stdcell_typ_1p20V_25C.lib
Imported 84 cell types from liberty file.

2. Executing Liberty frontend: /home/designer/projects/CNN4IC/IHP-Open-PDK/ihp-sg13g2/libs.ref/sg13g2_io/lib/sg13g2_io_typ_1p2V_3p3V_25C.lib
Imported 15 cell types from liberty file.
[INFO] Using SDC file '/home/designer/projects/CNN4IC/unic_cass_wrapper_user_project/user_project_example/runs/user_project_run/06-yosys-synthesis/synthesis.abc.sdc' for ABC…wtaf

3. Executing Verilog-2005 frontend: /home/designer/projects/CNN4IC/unic_cass_wrapper_user_project/user_project_example/src/spm.v
Parsing SystemVerilog input from `/home/designer/projects/CNN4IC/unic_cass_wrapper_user_project/user_project_example/src/spm.v' to AST representation.
verilog frontend filename /home/designer/projects/CNN4IC/unic_cass_wrapper_user_project/user_project_example/src/spm.v
Storing AST representation for module `$abstract\spm'.
Storing AST representation for module `$abstract\TCMP'.
Storing AST representation for module `$abstract\CSADD'.
Successfully finished Verilog frontend.

4. Executing Verilog-2005 frontend: /home/designer/projects/CNN4IC/unic_cass_wrapper_user_project/user_project_example/src/user_project_example.v
Parsing SystemVerilog input from `/home/designer/projects/CNN4IC/unic_cass_wrapper_user_project/user_project_example/src/user_project_example.v' to AST representation.
verilog frontend filename /home/designer/projects/CNN4IC/unic_cass_wrapper_user_project/user_project_example/src/user_project_example.v
Storing AST representation for module `$abstract\user_project_example'.
Successfully finished Verilog frontend.

5. Executing HIERARCHY pass (managing design hierarchy).

6. Executing AST frontend in derive mode using pre-parsed AST for module `\user_project_example'.
Generating RTLIL representation for module `\user_project_example'.

6.1. Analyzing design hierarchy..
Top module:  \user_project_example

6.2. Executing AST frontend in derive mode using pre-parsed AST for module `\spm'.
Generating RTLIL representation for module `\spm'.

6.3. Analyzing design hierarchy..
Top module:  \user_project_example
Used module:     \spm

6.4. Executing AST frontend in derive mode using pre-parsed AST for module `\CSADD'.
Generating RTLIL representation for module `\CSADD'.

6.5. Executing AST frontend in derive mode using pre-parsed AST for module `\TCMP'.
Generating RTLIL representation for module `\TCMP'.

6.6. Analyzing design hierarchy..
Top module:  \user_project_example
Used module:     \spm
Used module:         \CSADD
Used module:         \TCMP

6.7. Analyzing design hierarchy..
Top module:  \user_project_example
Used module:     \spm
Used module:         \CSADD
Used module:         \TCMP
Removing unused module `$abstract\user_project_example'.
Removing unused module `$abstract\CSADD'.
Removing unused module `$abstract\TCMP'.
Removing unused module `$abstract\spm'.
Removed 4 unused modules.
Renaming module user_project_example to user_project_example.

7. Executing ATTRMAP pass (move or copy attributes).

8. Executing TRIBUF pass.

9. Executing HIERARCHY pass (managing design hierarchy).

9.1. Analyzing design hierarchy..
Top module:  \user_project_example
Used module:     \spm
Used module:         \CSADD
Used module:         \TCMP

9.2. Analyzing design hierarchy..
Top module:  \user_project_example
Used module:     \spm
Used module:         \CSADD
Used module:         \TCMP
Removed 0 unused modules.

10. Executing PROC_CLEAN pass (remove empty switches from decision trees).
Cleaned up 0 empty switches.

11. Executing PROC_RMDEAD pass (remove dead branches from decision trees).
Marked 1 switch rules as full_case in process $proc$/home/designer/projects/CNN4IC/unic_cass_wrapper_user_project/user_project_example/src/spm.v:79$22 in module CSADD.
Marked 1 switch rules as full_case in process $proc$/home/designer/projects/CNN4IC/unic_cass_wrapper_user_project/user_project_example/src/spm.v:49$24 in module TCMP.
Removed a total of 0 dead cases.

12. Executing PROC_PRUNE pass (remove redundant assignments in processes).
Removed 4 redundant assignments.
Promoted 0 assignments to connections.

13. Executing PROC_INIT pass (extract init attributes).

14. Executing PROC_ARST pass (detect async resets in processes).
Found async reset \rst in `\CSADD.$proc$/home/designer/projects/CNN4IC/unic_cass_wrapper_user_project/user_project_example/src/spm.v:79$22'.
Found async reset \rst in `\TCMP.$proc$/home/designer/projects/CNN4IC/unic_cass_wrapper_user_project/user_project_example/src/spm.v:49$24'.

15. Executing PROC_ROM pass (convert switches to ROMs).
Converted 0 switches.

16. Executing PROC_MUX pass (convert decision trees to multiplexers).
Creating decoders for process `\CSADD.$proc$/home/designer/projects/CNN4IC/unic_cass_wrapper_user_project/user_project_example/src/spm.v:79$22'.
     1/2: $0\sc[0:0]
     2/2: $0\sum[0:0]
Creating decoders for process `\TCMP.$proc$/home/designer/projects/CNN4IC/unic_cass_wrapper_user_project/user_project_example/src/spm.v:49$24'.
     1/2: $0\s[0:0]
     2/2: $0\z[0:0]

17. Executing PROC_DLATCH pass (convert process syncs to latches).

18. Executing PROC_DFF pass (convert process syncs to FFs).
Creating register for signal `\CSADD.\sum' using process `\CSADD.$proc$/home/designer/projects/CNN4IC/unic_cass_wrapper_user_project/user_project_example/src/spm.v:79$22'.
  created $adff cell `$procdff$29' with positive edge clock and positive level reset.
Creating register for signal `\CSADD.\sc' using process `\CSADD.$proc$/home/designer/projects/CNN4IC/unic_cass_wrapper_user_project/user_project_example/src/spm.v:79$22'.
  created $adff cell `$procdff$32' with positive edge clock and positive level reset.
Creating register for signal `\TCMP.\z' using process `\TCMP.$proc$/home/designer/projects/CNN4IC/unic_cass_wrapper_user_project/user_project_example/src/spm.v:49$24'.
  created $adff cell `$procdff$35' with positive edge clock and positive level reset.
Creating register for signal `\TCMP.\s' using process `\TCMP.$proc$/home/designer/projects/CNN4IC/unic_cass_wrapper_user_project/user_project_example/src/spm.v:49$24'.
  created $adff cell `$procdff$38' with positive edge clock and positive level reset.

19. Executing PROC_MEMWR pass (convert process memory writes to cells).

20. Executing PROC_CLEAN pass (remove empty switches from decision trees).
Removing empty process `CSADD.$proc$/home/designer/projects/CNN4IC/unic_cass_wrapper_user_project/user_project_example/src/spm.v:79$22'.
Removing empty process `TCMP.$proc$/home/designer/projects/CNN4IC/unic_cass_wrapper_user_project/user_project_example/src/spm.v:49$24'.
Cleaned up 0 empty switches.

21. Executing CHECK pass (checking for obvious problems).
Checking module user_project_example...
Checking module CSADD...
Checking module spm...
Checking module TCMP...
Found and reported 0 problems.

22. Executing OPT_EXPR pass (perform const folding).
Optimizing module user_project_example.
Optimizing module CSADD.
<suppressed ~2 debug messages>
Optimizing module spm.
Optimizing module TCMP.
<suppressed ~2 debug messages>

23. Executing FLATTEN pass (flatten design).
Deleting now unused module CSADD.
Deleting now unused module spm.
Deleting now unused module TCMP.
<suppressed ~17 debug messages>

24. Executing OPT_EXPR pass (perform const folding).
Optimizing module user_project_example.
<suppressed ~32 debug messages>

25. Executing OPT_CLEAN pass (remove unused cells and wires).
Finding unused cells or wires in module \user_project_example..
Removed 1 unused cells and 142 unused wires.
<suppressed ~3 debug messages>

26. Executing OPT_EXPR pass (perform const folding).
Optimizing module user_project_example.

27. Executing OPT_MERGE pass (detect identical cells).
Finding identical cells in module `\user_project_example'.
Removed a total of 0 cells.

28. Executing OPT_MUXTREE pass (detect dead branches in mux trees).
Running muxtree optimizer on module \user_project_example..
  Creating internal representation of mux trees.
  No muxes found in this module.
Removed 0 multiplexer ports.

29. Executing OPT_REDUCE pass (consolidate $*mux and $reduce_* inputs).
  Optimizing cells in module \user_project_example.
Performed a total of 0 changes.

30. Executing OPT_MERGE pass (detect identical cells).
Finding identical cells in module `\user_project_example'.
Removed a total of 0 cells.

31. Executing OPT_DFF pass (perform DFF optimizations).

32. Executing OPT_CLEAN pass (remove unused cells and wires).
Finding unused cells or wires in module \user_project_example..
Removed 0 unused cells and 17 unused wires.
<suppressed ~17 debug messages>

33. Executing OPT_EXPR pass (perform const folding).
Optimizing module user_project_example.

34. Rerunning OPT passes. (Maybe there is more to do…)

35. Executing OPT_MUXTREE pass (detect dead branches in mux trees).
Running muxtree optimizer on module \user_project_example..
  Creating internal representation of mux trees.
  No muxes found in this module.
Removed 0 multiplexer ports.

36. Executing OPT_REDUCE pass (consolidate $*mux and $reduce_* inputs).
  Optimizing cells in module \user_project_example.
Performed a total of 0 changes.

37. Executing OPT_MERGE pass (detect identical cells).
Finding identical cells in module `\user_project_example'.
Removed a total of 0 cells.

38. Executing OPT_DFF pass (perform DFF optimizations).

39. Executing OPT_CLEAN pass (remove unused cells and wires).
Finding unused cells or wires in module \user_project_example..

40. Executing OPT_EXPR pass (perform const folding).
Optimizing module user_project_example.

41. Executing FSM pass (extract and optimize FSM).

41.1. Executing FSM_DETECT pass (finding FSMs in design).

41.2. Executing FSM_EXTRACT pass (extracting FSM from design).

41.3. Executing FSM_OPT pass (simple optimizations of FSMs).

41.4. Executing OPT_CLEAN pass (remove unused cells and wires).
Finding unused cells or wires in module \user_project_example..

41.5. Executing FSM_OPT pass (simple optimizations of FSMs).

41.6. Executing FSM_RECODE pass (re-assigning FSM state encoding).

41.7. Executing FSM_INFO pass (dumping all available information on FSM cells).

41.8. Executing FSM_MAP pass (mapping FSMs to basic logic).

42. Executing OPT_EXPR pass (perform const folding).
Optimizing module user_project_example.

43. Executing OPT_MERGE pass (detect identical cells).
Finding identical cells in module `\user_project_example'.
Removed a total of 0 cells.

44. Executing OPT_MUXTREE pass (detect dead branches in mux trees).
Running muxtree optimizer on module \user_project_example..
  Creating internal representation of mux trees.
  No muxes found in this module.
Removed 0 multiplexer ports.

45. Executing OPT_REDUCE pass (consolidate $*mux and $reduce_* inputs).
  Optimizing cells in module \user_project_example.
Performed a total of 0 changes.

46. Executing OPT_MERGE pass (detect identical cells).
Finding identical cells in module `\user_project_example'.
Removed a total of 0 cells.

47. Executing OPT_DFF pass (perform DFF optimizations).

48. Executing OPT_CLEAN pass (remove unused cells and wires).
Finding unused cells or wires in module \user_project_example..

49. Executing OPT_EXPR pass (perform const folding).
Optimizing module user_project_example.

50. Executing WREDUCE pass (reducing word size of cells).

51. Executing PEEPOPT pass (run peephole optimizers).

52. Executing OPT_CLEAN pass (remove unused cells and wires).
Finding unused cells or wires in module \user_project_example..

53. Executing ALUMACC pass (create $alu and $macc cells).
Extracting $alu and $macc cells in module user_project_example:
  created 0 $alu and 0 $macc cells.

54. Executing SHARE pass (SAT-based resource sharing).

55. Executing OPT_EXPR pass (perform const folding).
Optimizing module user_project_example.

56. Executing OPT_MERGE pass (detect identical cells).
Finding identical cells in module `\user_project_example'.
Removed a total of 0 cells.

57. Executing OPT_MUXTREE pass (detect dead branches in mux trees).
Running muxtree optimizer on module \user_project_example..
  Creating internal representation of mux trees.
  No muxes found in this module.
Removed 0 multiplexer ports.

58. Executing OPT_REDUCE pass (consolidate $*mux and $reduce_* inputs).
  Optimizing cells in module \user_project_example.
Performed a total of 0 changes.

59. Executing OPT_MERGE pass (detect identical cells).
Finding identical cells in module `\user_project_example'.
Removed a total of 0 cells.

60. Executing OPT_DFF pass (perform DFF optimizations).

61. Executing OPT_CLEAN pass (remove unused cells and wires).
Finding unused cells or wires in module \user_project_example..

62. Executing OPT_EXPR pass (perform const folding).
Optimizing module user_project_example.

63. Executing MEMORY pass.

63.1. Executing OPT_MEM pass (optimize memories).
Performed a total of 0 transformations.

63.2. Executing OPT_MEM_PRIORITY pass (removing unnecessary memory write priority relations).
Performed a total of 0 transformations.

63.3. Executing OPT_MEM_FEEDBACK pass (finding memory read-to-write feedback paths).

63.4. Executing MEMORY_BMUX2ROM pass (converting muxes to ROMs).

63.5. Executing MEMORY_DFF pass (merging $dff cells to $memrd).

63.6. Executing OPT_CLEAN pass (remove unused cells and wires).
Finding unused cells or wires in module \user_project_example..

63.7. Executing MEMORY_SHARE pass (consolidating $memrd/$memwr cells).

63.8. Executing OPT_MEM_WIDEN pass (optimize memories where all ports are wide).
Performed a total of 0 transformations.

63.9. Executing OPT_CLEAN pass (remove unused cells and wires).
Finding unused cells or wires in module \user_project_example..

63.10. Executing MEMORY_COLLECT pass (generating $mem cells).

64. Executing OPT_CLEAN pass (remove unused cells and wires).
Finding unused cells or wires in module \user_project_example..

65. Executing OPT_EXPR pass (perform const folding).
Optimizing module user_project_example.

66. Executing OPT_MERGE pass (detect identical cells).
Finding identical cells in module `\user_project_example'.
Removed a total of 0 cells.

67. Executing OPT_DFF pass (perform DFF optimizations).

68. Executing OPT_CLEAN pass (remove unused cells and wires).
Finding unused cells or wires in module \user_project_example..

69. Executing MEMORY_MAP pass (converting memories to logic and flip-flops).

70. Executing OPT_EXPR pass (perform const folding).
Optimizing module user_project_example.

71. Executing OPT_MERGE pass (detect identical cells).
Finding identical cells in module `\user_project_example'.
Removed a total of 0 cells.

72. Executing OPT_MUXTREE pass (detect dead branches in mux trees).
Running muxtree optimizer on module \user_project_example..
  Creating internal representation of mux trees.
  No muxes found in this module.
Removed 0 multiplexer ports.

73. Executing OPT_REDUCE pass (consolidate $*mux and $reduce_* inputs).
  Optimizing cells in module \user_project_example.
Performed a total of 0 changes.

74. Executing OPT_MERGE pass (detect identical cells).
Finding identical cells in module `\user_project_example'.
Removed a total of 0 cells.

75. Executing OPT_SHARE pass.

76. Executing OPT_DFF pass (perform DFF optimizations).

77. Executing OPT_CLEAN pass (remove unused cells and wires).
Finding unused cells or wires in module \user_project_example..

78. Executing OPT_EXPR pass (perform const folding).
Optimizing module user_project_example.

79. Executing TECHMAP pass (map to technology primitives).

79.1. Executing Verilog-2005 frontend: /nix/store/zlx8k2adfi2x3iglj8r5wkb3fg9k6s2f-yosys-0.60/bin/../share/yosys/techmap.v
Parsing Verilog input from `/nix/store/zlx8k2adfi2x3iglj8r5wkb3fg9k6s2f-yosys-0.60/bin/../share/yosys/techmap.v' to AST representation.
verilog frontend filename /nix/store/zlx8k2adfi2x3iglj8r5wkb3fg9k6s2f-yosys-0.60/bin/../share/yosys/techmap.v
Generating RTLIL representation for module `\_90_simplemap_bool_ops'.
Generating RTLIL representation for module `\_90_simplemap_reduce_ops'.
Generating RTLIL representation for module `\_90_simplemap_logic_ops'.
Generating RTLIL representation for module `\_90_simplemap_compare_ops'.
Generating RTLIL representation for module `\_90_simplemap_various'.
Generating RTLIL representation for module `\_90_simplemap_registers'.
Generating RTLIL representation for module `\_90_shift_ops_shr_shl_sshl_sshr'.
Generating RTLIL representation for module `\_90_shift_shiftx'.
Generating RTLIL representation for module `\_90_fa'.
Generating RTLIL representation for module `\_90_lcu_brent_kung'.
Generating RTLIL representation for module `\_90_alu'.
Generating RTLIL representation for module `\_90_macc'.
Generating RTLIL representation for module `\_90_alumacc'.
Generating RTLIL representation for module `\$__div_mod_u'.
Generating RTLIL representation for module `\$__div_mod_trunc'.
Generating RTLIL representation for module `\_90_div'.
Generating RTLIL representation for module `\_90_mod'.
Generating RTLIL representation for module `\$__div_mod_floor'.
Generating RTLIL representation for module `\_90_divfloor'.
Generating RTLIL representation for module `\_90_modfloor'.
Generating RTLIL representation for module `\_90_pow'.
Generating RTLIL representation for module `\_90_pmux'.
Generating RTLIL representation for module `\_90_demux'.
Generating RTLIL representation for module `\_90_lut'.
Generating RTLIL representation for module `\$connect'.
Generating RTLIL representation for module `\$input_port'.
Successfully finished Verilog frontend.

79.2. Continuing TECHMAP pass.
Using extmapper simplemap for cells of type $and.
Using extmapper simplemap for cells of type $xor.
Using extmapper simplemap for cells of type $adff.
Using extmapper simplemap for cells of type $or.
No more expansions possible.
<suppressed ~202 debug messages>

80. Executing OPT_EXPR pass (perform const folding).
Optimizing module user_project_example.

81. Executing OPT_MERGE pass (detect identical cells).
Finding identical cells in module `\user_project_example'.
Removed a total of 0 cells.

82. Executing OPT_DFF pass (perform DFF optimizations).

83. Executing OPT_CLEAN pass (remove unused cells and wires).
Finding unused cells or wires in module \user_project_example..

84. Executing OPT_EXPR pass (perform const folding).
Optimizing module user_project_example.

85. Executing OPT_MERGE pass (detect identical cells).
Finding identical cells in module `\user_project_example'.
Removed a total of 0 cells.

86. Executing OPT_DFF pass (perform DFF optimizations).

87. Executing OPT_CLEAN pass (remove unused cells and wires).
Finding unused cells or wires in module \user_project_example..

88. Executing ABC pass (technology mapping using ABC).

88.1. Extracting gate netlist of module `\user_project_example' to `<abc-temp-dir>/input.blif'..

88.1.1. Executed ABC.
Extracted 93 gates and 141 wires to a netlist network with 48 inputs and 32 outputs.
Running ABC script: <abc-temp-dir>/abc.script
ABC: UC Berkeley, ABC 1.01 (compiled Jan  1 1980 00:00:00)
ABC: abc 01> abc 01> + read_blif <abc-temp-dir>/input.blif 
ABC: + read_library /tmp/yosys-abc-b4O64n/stdcells.genlib 
ABC: + strash 
ABC: + dretime 
ABC: + map 
ABC: + write_blif <abc-temp-dir>/output.blif 
ABC: 

88.1.2. Re-integrating ABC results.
ABC RESULTS:               AND cells:       31
ABC RESULTS:            ANDNOT cells:       15
ABC RESULTS:                OR cells:        1
ABC RESULTS:              XNOR cells:       30
ABC RESULTS:               XOR cells:       16
ABC RESULTS:        internal signals:       61
ABC RESULTS:           input signals:       48
ABC RESULTS:          output signals:       32
Removing temp directory.
** cmd error: unknown command 'abc'
(this is likely caused by using an alias defined in "abc.rc"
without having this file in the current or parent directory)
Removing global temp directory.

89. Executing OPT pass (performing simple optimizations).

89.1. Executing OPT_EXPR pass (perform const folding).
Optimizing module user_project_example.

89.2. Executing OPT_MERGE pass (detect identical cells).
Finding identical cells in module `\user_project_example'.
Removed a total of 0 cells.

89.3. Executing OPT_DFF pass (perform DFF optimizations).

89.4. Executing OPT_CLEAN pass (remove unused cells and wires).
Finding unused cells or wires in module \user_project_example..
Removed 0 unused cells and 141 unused wires.
<suppressed ~62 debug messages>

89.5. Finished fast OPT passes.

90. Executing HIERARCHY pass (managing design hierarchy).

90.1. Analyzing design hierarchy..
Top module:  \user_project_example

90.2. Analyzing design hierarchy..
Top module:  \user_project_example
Removed 0 unused modules.

91. Executing CHECK pass (checking for obvious problems).
Checking module user_project_example...
Found and reported 0 problems.

92. Printing statistics.

=== user_project_example ===

        +----------Local Count, excluding submodules.
        | 
      165 wires
      226 wire bits
       87 public wires
      148 public wire bits
        4 ports
       36 port bits
      142 cells
       15   $_ANDNOT_
       31   $_AND_
       32   $_DFF_PN0_
        1   $_OR_
       30   $_XNOR_
       16   $_XOR_
       17   $scopeinfo

93. Executing OPT pass (performing simple optimizations).

93.1. Executing OPT_EXPR pass (perform const folding).
Optimizing module user_project_example.

93.2. Executing OPT_MERGE pass (detect identical cells).
Finding identical cells in module `\user_project_example'.
Removed a total of 0 cells.

93.3. Executing OPT_MUXTREE pass (detect dead branches in mux trees).
Running muxtree optimizer on module \user_project_example..
  Creating internal representation of mux trees.
  No muxes found in this module.
Removed 0 multiplexer ports.

93.4. Executing OPT_REDUCE pass (consolidate $*mux and $reduce_* inputs).
  Optimizing cells in module \user_project_example.
Performed a total of 0 changes.

93.5. Executing OPT_MERGE pass (detect identical cells).
Finding identical cells in module `\user_project_example'.
Removed a total of 0 cells.

93.6. Executing OPT_DFF pass (perform DFF optimizations).

93.7. Executing OPT_CLEAN pass (remove unused cells and wires).
Finding unused cells or wires in module \user_project_example..

93.8. Executing OPT_EXPR pass (perform const folding).
Optimizing module user_project_example.

93.9. Finished fast OPT passes. (There is nothing left to do.)

94. Executing OPT_CLEAN pass (remove unused cells and wires).
Finding unused cells or wires in module \user_project_example..
Removed 17 unused cells and 36 unused wires.
<suppressed ~53 debug messages>
{
   "creator": "Yosys 0.60 (git sha1 5bafeb77dc71e054fa331ab9efa613e6fb0a1c49, clang++ 21.1.2 -fPIC -O3)",
   "invocation": "stat -json -liberty /home/designer/projects/CNN4IC/unic_cass_wrapper_user_project/user_project_example/runs/user_project_run/tmp/c392dab1e4ca498abb4468db3ae7ad80.lib -liberty /home/designer/projects/CNN4IC/unic_cass_wrapper_user_project/user_project_example/runs/user_project_run/tmp/adad9fd3c3dd422b9dff68cd31eaf821.lib ",
   "modules": {
      "\\user_project_example": {
         "num_wires":         129,
         "num_wire_bits":     161,
         "num_pub_wires":     51,
         "num_pub_wire_bits": 83,
         "num_ports":         4,
         "num_port_bits":     36,
         "num_memories":      0,
         "num_memory_bits":   0,
         "num_processes":     0,
         "num_cells":         125,
         "num_submodules":       0,
         "num_cells_by_type": {
            "$_ANDNOT_": 15,
            "$_AND_": 31,
            "$_DFF_PN0_": 32,
            "$_OR_": 1,
            "$_XNOR_": 30,
            "$_XOR_": 16
         }
      }
   },
      "design": {
         "num_wires":         129,
         "num_wire_bits":     161,
         "num_pub_wires":     51,
         "num_pub_wire_bits": 83,
         "num_ports":         4,
         "num_port_bits":     36,
         "num_memories":      0,
         "num_memory_bits":   0,
         "num_processes":     0,
         "num_cells":         125,
         "num_submodules":       0,
         "num_cells_by_type": {
            "$_ANDNOT_": 15,
            "$_AND_": 31,
            "$_DFF_PN0_": 32,
            "$_OR_": 1,
            "$_XNOR_": 30,
            "$_XOR_": 16
         }
      }
}

95. Printing statistics.

=== user_project_example ===

        +----------Local Count, excluding submodules.
        | 
      129 wires
      161 wire bits
       51 public wires
       83 public wire bits
        4 ports
       36 port bits
      125 cells
       15   $_ANDNOT_
       31   $_AND_
       32   $_DFF_PN0_
        1   $_OR_
       30   $_XNOR_
       16   $_XOR_

   Area for cell type $_ANDNOT_ is unknown!
   Area for cell type $_AND_ is unknown!
   Area for cell type $_DFF_PN0_ is unknown!
   Area for cell type $_OR_ is unknown!
   Area for cell type $_XNOR_ is unknown!
   Area for cell type $_XOR_ is unknown!

[INFO] Applying tri-state buffer mapping from '/home/designer/projects/CNN4IC/IHP-Open-PDK/ihp-sg13g2/libs.tech/librelane/sg13g2_stdcell/tribuff_map.v'…

96. Executing TECHMAP pass (map to technology primitives).

96.1. Executing Verilog-2005 frontend: /home/designer/projects/CNN4IC/IHP-Open-PDK/ihp-sg13g2/libs.tech/librelane/sg13g2_stdcell/tribuff_map.v
Parsing Verilog input from `/home/designer/projects/CNN4IC/IHP-Open-PDK/ihp-sg13g2/libs.tech/librelane/sg13g2_stdcell/tribuff_map.v' to AST representation.
verilog frontend filename /home/designer/projects/CNN4IC/IHP-Open-PDK/ihp-sg13g2/libs.tech/librelane/sg13g2_stdcell/tribuff_map.v
Generating RTLIL representation for module `\$_TBUF_'.
Successfully finished Verilog frontend.

96.2. Continuing TECHMAP pass.
No more expansions possible.
<suppressed ~3 debug messages>

97. Executing SIMPLEMAP pass (map simple cells to gate primitives).
[INFO] Applying latch mapping from '/home/designer/projects/CNN4IC/IHP-Open-PDK/ihp-sg13g2/libs.tech/librelane/sg13g2_stdcell/latch_map.v'…

98. Executing TECHMAP pass (map to technology primitives).

98.1. Executing Verilog-2005 frontend: /home/designer/projects/CNN4IC/IHP-Open-PDK/ihp-sg13g2/libs.tech/librelane/sg13g2_stdcell/latch_map.v
Parsing Verilog input from `/home/designer/projects/CNN4IC/IHP-Open-PDK/ihp-sg13g2/libs.tech/librelane/sg13g2_stdcell/latch_map.v' to AST representation.
verilog frontend filename /home/designer/projects/CNN4IC/IHP-Open-PDK/ihp-sg13g2/libs.tech/librelane/sg13g2_stdcell/latch_map.v
Generating RTLIL representation for module `\$_DLATCH_P_'.
Generating RTLIL representation for module `\$_DLATCH_PN0_'.
Generating RTLIL representation for module `\$_DLATCH_N_'.
Generating RTLIL representation for module `\$_DLATCH_NN0_'.
Successfully finished Verilog frontend.

98.2. Continuing TECHMAP pass.
No more expansions possible.
<suppressed ~6 debug messages>

99. Executing SIMPLEMAP pass (map simple cells to gate primitives).

100. Executing DFFLIBMAP pass (mapping DFF cells to sequential cells from liberty file).
  cell sg13g2_dfrbpq_1 (noninv, pins=4, area=48.99) is a direct match for cell type $_DFF_PN0_.
  final dff cell mappings:
    unmapped dff cell: $_DFF_N_
    unmapped dff cell: $_DFF_P_
    unmapped dff cell: $_DFF_NN0_
    unmapped dff cell: $_DFF_NN1_
    unmapped dff cell: $_DFF_NP0_
    unmapped dff cell: $_DFF_NP1_
    \sg13g2_dfrbpq_1 _DFF_PN0_ (.CLK( C), .D( D), .Q( Q), .RESET_B( R));
    unmapped dff cell: $_DFF_PN1_
    unmapped dff cell: $_DFF_PP0_
    unmapped dff cell: $_DFF_PP1_
    unmapped dff cell: $_DFFE_NN_
    unmapped dff cell: $_DFFE_NP_
    unmapped dff cell: $_DFFE_PN_
    unmapped dff cell: $_DFFE_PP_
    unmapped dff cell: $_DFFSR_NNN_
    unmapped dff cell: $_DFFSR_NNP_
    unmapped dff cell: $_DFFSR_NPN_
    unmapped dff cell: $_DFFSR_NPP_
    unmapped dff cell: $_DFFSR_PNN_
    unmapped dff cell: $_DFFSR_PNP_
    unmapped dff cell: $_DFFSR_PPN_
    unmapped dff cell: $_DFFSR_PPP_

100.1. Executing DFFLEGALIZE pass (convert FFs to types supported by the target).
<suppressed ~4 debug messages>
Mapping DFF cells in module `\user_project_example':
  mapped 32 $_DFF_PN0_ cells to \sg13g2_dfrbpq_1 cells.
{
   "creator": "Yosys 0.60 (git sha1 5bafeb77dc71e054fa331ab9efa613e6fb0a1c49, clang++ 21.1.2 -fPIC -O3)",
   "invocation": "stat -json -liberty /home/designer/projects/CNN4IC/unic_cass_wrapper_user_project/user_project_example/runs/user_project_run/tmp/c392dab1e4ca498abb4468db3ae7ad80.lib -liberty /home/designer/projects/CNN4IC/unic_cass_wrapper_user_project/user_project_example/runs/user_project_run/tmp/adad9fd3c3dd422b9dff68cd31eaf821.lib ",
   "modules": {
      "\\user_project_example": {
         "num_wires":         129,
         "num_wire_bits":     161,
         "num_pub_wires":     51,
         "num_pub_wire_bits": 83,
         "num_ports":         4,
         "num_port_bits":     36,
         "num_memories":      0,
         "num_memory_bits":   0,
         "num_processes":     0,
         "num_cells":         125,
         "num_submodules":       0,
         "area":              1567.641600,
         "sequential_area":    1567.641600,
         "num_cells_by_type": {
            "$_ANDNOT_": 15,
            "$_AND_": 31,
            "$_OR_": 1,
            "$_XNOR_": 30,
            "$_XOR_": 16,
            "sg13g2_dfrbpq_1": 32
         }
      }
   },
      "design": {
         "num_wires":         129,
         "num_wire_bits":     161,
         "num_pub_wires":     51,
         "num_pub_wire_bits": 83,
         "num_ports":         4,
         "num_port_bits":     36,
         "num_memories":      0,
         "num_memory_bits":   0,
         "num_processes":     0,
         "num_cells":         125,
         "num_submodules":       0,
         "area":              1567.641600,
         "sequential_area":    1567.641600,
         "num_cells_by_type": {
            "$_ANDNOT_": 15,
            "$_AND_": 31,
            "$_OR_": 1,
            "$_XNOR_": 30,
            "$_XOR_": 16,
            "sg13g2_dfrbpq_1": 32
         }
      }
}

101. Printing statistics.

=== user_project_example ===

        +----------Local Count, excluding submodules.
        |        +-Local Area, excluding submodules.
        |        | 
      129        - wires
      161        - wire bits
       51        - public wires
       83        - public wire bits
        4        - ports
       36        - port bits
      125 1.57E+03 cells
       15        -   $_ANDNOT_
       31        -   $_AND_
        1        -   $_OR_
       30        -   $_XNOR_
       16        -   $_XOR_
       32 1.57E+03   sg13g2_dfrbpq_1

   Area for cell type $_ANDNOT_ is unknown!
   Area for cell type $_AND_ is unknown!
   Area for cell type $_OR_ is unknown!
   Area for cell type $_XNOR_ is unknown!
   Area for cell type $_XOR_ is unknown!

   Chip area for module '\user_project_example': 1567.641600
     of which used for sequential elements: 1567.641600 (100.00%)

[INFO] Using generated ABC script '/home/designer/projects/CNN4IC/unic_cass_wrapper_user_project/user_project_example/runs/user_project_run/06-yosys-synthesis/AREA_0.abc'…

102. Executing ABC pass (technology mapping using ABC).

102.1. Extracting gate netlist of module `\user_project_example' to `/tmp/yosys-abc-tMvqJM/input.blif'..
Library with only 0 cell classes cannot be used.

102.1.1. Executed ABC.
Extracted 93 gates and 141 wires to a netlist network with 48 inputs and 32 outputs.
Running ABC script: /tmp/yosys-abc-tMvqJM/abc.script
ABC: UC Berkeley, ABC 1.01 (compiled Jan  1 1980 00:00:00)
ABC: abc 01> abc 01> + read_blif /tmp/yosys-abc-tMvqJM/input.blif 
ABC: + read_lib -w /home/designer/projects/CNN4IC/unic_cass_wrapper_user_project/user_project_example/runs/user_project_run/tmp/c392dab1e4ca498abb4468db3ae7ad80.lib 
ABC: Parsing finished successfully.  Parsing time =     0.00 sec
ABC: Scl_LibertyReadGenlib() skipped cell "sg13g2_IOPadIOVdd" without logic function.
ABC: Scl_LibertyReadGenlib() skipped cell "sg13g2_IOPadIOVss" without logic function.
ABC: Scl_LibertyReadGenlib() skipped cell "sg13g2_IOPadIn" due to dont_use attribute.
ABC: Scl_LibertyReadGenlib() skipped cell "sg13g2_IOPadInOut16mA" due to dont_use attribute.
ABC: Scl_LibertyReadGenlib() skipped cell "sg13g2_IOPadInOut30mA" due to dont_use attribute.
ABC: Scl_LibertyReadGenlib() skipped cell "sg13g2_IOPadInOut4mA" due to dont_use attribute.
ABC: Scl_LibertyReadGenlib() skipped cell "sg13g2_IOPadOut16mA" due to dont_use attribute.
ABC: Scl_LibertyReadGenlib() skipped cell "sg13g2_IOPadOut30mA" due to dont_use attribute.
ABC: Scl_LibertyReadGenlib() skipped cell "sg13g2_IOPadOut4mA" due to dont_use attribute.
ABC: Scl_LibertyReadGenlib() skipped cell "sg13g2_IOPadTriOut16mA" due to dont_use attribute.
ABC: Scl_LibertyReadGenlib() skipped cell "sg13g2_IOPadTriOut30mA" due to dont_use attribute.
ABC: Scl_LibertyReadGenlib() skipped cell "sg13g2_IOPadTriOut4mA" due to dont_use attribute.
ABC: Scl_LibertyReadGenlib() skipped cell "sg13g2_IOPadVdd" without logic function.
ABC: Scl_LibertyReadGenlib() skipped cell "sg13g2_IOPadVss" without logic function.
ABC: Scl_LibertyReadGenlib() skipped cell "sg13g2_IOPadAnalog" due to dont_use attribute.
ABC: Library "sg13g2_io_typ_1p2V_3p3V_25C" from "/home/designer/projects/CNN4IC/unic_cass_wrapper_user_project/user_project_example/runs/user_project_run/tmp/c392dab1e4ca498abb4468db3ae7ad80.lib" has 0 cells (15 skipped: 0 seq; 0 tri-state; 4 no func; 11 dont_use; 0 with 2 outputs; 0 with 3+ outputs).  Time =     0.00 sec
ABC: Memory =    0.38 MB. Time =     0.00 sec
ABC: + read_lib -m -w /home/designer/projects/CNN4IC/unic_cass_wrapper_user_project/user_project_example/runs/user_project_run/tmp/adad9fd3c3dd422b9dff68cd31eaf821.lib 
ABC: Parsing finished successfully.  Parsing time =     0.01 sec
ABC: Scl_LibertyReadGenlib() skipped cell "sg13g2_antennanp" due to dont_use attribute.
ABC: Scl_LibertyReadGenlib() skipped cell "sg13g2_decap_4" due to dont_use attribute.
ABC: Scl_LibertyReadGenlib() skipped cell "sg13g2_decap_8" due to dont_use attribute.
ABC: Scl_LibertyReadGenlib() skipped sequential cell "sg13g2_dfrbp_1".
ABC: Scl_LibertyReadGenlib() skipped sequential cell "sg13g2_dfrbpq_1".
ABC: Scl_LibertyReadGenlib() skipped sequential cell "sg13g2_dfrbpq_2".
ABC: Scl_LibertyReadGenlib() skipped sequential cell "sg13g2_dlhq_1".
ABC: Scl_LibertyReadGenlib() skipped sequential cell "sg13g2_dlhr_1".
ABC: Scl_LibertyReadGenlib() skipped sequential cell "sg13g2_dlhrq_1".
ABC: Scl_LibertyReadGenlib() skipped sequential cell "sg13g2_dllr_1".
ABC: Scl_LibertyReadGenlib() skipped sequential cell "sg13g2_dllrq_1".
ABC: Scl_LibertyReadGenlib() skipped three-state cell "sg13g2_ebufn_2".
ABC: Scl_LibertyReadGenlib() skipped three-state cell "sg13g2_ebufn_4".
ABC: Scl_LibertyReadGenlib() skipped three-state cell "sg13g2_ebufn_8".
ABC: Scl_LibertyReadGenlib() skipped three-state cell "sg13g2_einvn_2".
ABC: Scl_LibertyReadGenlib() skipped three-state cell "sg13g2_einvn_4".
ABC: Scl_LibertyReadGenlib() skipped three-state cell "sg13g2_einvn_8".
ABC: Scl_LibertyReadGenlib() skipped cell "sg13g2_fill_1" due to dont_use attribute.
ABC: Scl_LibertyReadGenlib() skipped cell "sg13g2_fill_2" due to dont_use attribute.
ABC: Scl_LibertyReadGenlib() skipped cell "sg13g2_fill_4" due to dont_use attribute.
ABC: Scl_LibertyReadGenlib() skipped cell "sg13g2_fill_8" due to dont_use attribute.
ABC: Scl_LibertyReadGenlib() skipped sequential cell "sg13g2_sdfrbp_1".
ABC: Scl_LibertyReadGenlib() skipped sequential cell "sg13g2_sdfrbp_2".
ABC: Scl_LibertyReadGenlib() skipped sequential cell "sg13g2_sdfrbpq_1".
ABC: Scl_LibertyReadGenlib() skipped sequential cell "sg13g2_sdfrbpq_2".
ABC: Library "sg13g2_stdcell_typ_1p20V_25C" from "/home/designer/projects/CNN4IC/unic_cass_wrapper_user_project/user_project_example/runs/user_project_run/tmp/adad9fd3c3dd422b9dff68cd31eaf821.lib" has 54 cells (25 skipped: 12 seq; 6 tri-state; 0 no func; 7 dont_use; 0 with 2 outputs; 0 with 3+ outputs).  Time =     0.01 sec
ABC: Memory =    2.63 MB. Time =     0.01 sec
ABC: + read_constr -v /home/designer/projects/CNN4IC/unic_cass_wrapper_user_project/user_project_example/runs/user_project_run/06-yosys-synthesis/synthesis.abc.sdc 
ABC: Setting driving cell to be "sg13g2_buf_4/X".
ABC: Setting output load to be 6.000000.
ABC: + source /home/designer/projects/CNN4IC/unic_cass_wrapper_user_project/user_project_example/runs/user_project_run/06-yosys-synthesis/AREA_0.abc 
ABC: Error: The network is combinational.
ABC: Cannot find the default PI driving cell (sg13g2_buf_4/X) in the library.
ABC: WireLoad = "none"  Gates =     93 (  0.0 %)   Cap =  6.8 ff (  0.0 %)   Area =      928.97 (100.0 %)   Delay =   205.89 ps  ( 32.3 %)               
ABC: Path  0 --       2 : 0    3 pi             A =   0.00  Df =   0.0   -0.0 ps  S =   0.0 ps  Cin =  0.0 ff  Cout =  11.3 ff  Cmax =   0.0 ff  G =    0  
ABC: Path  1 --      84 : 2    1 sg13g2_xor2_1  A =  14.52  Df =  91.9   -1.0 ps  S =  70.2 ps  Cin =  5.4 ff  Cout =   5.1 ff  Cmax = 300.0 ff  G =   93  
ABC: Path  2 --      85 : 2    1 sg13g2_xnor2_1 A =  14.52  Df = 205.9   -9.4 ps  S =  86.6 ps  Cin =  5.4 ff  Cout =   6.0 ff  Cmax = 300.0 ff  G =  112  
ABC: Start-point = pi1 (\spm_inst.genblk1[14].csa.y).  End-point = po0 (\spm_inst.genblk1[14].csa.hsum2).
ABC: netlist                       : i/o =   48/   32  lat =    0  nd =    93  edge =    201  area =929.20  delay = 2.00  lev = 2
ABC: + write_blif /tmp/yosys-abc-tMvqJM/output.blif 
ABC:                                                                                

102.1.2. Re-integrating ABC results.
ABC RESULTS:    sg13g2_nand2_1 cells:       31
ABC RESULTS:   sg13g2_nand2b_1 cells:        1
ABC RESULTS:     sg13g2_nor2_1 cells:       15
ABC RESULTS:    sg13g2_o21ai_1 cells:       15
ABC RESULTS:    sg13g2_xnor2_1 cells:       16
ABC RESULTS:     sg13g2_xor2_1 cells:       15
ABC RESULTS:        internal signals:       61
ABC RESULTS:           input signals:       48
ABC RESULTS:          output signals:       32
Removing temp directory.
** cmd error: unknown command 'abc'
(this is likely caused by using an alias defined in "abc.rc"
without having this file in the current or parent directory)
Removing global temp directory.

103. Executing SETUNDEF pass (replace undef values with defined constants).

104. Executing HILOMAP pass (mapping to constant drivers).

105. Executing SPLITNETS pass (splitting up multi-bit signals).

106. Executing OPT_CLEAN pass (remove unused cells and wires).
Finding unused cells or wires in module \user_project_example..
Removed 0 unused cells and 157 unused wires.
<suppressed ~1 debug messages>

107. Executing INSBUF pass (insert buffer cells for connected wires).
Add user_project_example/$auto$insbuf.cc:97:execute$477: \spm_inst.csa0.sum -> \uo_CORE2PAD [0]

108. Executing CHECK pass (checking for obvious problems).
Checking module user_project_example...
Found and reported 0 problems.
{
   "creator": "Yosys 0.60 (git sha1 5bafeb77dc71e054fa331ab9efa613e6fb0a1c49, clang++ 21.1.2 -fPIC -O3)",
   "invocation": "stat -json -liberty /home/designer/projects/CNN4IC/unic_cass_wrapper_user_project/user_project_example/runs/user_project_run/tmp/c392dab1e4ca498abb4468db3ae7ad80.lib -liberty /home/designer/projects/CNN4IC/unic_cass_wrapper_user_project/user_project_example/runs/user_project_run/tmp/adad9fd3c3dd422b9dff68cd31eaf821.lib ",
   "modules": {
      "\\user_project_example": {
         "num_wires":         129,
         "num_wire_bits":     161,
         "num_pub_wires":     51,
         "num_pub_wire_bits": 83,
         "num_ports":         4,
         "num_port_bits":     36,
         "num_memories":      0,
         "num_memory_bits":   0,
         "num_processes":     0,
         "num_cells":         142,
         "num_submodules":       0,
         "area":              2619.993600,
         "sequential_area":    1567.641600,
         "num_cells_by_type": {
            "sg13g2_buf_1": 1,
            "sg13g2_dfrbpq_1": 32,
            "sg13g2_nand2_1": 31,
            "sg13g2_nand2b_1": 1,
            "sg13g2_nor2_1": 15,
            "sg13g2_o21ai_1": 15,
            "sg13g2_tiehi": 1,
            "sg13g2_tielo": 15,
            "sg13g2_xnor2_1": 16,
            "sg13g2_xor2_1": 15
         }
      }
   },
      "design": {
         "num_wires":         129,
         "num_wire_bits":     161,
         "num_pub_wires":     51,
         "num_pub_wire_bits": 83,
         "num_ports":         4,
         "num_port_bits":     36,
         "num_memories":      0,
         "num_memory_bits":   0,
         "num_processes":     0,
         "num_cells":         142,
         "num_submodules":       0,
         "area":              2619.993600,
         "sequential_area":    1567.641600,
         "num_cells_by_type": {
            "sg13g2_buf_1": 1,
            "sg13g2_dfrbpq_1": 32,
            "sg13g2_nand2_1": 31,
            "sg13g2_nand2b_1": 1,
            "sg13g2_nor2_1": 15,
            "sg13g2_o21ai_1": 15,
            "sg13g2_tiehi": 1,
            "sg13g2_tielo": 15,
            "sg13g2_xnor2_1": 16,
            "sg13g2_xor2_1": 15
         }
      }
}

109. Printing statistics.

=== user_project_example ===

        +----------Local Count, excluding submodules.
        |        +-Local Area, excluding submodules.
        |        | 
      129        - wires
      161        - wire bits
       51        - public wires
       83        - public wire bits
        4        - ports
       36        - port bits
      142 2.62E+03 cells
        1    7.258   sg13g2_buf_1
       32 1.57E+03   sg13g2_dfrbpq_1
       31  224.986   sg13g2_nand2_1
        1    9.072   sg13g2_nand2b_1
       15  108.864   sg13g2_nor2_1
       15   136.08   sg13g2_o21ai_1
        1    7.258   sg13g2_tiehi
       15  108.864   sg13g2_tielo
       16  232.243   sg13g2_xnor2_1
       15  217.728   sg13g2_xor2_1

   Chip area for module '\user_project_example': 2619.993600
     of which used for sequential elements: 1567.641600 (59.83%)

110. Executing Verilog backend.
Dumping module `\user_project_example'.

111. Executing JSON backend.
